02-19 06:33:49.230   783   783 I wificond: Pno scan started for frequencies: 2412, 2417, 2422, 2427, 2432, 2437, 2447, 2452, 2457, 2462, 5180, 5200, 5220, 5240, 5745, 5765, 5785, 5805, 
02-19 06:33:49.832   783   783 I wificond: Pno scan result ready event
02-19 06:33:49.877   783   783 W wificond: Scan is not started. Ignore abort request
02-19 06:33:50.186   783   783 I wificond: Pno scan stopped
02-19 06:33:50.596   675   926 E NetlinkEvent: NetlinkEvent::FindParam(): Parameter 'INTERFACE' not found
02-19 06:33:50.596   675   926 E NetlinkEvent: NetlinkEvent::FindParam(): Parameter 'STATE' not found
02-19 06:33:50.596   675   926 E NetlinkEvent: NetlinkEvent::FindParam(): Parameter 'TIME_NS' not found
02-19 06:33:50.596   675   926 E NetlinkEvent: NetlinkEvent::FindParam(): Parameter 'UID' not found
02-19 06:33:51.258  1405 12425 I chatty  : uid=1000(system) com.oculus.unifiedtelemetry expire 1 line
02-19 06:33:51.454  1405 12426 I chatty  : uid=1000(system) com.oculus.unifiedtelemetry expire 1 line
02-19 06:33:51.601  1405 12446 I chatty  : uid=1000(system) com.oculus.unifiedtelemetry expire 1 line
02-19 06:34:02.927   783   783 W wificond: No pno scan started
02-19 06:34:02.928   783   783 W wificond: Scheduled scan is not running!
02-19 06:34:02.929   724   724 W android.hardware.wifi@1.0-service: No active wlan interfaces in use! Using default
02-19 06:34:03.366   783   783 I wificond: Unsubscribe scan result for interface with index: 7
02-19 06:34:03.437   724 12346 I android.hardware.wifi@1.0-service: Legacy HAL stop complete callback received
02-19 06:34:03.438   724   724 I android.hardware.wifi@1.0-service: Wifi HAL stopped
02-19 06:34:03.440  1006  1114 I chatty  : uid=1000(system) ConnectivitySer expire 29 lines
02-19 06:34:03.522  1405 12467 I chatty  : uid=1000(system) com.oculus.unifiedtelemetry expire 1 line
02-19 08:05:16.723   724   724 I android.hardware.wifi@1.0-service: Wifi HAL started
02-19 08:05:17.932   724   724 I android.hardware.wifi@1.0-service: Adding interface handle for p2p0
02-19 08:05:17.932   724   724 I android.hardware.wifi@1.0-service: Adding interface handle for wlan0
02-19 08:05:17.932   724   724 W android.hardware.wifi@1.0-service: No active wlan interfaces in use! Using default
02-19 08:05:17.932   724   724 W android.hardware.wifi@1.0-service: No active wlan interfaces in use! Using default
02-19 08:05:17.934   724   724 I android.hardware.wifi@1.0-service: Configured chip in mode 3
02-19 08:05:17.934   724   724 W android.hardware.wifi@1.0-service: No active wlan interfaces in use! Using default
02-19 08:05:17.946   724   724 W android.hardware.wifi@1.0-service: No active wlan interfaces in use! Using default
02-19 08:05:17.962   783   783 I wificond: create scanner for interface with index: 7
02-19 08:05:17.962   783   783 I wificond: subscribe scan result for interface with index: 7
02-19 08:05:17.965   783   783 E wificond: No Offload Service available
02-19 08:05:17.965   783   783 I wificond: Offload HAL not supported 
02-19 08:05:18.035   783   783 I wificond: Pno scan started for frequencies: 2412, 2417, 2422, 2427, 2432, 2437, 2447, 2452, 2457, 2462, 5180, 5200, 5220, 5240, 5745, 5765, 5785, 5805, 
02-19 08:05:18.108  1006  1049 I chatty  : uid=1000(system) batterystats-wo expire 17 lines
02-19 08:05:18.682   783   783 I wificond: Pno scan result ready event
02-19 08:05:18.725   783   783 W wificond: Scan is not started. Ignore abort request
02-19 08:05:19.120   783   783 I wificond: Pno scan stopped
02-19 08:05:19.657   675   926 E NetlinkEvent: NetlinkEvent::FindParam(): Parameter 'INTERFACE' not found
02-19 08:05:19.657   675   926 E NetlinkEvent: NetlinkEvent::FindParam(): Parameter 'STATE' not found
02-19 08:05:19.657   675   926 E NetlinkEvent: NetlinkEvent::FindParam(): Parameter 'TIME_NS' not found
02-19 08:05:19.657   675   926 E NetlinkEvent: NetlinkEvent::FindParam(): Parameter 'UID' not found
02-19 08:05:19.810  1405 13488 I chatty  : uid=1000(system) com.oculus.unifiedtelemetry expire 1 line
02-19 08:05:20.121  1405 13496 I chatty  : uid=1000(system) com.oculus.unifiedtelemetry expire 1 line
02-19 08:05:20.515  1405 13522 I chatty  : uid=1000(system) com.oculus.unifiedtelemetry expire 1 line
02-19 08:05:23.613  1006 15692 I chatty  : uid=1000(system) Binder:1006_1A expire 9 lines
02-19 08:05:23.744  1405 13531 I chatty  : uid=1000(system) com.oculus.unifiedtelemetry expire 1 line
02-19 08:05:25.874  1405 13543 I chatty  : uid=1000(system) com.oculus.unifiedtelemetry expire 1 line
02-19 08:06:38.013  1405 13610 I chatty  : uid=1000(system) com.oculus.unifiedtelemetry expire 1 line
02-19 08:06:59.261  1006  1056 I chatty  : uid=1000(system) PackageManager expire 21 lines
02-19 08:07:00.054  1006  1006 I chatty  : uid=1000 system_server expire 21 lines
02-19 08:11:12.402  1006  4852 I chatty  : uid=1000(system) Binder:1006_E expire 13 lines
02-19 08:17:49.418  1006  1114 I chatty  : uid=1000(system) ConnectivitySer expire 38 lines
02-19 08:17:49.436   783   783 W wificond: No pno scan started
02-19 08:17:49.436   783   783 W wificond: Scheduled scan is not running!
02-19 08:17:49.442   724   724 W android.hardware.wifi@1.0-service: No active wlan interfaces in use! Using default
02-19 08:17:49.448  1006  1049 I chatty  : uid=1000(system) batterystats-wo expire 26 lines
02-19 08:17:49.585   783   783 I wificond: Unsubscribe scan result for interface with index: 7
02-19 08:17:49.660   724 13429 I android.hardware.wifi@1.0-service: Legacy HAL stop complete callback received
02-19 08:17:49.661   724   724 I android.hardware.wifi@1.0-service: Wifi HAL stopped
02-19 08:17:49.851  1405 13900 I chatty  : uid=1000(system) com.oculus.unifiedtelemetry expire 1 line
02-19 08:28:19.346  1006  1107 I chatty  : uid=1000(system) NetworkStats expire 10 lines
02-19 10:05:31.268   724   724 I android.hardware.wifi@1.0-service: Wifi HAL started
02-19 10:05:32.593   724   724 I android.hardware.wifi@1.0-service: Adding interface handle for p2p0
02-19 10:05:32.593   724   724 I android.hardware.wifi@1.0-service: Adding interface handle for wlan0
02-19 10:05:32.593   724   724 W android.hardware.wifi@1.0-service: No active wlan interfaces in use! Using default
02-19 10:05:32.593   724   724 W android.hardware.wifi@1.0-service: No active wlan interfaces in use! Using default
02-19 10:05:32.595   724   724 I android.hardware.wifi@1.0-service: Configured chip in mode 3
02-19 10:05:32.595   724   724 W android.hardware.wifi@1.0-service: No active wlan interfaces in use! Using default
02-19 10:05:32.603   724   724 W android.hardware.wifi@1.0-service: No active wlan interfaces in use! Using default
02-19 10:05:32.619   783   783 I wificond: create scanner for interface with index: 7
02-19 10:05:32.619   783   783 I wificond: subscribe scan result for interface with index: 7
02-19 10:05:32.625   783   783 E wificond: No Offload Service available
02-19 10:05:32.625   783   783 I wificond: Offload HAL not supported 
02-19 10:05:32.722   783   783 I wificond: Pno scan started for frequencies: 2412, 2417, 2422, 2427, 2432, 2437, 2447, 2452, 2457, 2462, 5180, 5200, 5220, 5240, 5745, 5765, 5785, 5805, 
02-19 10:05:33.309   783   783 I wificond: Pno scan result ready event
02-19 10:05:33.354   783   783 W wificond: Scan is not started. Ignore abort request
02-19 10:05:33.686   783   783 I wificond: Pno scan stopped
02-19 10:05:34.145   675   926 E NetlinkEvent: NetlinkEvent::FindParam(): Parameter 'INTERFACE' not found
02-19 10:05:34.145   675   926 E NetlinkEvent: NetlinkEvent::FindParam(): Parameter 'STATE' not found
02-19 10:05:34.145   675   926 E NetlinkEvent: NetlinkEvent::FindParam(): Parameter 'TIME_NS' not found
02-19 10:05:34.145   675   926 E NetlinkEvent: NetlinkEvent::FindParam(): Parameter 'UID' not found
02-19 10:05:34.369  1405 15095 I chatty  : uid=1000(system) com.oculus.unifiedtelemetry expire 1 line
02-19 10:05:34.467  1405 15120 I chatty  : uid=1000(system) com.oculus.unifiedtelemetry expire 1 line
02-19 10:05:34.648  1405 15129 I chatty  : uid=1000(system) com.oculus.unifiedtelemetry expire 1 line
02-19 10:05:34.649  1405 15098 I chatty  : uid=1000(system) com.oculus.unifiedtelemetry expire 1 line
02-19 10:05:34.732  1405 15131 I chatty  : uid=1000(system) com.oculus.unifiedtelemetry expire 1 line
02-19 10:05:34.978  1405 15136 I chatty  : uid=1000(system) com.oculus.unifiedtelemetry expire 1 line
02-19 10:05:35.706  1006  1044 I chatty  : uid=1000(system) ActivityManager expire 8 lines
02-19 10:05:46.122   783   783 W wificond: No pno scan started
02-19 10:05:46.122   783   783 W wificond: Scheduled scan is not running!
02-19 10:05:46.125   724   724 W android.hardware.wifi@1.0-service: No active wlan interfaces in use! Using default
02-19 10:06:32.126   783   783 I wificond: Unsubscribe scan result for interface with index: 7
02-19 10:06:32.188   724 15013 I android.hardware.wifi@1.0-service: Legacy HAL stop complete callback received
02-19 10:06:32.189   724   724 I android.hardware.wifi@1.0-service: Wifi HAL stopped
02-19 10:06:32.192  1006  1114 I chatty  : uid=1000(system) ConnectivitySer expire 30 lines
02-19 10:06:32.265  1405 15158 I chatty  : uid=1000(system) com.oculus.unifiedtelemetry expire 1 line
02-19 10:16:40.813  1006  1037 I chatty  : uid=1000(system) android.io expire 11 lines
02-19 10:16:40.869   724   724 I android.hardware.wifi@1.0-service: Wifi HAL started
02-19 10:16:41.976   724   724 I android.hardware.wifi@1.0-service: Adding interface handle for p2p0
02-19 10:16:41.976   724   724 I android.hardware.wifi@1.0-service: Adding interface handle for wlan0
02-19 10:16:41.976   724   724 W android.hardware.wifi@1.0-service: No active wlan interfaces in use! Using default
02-19 10:16:41.976   724   724 W android.hardware.wifi@1.0-service: No active wlan interfaces in use! Using default
02-19 10:16:41.978   724   724 I android.hardware.wifi@1.0-service: Configured chip in mode 3
02-19 10:16:41.978   724   724 W android.hardware.wifi@1.0-service: No active wlan interfaces in use! Using default
02-19 10:16:41.998   724   724 W android.hardware.wifi@1.0-service: No active wlan interfaces in use! Using default
02-19 10:16:42.016   783   783 I wificond: create scanner for interface with index: 7
02-19 10:16:42.016   783   783 I wificond: subscribe scan result for interface with index: 7
02-19 10:16:42.019   783   783 E wificond: No Offload Service available
02-19 10:16:42.019   783   783 I wificond: Offload HAL not supported 
02-19 10:16:42.099   783   783 I wificond: Pno scan started for frequencies: 2412, 2417, 2422, 2427, 2432, 2437, 2447, 2452, 2457, 2462, 5180, 5200, 5220, 5240, 5745, 5765, 5785, 5805, 
02-19 10:16:42.675   783   783 I wificond: Pno scan result ready event
02-19 10:16:42.702   783   783 W wificond: Scan is not started. Ignore abort request
02-19 10:16:42.992   783   783 I wificond: Pno scan stopped
02-19 10:16:43.390   675   926 E NetlinkEvent: NetlinkEvent::FindParam(): Parameter 'INTERFACE' not found
02-19 10:16:43.390   675   926 E NetlinkEvent: NetlinkEvent::FindParam(): Parameter 'STATE' not found
02-19 10:16:43.390   675   926 E NetlinkEvent: NetlinkEvent::FindParam(): Parameter 'TIME_NS' not found
02-19 10:16:43.390   675   926 E NetlinkEvent: NetlinkEvent::FindParam(): Parameter 'UID' not found
02-19 10:16:44.175  1405 15378 I chatty  : uid=1000(system) com.oculus.unifiedtelemetry expire 1 line
02-19 10:16:44.520  1405 15399 I chatty  : uid=1000(system) com.oculus.unifiedtelemetry expire 1 line
02-19 10:16:50.606  1006 10308 I chatty  : uid=1000(system) Binder:1006_17 expire 4 lines
02-19 10:17:01.144  1006  1035 I chatty  : uid=1000(system) android.fg expire 14 lines
02-19 10:17:02.197  1405 15500 I chatty  : uid=1000(system) com.oculus.unifiedtelemetry expire 1 line
02-19 10:17:03.911  1006  1038 I chatty  : uid=1000(system) android.display expire 26 lines
02-19 10:17:47.333  1006  1043 I chatty  : uid=1000(system) android.bg expire 11 lines
02-19 10:18:05.443  1405 15563 I chatty  : uid=1000(system) com.oculus.unifiedtelemetry expire 1 line
02-19 10:22:40.129  1006  1036 I chatty  : uid=1000(system) android.ui expire 17 lines
02-19 10:22:44.735  1006  1053 I chatty  : uid=1000(system) PowerManagerSer expire 11 lines
02-19 10:22:47.445  1006  9599 I chatty  : uid=1000(system) Binder:1006_15 expire 12 lines
02-19 10:22:48.976  1405 15774 I chatty  : uid=1000(system) com.oculus.unifiedtelemetry expire 1 line
02-19 10:22:49.406  1405 15752 I chatty  : uid=1000(system) com.oculus.unifiedtelemetry expire 1 line
02-19 10:22:50.804  1405 15845 I chatty  : uid=1000(system) com.oculus.unifiedtelemetry expire 1 line
02-19 10:22:52.288  1405 15901 I chatty  : uid=1000(system) com.oculus.unifiedtelemetry expire 1 line
02-19 10:22:53.249  1006  1778 I chatty  : uid=1000(system) LazyTaskWriterT expire 10 lines
02-19 10:22:53.269  1006  3671 I chatty  : uid=1000(system) Binder:1006_C expire 4 lines
02-19 10:22:55.270  1405 15935 I chatty  : uid=1000(system) com.oculus.unifiedtelemetry expire 1 line
02-19 10:22:55.920  1405 15945 I chatty  : uid=1000(system) com.oculus.unifiedtelemetry expire 1 line
02-19 10:23:03.206  1405 15979 I chatty  : uid=1000(system) com.oculus.unifiedtelemetry expire 1 line
02-19 10:23:23.428  1405 16060 I chatty  : uid=1000(system) com.oculus.unifiedtelemetry expire 1 line
02-19 10:23:43.303  1405 16131 I chatty  : uid=1000(system) com.oculus.unifiedtelemetry expire 1 line
02-19 10:24:02.083 17111 17111 E ActivityThread: Service com.weloveoculus.BMBFService has leaked IntentReceiver com.weloveoculus.BMBFService_UninstallBroadcastReceiver@c42ce49 that was originally registered here. Are you missing a call to unregisterReceiver()?
02-19 10:24:02.083 17111 17111 E ActivityThread: android.app.IntentReceiverLeaked: Service com.weloveoculus.BMBFService has leaked IntentReceiver com.weloveoculus.BMBFService_UninstallBroadcastReceiver@c42ce49 that was originally registered here. Are you missing a call to unregisterReceiver()?
02-19 10:24:02.083 17111 17111 E ActivityThread: 	at android.app.LoadedApk$ReceiverDispatcher.<init>(LoadedApk.java:1592)
02-19 10:24:02.083 17111 17111 E ActivityThread: 	at android.app.LoadedApk.getReceiverDispatcher(LoadedApk.java:1372)
02-19 10:24:02.083 17111 17111 E ActivityThread: 	at android.app.ContextImpl.registerReceiverInternal(ContextImpl.java:1527)
02-19 10:24:02.083 17111 17111 E ActivityThread: 	at android.app.ContextImpl.registerReceiver(ContextImpl.java:1500)
02-19 10:24:02.083 17111 17111 E ActivityThread: 	at android.app.ContextImpl.registerReceiver(ContextImpl.java:1488)
02-19 10:24:02.083 17111 17111 E ActivityThread: 	at android.content.ContextWrapper.registerReceiver(ContextWrapper.java:627)
02-19 10:24:02.083 17111 17111 E ActivityThread: 	at com.weloveoculus.BMBFService.n_onCreate(Native Method)
02-19 10:24:02.083 17111 17111 E ActivityThread: 	at com.weloveoculus.BMBFService.onCreate(BMBFService.java:41)
02-19 10:24:02.083 17111 17111 E ActivityThread: 	at android.app.ActivityThread.handleCreateService(ActivityThread.java:3962)
02-19 10:24:02.083 17111 17111 E ActivityThread: 	at android.app.ActivityThread.access$1500(ActivityThread.java:226)
02-19 10:24:02.083 17111 17111 E ActivityThread: 	at android.app.ActivityThread$H.handleMessage(ActivityThread.java:1884)
02-19 10:24:02.083 17111 17111 E ActivityThread: 	at android.os.Handler.dispatchMessage(Handler.java:107)
02-19 10:24:02.083 17111 17111 E ActivityThread: 	at android.os.Looper.loop(Looper.java:214)
02-19 10:24:02.083 17111 17111 E ActivityThread: 	at android.app.ActivityThread.main(ActivityThread.java:7387)
02-19 10:24:02.083 17111 17111 E ActivityThread: 	at java.lang.reflect.Method.invoke(Native Method)
02-19 10:24:02.083 17111 17111 E ActivityThread: 	at com.android.internal.os.RuntimeInit$MethodAndArgsCaller.run(RuntimeInit.java:492)
02-19 10:24:02.083 17111 17111 E ActivityThread: 	at com.android.internal.os.ZygoteInit.main(ZygoteInit.java:930)
02-19 10:24:46.017  1405 16152 I chatty  : uid=1000(system) com.oculus.unifiedtelemetry expire 1 line
02-19 10:26:40.331  1405 16188 I chatty  : uid=1000(system) com.oculus.unifiedtelemetry expire 1 line
02-19 10:27:46.187  1405 16214 I chatty  : uid=1000(system) com.oculus.unifiedtelemetry expire 1 line
02-19 10:29:46.412  1405 16283 I chatty  : uid=1000(system) com.oculus.unifiedtelemetry expire 1 line
02-19 10:30:08.003  1006  1006 I chatty  : uid=1000 system_server expire 10 lines
02-19 10:30:08.134  1006  1038 I chatty  : uid=1000(system) android.display expire 30 lines
02-19 10:30:08.456  1405 16306 I chatty  : uid=1000(system) com.oculus.unifiedtelemetry expire 1 line
02-19 10:31:43.039  1006  1049 I chatty  : uid=1000(system) batterystats-wo expire 12 lines
02-19 10:31:44.037  1006  1035 I chatty  : uid=1000(system) android.fg expire 17 lines
02-19 10:32:08.783  1405 16380 I chatty  : uid=1000(system) com.oculus.unifiedtelemetry expire 1 line
02-19 10:33:48.403  1006  1104 I chatty  : uid=1000(system) Binder:1006_3 expire 12 lines
02-19 10:34:38.517  1405 16445 I chatty  : uid=1000(system) com.oculus.unifiedtelemetry expire 1 line
02-19 10:35:26.429  1006  2568 I chatty  : uid=1000(system) Binder:1006_B expire 12 lines
02-19 10:37:12.013  1006  1702 I chatty  : uid=1000(system) AdbDebuggingMan expire 5 lines
02-19 10:37:54.969  1006  4875 I chatty  : uid=1000(system) Binder:1006_F expire 13 lines
02-19 10:38:15.097  1405 16655 I chatty  : uid=1000(system) com.oculus.unifiedtelemetry expire 1 line
02-19 10:40:17.145  1405 16819 I chatty  : uid=1000(system) com.oculus.unifiedtelemetry expire 1 line
02-19 10:40:29.335  1006  1053 I chatty  : uid=1000(system) PowerManagerSer expire 12 lines
02-19 10:40:29.775  1405 16891 I chatty  : uid=1000(system) com.oculus.unifiedtelemetry expire 1 line
02-19 10:40:32.176  1006  1036 I chatty  : uid=1000(system) android.ui expire 16 lines
02-19 10:40:35.721  1405 16995 I chatty  : uid=1000(system) com.oculus.unifiedtelemetry expire 1 line
02-19 10:40:36.924  1405 17067 I chatty  : uid=1000(system) com.oculus.unifiedtelemetry expire 1 line
02-19 10:40:40.162  1405 17106 I chatty  : uid=1000(system) com.oculus.unifiedtelemetry expire 1 line
02-19 10:40:47.491 30251 30309 F libc    : Fatal signal 6 (SIGABRT), code -1 (SI_QUEUE) in tid 30309 (Thread-3), pid 30251 (vrshell:Overlay)
02-19 10:40:47.846 17221 17221 F DEBUG   : *** *** *** *** *** *** *** *** *** *** *** *** *** *** *** ***
02-19 10:40:47.846 17221 17221 F DEBUG   : Build fingerprint: 'oculus/hollywood/hollywood:10/QQ3A.200805.001/13969800083700000:user/release-keys'
02-19 10:40:47.846 17221 17221 F DEBUG   : Revision: '0'
02-19 10:40:47.846 17221 17221 F DEBUG   : ABI: 'arm'
02-19 10:40:47.852 17221 17221 F DEBUG   : Timestamp: 2021-02-19 10:40:47+0000
02-19 10:40:47.853 17221 17221 F DEBUG   : pid: 30251, tid: 30309, name: Thread-3  >>> com.oculus.vrshell:Overlay <<<
02-19 10:40:47.855 17221 17221 F DEBUG   : uid: 10020
02-19 10:40:47.858 17221 17221 F DEBUG   : signal 6 (SIGABRT), code -1 (SI_QUEUE), fault addr --------
02-19 10:40:47.858 17221 17221 F DEBUG   : Abort message: 'Software/SystemShell/Common/AudioLibrary/cpp/AudioEngine.cpp:157: Invariant failure.playBufferQueue cannot be null. Check caller.'
02-19 10:40:47.860 17221 17221 F DEBUG   :     r0  00000000  r1  00007665  r2  00000006  r3  c22331c8
02-19 10:40:47.860 17221 17221 F DEBUG   :     r4  c22331dc  r5  c22331c0  r6  0000762b  r7  0000016b
02-19 10:40:47.861 17221 17221 F DEBUG   :     r8  c22331d8  r9  c22331c8  r10 c22331f8  r11 c22331e8
02-19 10:40:47.861 17221 17221 F DEBUG   :     ip  00007665  sp  c2233198  lr  ebe531fb  pc  ebe5320e
02-19 10:40:50.005 17221 17221 F DEBUG   : 
02-19 10:40:50.005 17221 17221 F DEBUG   : backtrace:
02-19 10:40:50.006 17221 17221 F DEBUG   :       #00 pc 0005e20e  /apex/com.android.runtime/lib/bionic/libc.so (abort+166) (BuildId: 7e897e5635aa3ef130be5057e9ba1df0)
02-19 10:40:50.006 17221 17221 F DEBUG   :       #01 pc 000fa236  <anonymous:c2139000>
02-19 10:40:51.330  1006 17230 I chatty  : uid=1000 system_server expire 1 line
02-19 10:40:51.360  1006  1051 I chatty  : uid=1000(system) FileObserver expire 2 lines
02-19 10:40:51.516  1006  1006 I chatty  : uid=1000 system_server expire 13 lines
02-19 10:40:51.557  1006  1045 I chatty  : uid=1000(system) ActivityManager expire 11 lines
02-19 10:40:51.793  1006 22700 I chatty  : uid=1000(system) Binder:1006_1D expire 12 lines
02-19 10:40:51.793  1006  1026 I chatty  : uid=1000(system) Binder:1006_1 expire 11 lines
02-19 10:40:51.805  1006  1114 I chatty  : uid=1000(system) ConnectivitySer expire 3 lines
02-19 10:40:53.373  1405 17286 I chatty  : uid=1000(system) com.oculus.unifiedtelemetry expire 1 line
02-19 10:40:59.301  1006  9597 I chatty  : uid=1000(system) Binder:1006_14 expire 10 lines
02-19 10:41:00.679  1405 17387 I chatty  : uid=1000(system) com.oculus.unifiedtelemetry expire 1 line
02-19 10:41:20.960  1006  1038 I chatty  : uid=1000(system) android.display expire 13 lines
02-19 10:41:21.114  1006  4999 I chatty  : uid=1000(system) Binder:1006_11 expire 13 lines
02-19 10:41:22.602  1006  1036 I chatty  : uid=1000(system) android.ui expire 3 lines
02-19 10:41:22.845  1405 17455 I chatty  : uid=1000(system) com.oculus.unifiedtelemetry expire 1 line
02-19 10:41:24.916  1405 17462 I chatty  : uid=1000(system) com.oculus.unifiedtelemetry expire 1 line
02-19 10:41:27.145  1405 17469 I chatty  : uid=1000(system) com.oculus.unifiedtelemetry expire 1 line
02-19 10:41:30.708  1006  1136 I chatty  : uid=1000(system) HwBinder:1006_3 expire 1 line
02-19 10:41:30.834  1006  1035 I chatty  : uid=1000(system) android.fg expire 6 lines
02-19 10:41:30.912  1006  1049 I chatty  : uid=1000(system) batterystats-wo expire 10 lines
02-19 10:41:32.972  1405 17512 I chatty  : uid=1000(system) com.oculus.unifiedtelemetry expire 1 line
02-19 10:41:38.279 17111 17111 E ActivityThread: Service com.weloveoculus.BMBFService has leaked IntentReceiver com.weloveoculus.BMBFService_UninstallBroadcastReceiver@733c89f that was originally registered here. Are you missing a call to unregisterReceiver()?
02-19 10:41:38.279 17111 17111 E ActivityThread: android.app.IntentReceiverLeaked: Service com.weloveoculus.BMBFService has leaked IntentReceiver com.weloveoculus.BMBFService_UninstallBroadcastReceiver@733c89f that was originally registered here. Are you missing a call to unregisterReceiver()?
02-19 10:41:38.279 17111 17111 E ActivityThread: 	at android.app.LoadedApk$ReceiverDispatcher.<init>(LoadedApk.java:1592)
02-19 10:41:38.279 17111 17111 E ActivityThread: 	at android.app.LoadedApk.getReceiverDispatcher(LoadedApk.java:1372)
02-19 10:41:38.279 17111 17111 E ActivityThread: 	at android.app.ContextImpl.registerReceiverInternal(ContextImpl.java:1527)
02-19 10:41:38.279 17111 17111 E ActivityThread: 	at android.app.ContextImpl.registerReceiver(ContextImpl.java:1500)
02-19 10:41:38.279 17111 17111 E ActivityThread: 	at android.app.ContextImpl.registerReceiver(ContextImpl.java:1488)
02-19 10:41:38.279 17111 17111 E ActivityThread: 	at android.content.ContextWrapper.registerReceiver(ContextWrapper.java:627)
02-19 10:41:38.279 17111 17111 E ActivityThread: 	at com.weloveoculus.BMBFService.n_onCreate(Native Method)
02-19 10:41:38.279 17111 17111 E ActivityThread: 	at com.weloveoculus.BMBFService.onCreate(BMBFService.java:41)
02-19 10:41:38.279 17111 17111 E ActivityThread: 	at android.app.ActivityThread.handleCreateService(ActivityThread.java:3962)
02-19 10:41:38.279 17111 17111 E ActivityThread: 	at android.app.ActivityThread.access$1500(ActivityThread.java:226)
02-19 10:41:38.279 17111 17111 E ActivityThread: 	at android.app.ActivityThread$H.handleMessage(ActivityThread.java:1884)
02-19 10:41:38.279 17111 17111 E ActivityThread: 	at android.os.Handler.dispatchMessage(Handler.java:107)
02-19 10:41:38.279 17111 17111 E ActivityThread: 	at android.os.Looper.loop(Looper.java:214)
02-19 10:41:38.279 17111 17111 E ActivityThread: 	at android.app.ActivityThread.main(ActivityThread.java:7387)
02-19 10:41:38.279 17111 17111 E ActivityThread: 	at java.lang.reflect.Method.invoke(Native Method)
02-19 10:41:38.279 17111 17111 E ActivityThread: 	at com.android.internal.os.RuntimeInit$MethodAndArgsCaller.run(RuntimeInit.java:492)
02-19 10:41:38.279 17111 17111 E ActivityThread: 	at com.android.internal.os.ZygoteInit.main(ZygoteInit.java:930)
02-19 10:41:46.805  1006  1038 I chatty  : uid=1000(system) android.display expire 14 lines
02-19 10:41:47.329  1006  1582 I chatty  : uid=1000(system) Binder:1006_8 expire 12 lines
02-19 10:42:14.718  1006 10733 I chatty  : uid=1000(system) Binder:1006_18 expire 12 lines
02-19 10:43:47.626  1405 17588 I chatty  : uid=1000(system) com.oculus.unifiedtelemetry expire 1 line
02-19 10:44:08.401  1405 17605 I chatty  : uid=1000(system) com.oculus.unifiedtelemetry expire 1 line
02-19 10:51:02.361  1006  4875 I chatty  : uid=1000(system) Binder:1006_F expire 16 lines
02-19 10:53:45.166  1405 17787 I chatty  : uid=1000(system) com.oculus.unifiedtelemetry expire 1 line
02-19 10:58:08.696  1006  1006 I chatty  : uid=1000 system_server expire 10 lines
02-19 10:58:57.511  1006  1053 I chatty  : uid=1000(system) PowerManagerSer expire 10 lines
02-19 10:58:58.529  1405 18001 I chatty  : uid=1000(system) com.oculus.unifiedtelemetry expire 1 line
02-19 10:58:59.727  1405 18082 I chatty  : uid=1000(system) com.oculus.unifiedtelemetry expire 1 line
02-19 10:59:04.869  1405 18132 I chatty  : uid=1000(system) com.oculus.unifiedtelemetry expire 1 line
02-19 11:00:04.857  1405 18202 I chatty  : uid=1000(system) com.oculus.unifiedtelemetry expire 1 line
02-19 11:00:05.619  1006  9597 I chatty  : uid=1000(system) Binder:1006_14 expire 29 lines
02-19 11:00:38.555  1006 23938 I chatty  : uid=1000(system) Binder:1006_1F expire 20 lines
02-19 11:01:11.736  1006  4999 I chatty  : uid=1000(system) Binder:1006_11 expire 22 lines
02-19 11:01:23.029  1006  1104 I chatty  : uid=1000(system) Binder:1006_3 expire 12 lines
02-19 11:01:39.361  1006 22700 I chatty  : uid=1000(system) Binder:1006_1D expire 17 lines
02-19 11:02:05.818  1405 18339 I chatty  : uid=1000(system) com.oculus.unifiedtelemetry expire 1 line
02-19 11:05:09.806  1006  1582 I chatty  : uid=1000(system) Binder:1006_8 expire 12 lines
02-19 11:05:10.144  1405 18426 I chatty  : uid=1000(system) com.oculus.unifiedtelemetry expire 1 line
02-19 11:05:44.371  1006 10733 I chatty  : uid=1000(system) Binder:1006_18 expire 14 lines
02-19 11:14:45.397  1405 18684 I chatty  : uid=1000(system) com.oculus.unifiedtelemetry expire 1 line
02-19 11:24:38.708  1405 18972 I chatty  : uid=1000(system) com.oculus.unifiedtelemetry expire 1 line
02-19 11:28:23.122  1006  1006 I chatty  : uid=1000 system_server expire 10 lines
02-19 11:28:26.136  1405 19178 I chatty  : uid=1000(system) com.oculus.unifiedtelemetry expire 1 line
02-19 11:31:11.830  1006  1582 I chatty  : uid=1000(system) Binder:1006_8 expire 10 lines
02-19 11:31:28.199  1006 22700 I chatty  : uid=1000(system) Binder:1006_1D expire 14 lines
02-19 11:32:17.181  1006  2568 I chatty  : uid=1000(system) Binder:1006_B expire 13 lines
02-19 11:32:49.879  1006  4999 I chatty  : uid=1000(system) Binder:1006_11 expire 11 lines
02-19 11:33:14.373  1006  1104 I chatty  : uid=1000(system) Binder:1006_3 expire 15 lines
02-19 11:35:45.543  1405 19389 I chatty  : uid=1000(system) com.oculus.unifiedtelemetry expire 1 line
02-19 11:38:16.620  1006 10733 I chatty  : uid=1000(system) Binder:1006_18 expire 17 lines
02-19 11:43:26.062  1006  1094 I chatty  : uid=1000(system) AlarmManager expire 1 line
02-19 11:45:20.265  1405 19650 I chatty  : uid=1000(system) com.oculus.unifiedtelemetry expire 1 line
02-19 11:46:18.950  1006  1582 I chatty  : uid=1000(system) Binder:1006_8 expire 6 lines
02-19 11:46:26.624  1006  9597 I chatty  : uid=1000(system) Binder:1006_14 expire 13 lines
02-19 11:46:27.110  1006  1796 I chatty  : uid=1000(system) backup-0 expire 5 lines
02-19 11:46:41.958  1405 19954 I chatty  : uid=1000(system) com.oculus.unifiedtelemetry expire 1 line
02-19 11:47:23.333  1006  4852 I chatty  : uid=1000(system) Binder:1006_E expire 13 lines
02-19 11:48:44.228  1006  1027 I chatty  : uid=1000(system) Binder:1006_2 expire 16 lines
02-19 11:48:47.624  1405 20268 I chatty  : uid=1000(system) com.oculus.unifiedtelemetry expire 1 line
02-19 11:49:09.113  1006  4999 I chatty  : uid=1000(system) Binder:1006_11 expire 10 lines
02-19 11:49:20.788  1006  9236 I chatty  : uid=1000(system) Binder:1006_12 expire 5 lines
02-19 11:50:18.772  1006 23938 I chatty  : uid=1000(system) Binder:1006_1F expire 12 lines
02-19 11:50:32.370  1405 20575 I chatty  : uid=1000(system) com.oculus.unifiedtelemetry expire 1 line
02-19 11:51:52.257  1006 22700 I chatty  : uid=1000(system) Binder:1006_1D expire 12 lines
02-19 11:52:03.629  1006 21163 I chatty  : uid=1000(system) Binder:1006_1C expire 15 lines
02-19 11:52:15.429  1006  4875 I chatty  : uid=1000(system) Binder:1006_F expire 18 lines
02-19 11:53:18.364  1006  1038 I chatty  : uid=1000(system) android.display expire 10 lines
02-19 11:53:34.136  1405 20920 I chatty  : uid=1000(system) com.oculus.unifiedtelemetry expire 1 line
02-19 11:55:03.122  1405 21224 I chatty  : uid=1000(system) com.oculus.unifiedtelemetry expire 1 line
02-19 11:55:22.197  1006  4852 I chatty  : uid=1000(system) Binder:1006_E expire 11 lines
02-19 11:55:33.240  1405 21493 I chatty  : uid=1000(system) com.oculus.unifiedtelemetry expire 1 line
02-19 11:56:35.329  1006  1027 I chatty  : uid=1000(system) Binder:1006_2 expire 19 lines
02-19 11:56:36.150  1006  1038 I chatty  : uid=1000(system) android.display expire 13 lines
02-19 11:56:50.662  1405 21756 I chatty  : uid=1000(system) com.oculus.unifiedtelemetry expire 1 line
02-19 11:57:12.508  1006  4999 I chatty  : uid=1000(system) Binder:1006_11 expire 11 lines
02-19 12:00:53.265  1405 21945 I chatty  : uid=1000(system) com.oculus.unifiedtelemetry expire 1 line
02-19 12:00:55.908  1006  1778 I chatty  : uid=1000(system) LazyTaskWriterT expire 10 lines
02-19 12:01:52.770 17111 17111 E ActivityThread: Service com.weloveoculus.BMBFService has leaked IntentReceiver com.weloveoculus.BMBFService_UninstallBroadcastReceiver@b82c956 that was originally registered here. Are you missing a call to unregisterReceiver()?
02-19 12:01:52.770 17111 17111 E ActivityThread: android.app.IntentReceiverLeaked: Service com.weloveoculus.BMBFService has leaked IntentReceiver com.weloveoculus.BMBFService_UninstallBroadcastReceiver@b82c956 that was originally registered here. Are you missing a call to unregisterReceiver()?
02-19 12:01:52.770 17111 17111 E ActivityThread: 	at android.app.LoadedApk$ReceiverDispatcher.<init>(LoadedApk.java:1592)
02-19 12:01:52.770 17111 17111 E ActivityThread: 	at android.app.LoadedApk.getReceiverDispatcher(LoadedApk.java:1372)
02-19 12:01:52.770 17111 17111 E ActivityThread: 	at android.app.ContextImpl.registerReceiverInternal(ContextImpl.java:1527)
02-19 12:01:52.770 17111 17111 E ActivityThread: 	at android.app.ContextImpl.registerReceiver(ContextImpl.java:1500)
02-19 12:01:52.770 17111 17111 E ActivityThread: 	at android.app.ContextImpl.registerReceiver(ContextImpl.java:1488)
02-19 12:01:52.770 17111 17111 E ActivityThread: 	at android.content.ContextWrapper.registerReceiver(ContextWrapper.java:627)
02-19 12:01:52.770 17111 17111 E ActivityThread: 	at com.weloveoculus.BMBFService.n_onCreate(Native Method)
02-19 12:01:52.770 17111 17111 E ActivityThread: 	at com.weloveoculus.BMBFService.onCreate(BMBFService.java:41)
02-19 12:01:52.770 17111 17111 E ActivityThread: 	at android.app.ActivityThread.handleCreateService(ActivityThread.java:3962)
02-19 12:01:52.770 17111 17111 E ActivityThread: 	at android.app.ActivityThread.access$1500(ActivityThread.java:226)
02-19 12:01:52.770 17111 17111 E ActivityThread: 	at android.app.ActivityThread$H.handleMessage(ActivityThread.java:1884)
02-19 12:01:52.770 17111 17111 E ActivityThread: 	at android.os.Handler.dispatchMessage(Handler.java:107)
02-19 12:01:52.770 17111 17111 E ActivityThread: 	at android.os.Looper.loop(Looper.java:214)
02-19 12:01:52.770 17111 17111 E ActivityThread: 	at android.app.ActivityThread.main(ActivityThread.java:7387)
02-19 12:01:52.770 17111 17111 E ActivityThread: 	at java.lang.reflect.Method.invoke(Native Method)
02-19 12:01:52.770 17111 17111 E ActivityThread: 	at com.android.internal.os.RuntimeInit$MethodAndArgsCaller.run(RuntimeInit.java:492)
02-19 12:01:52.770 17111 17111 E ActivityThread: 	at com.android.internal.os.ZygoteInit.main(ZygoteInit.java:930)
02-19 12:02:01.408  1006  1585 I chatty  : uid=1000(system) Binder:1006_9 expire 10 lines
02-19 12:02:17.345  1405 22272 I chatty  : uid=1000(system) com.oculus.unifiedtelemetry expire 1 line
02-19 12:02:24.220  1006 22700 I chatty  : uid=1000(system) Binder:1006_1D expire 11 lines
02-19 12:02:45.543  1006  4852 I chatty  : uid=1000(system) Binder:1006_E expire 14 lines
02-19 12:03:29.513  1006  4875 I chatty  : uid=1000(system) Binder:1006_F expire 25 lines
02-19 12:03:29.817  1006  1045 I chatty  : uid=1000(system) ActivityManager expire 10 lines
02-19 12:03:30.486  1405 22573 I chatty  : uid=1000(system) com.oculus.unifiedtelemetry expire 1 line
02-19 12:05:52.371  1006  1027 I chatty  : uid=1000(system) Binder:1006_2 expire 8 lines
02-19 12:06:26.327  1006  1043 I chatty  : uid=1000(system) android.bg expire 8 lines
02-19 12:06:45.702  1405 22871 I chatty  : uid=1000(system) com.oculus.unifiedtelemetry expire 1 line
02-19 12:08:26.270  1006  4999 I chatty  : uid=1000(system) Binder:1006_11 expire 10 lines
02-19 12:11:00.295  1006 21163 I chatty  : uid=1000(system) Binder:1006_1C expire 12 lines
02-19 12:11:58.976  1006  1104 I chatty  : uid=1000(system) Binder:1006_3 expire 13 lines
02-19 12:13:15.369  1006  1038 I chatty  : uid=1000(system) android.display expire 18 lines
02-19 12:13:15.632  1405 23102 I chatty  : uid=1000(system) com.oculus.unifiedtelemetry expire 1 line
02-19 12:13:33.730  2084  2302 D DownloadManager: Removed 0 stale downloads
02-19 12:13:33.750  2084  2302 D DownloadManager: Missing /storage/emulated/0/Download/oculus_downloaded_apks/144.com.facebook.venues.apk_patch_downloading, deleting 140
02-19 12:13:33.961  1006 23389 I chatty  : uid=1000 system_server expire 1 line
02-19 12:13:34.117  2084  2302 D DownloadManager: Missing /storage/emulated/0/Download/oculus_downloaded_apks/145.com.AgainstGravity.RecRoom.apk_patch_downloading, deleting 141
02-19 12:13:34.153  2084  2302 D DownloadManager: Found 0 files in database
02-19 12:13:34.153  2084  2302 D DownloadManager: Found 0 files on disk
02-19 12:13:34.389  2084  2302 D DownloadManager: Removed 0 stale downloads
02-19 12:13:34.393  2084  2302 D DownloadManager: Found 0 files in database
02-19 12:13:34.393  2084  2302 D DownloadManager: Found 0 files on disk
02-19 12:13:48.482  1006 22700 I chatty  : uid=1000(system) Binder:1006_1D expire 12 lines
02-19 12:18:09.015  1405 23724 I chatty  : uid=1000(system) com.oculus.unifiedtelemetry expire 1 line
02-19 12:18:36.808  1006 21163 I chatty  : uid=1000(system) Binder:1006_1C expire 30 lines
02-19 12:19:43.036  1006  9597 I chatty  : uid=1000(system) Binder:1006_14 expire 15 lines
02-19 12:20:58.564 23820 23876 E AndroidRuntime: FATAL EXCEPTION: UnityMain
02-19 12:20:58.564 23820 23876 E AndroidRuntime: Process: com.beatgames.beatsaber, PID: 23820
02-19 12:20:58.564 23820 23876 E AndroidRuntime: java.lang.Error: *** *** *** *** *** *** *** *** *** *** *** *** *** *** *** ***
02-19 12:20:58.564 23820 23876 E AndroidRuntime: Version '2019.3.15f1 (59ff3e03856d)', Build type 'Release', Scripting Backend 'il2cpp', CPU 'arm64-v8a'
02-19 12:20:58.564 23820 23876 E AndroidRuntime: Build fingerprint: 'oculus/hollywood/hollywood:10/QQ3A.200805.001/13969800083700000:user/release-keys'
02-19 12:20:58.564 23820 23876 E AndroidRuntime: Revision: '0'
02-19 12:20:58.564 23820 23876 E AndroidRuntime: ABI: 'arm64'
02-19 12:20:58.564 23820 23876 E AndroidRuntime: Timestamp: 2021-02-19 12:20:55+0000
02-19 12:20:58.564 23820 23876 E AndroidRuntime: pid: 23820, tid: 23876, name: UnityMain  >>> com.beatgames.beatsaber <<<
02-19 12:20:58.564 23820 23876 E AndroidRuntime: uid: 10112
02-19 12:20:58.564 23820 23876 E AndroidRuntime: signal 11 (SIGSEGV), code 1 (SEGV_MAPERR), fault addr 0x0
02-19 12:20:58.564 23820 23876 E AndroidRuntime: Cause: null pointer dereference
02-19 12:20:58.564 23820 23876 E AndroidRuntime:     x0  0000007beb2d8108  x1  0000000000000000  x2  ffffffffffffffd0  x3  0000007beb2d8400
02-19 12:20:58.564 23820 23876 E AndroidRuntime:     x4  0000007beb2d8450  x5  0000000000000004  x6  6174736e49202973  x7  343620676e696c6c
02-19 12:20:58.564 23820 23876 E AndroidRuntime:     x8  0000007bed5d1000  x9  0000007bed5d1000  x10 0000007bed5d1000  x11 0000007bed5d1000
02-19 12:20:58.564 23820 23876 E AndroidRuntime:     x12 0000000000000007  x13 0000000000000003  x14 fffffffffc000000  x15 000000000e300000
02-19 12:20:58.564 23820 23876 E AndroidRuntime:     x16 0000007bed5e3ac0  x17 0000007cd4e985c0  x18 0000000000000001  x19 0000000000000000
02-19 12:20:58.564 23820 23876 E AndroidRuntime:     x20 0000000000000000  x21 0000000000000004  x22 0000007bed5e6000  x23 00000000000000a8
02-19 12:20:58.564 23820 23876 E AndroidRuntime:     x24 00000000d503201f  x25 0000007beb2db020  x26 0000007bed5e6000  x27 0000000094000000
02-19 12:20:58.564 23820 23876 E AndroidRuntime:     x28 0000007beb2d80f8  x29 0000007beb2d84e0
02-19 12:20:58.564 23820 23876 E AndroidRuntime:     sp  0000007beb2d80e0  lr  0000007bed5b35b4  pc  0000007bed5b3600
02-19 12:20:58.564 23820 23876 E AndroidRuntime: 
02-19 12:20:58.564 23820 23876 E AndroidRuntime: backtrace:
02-19 12:20:58.564 23820 23876 E AndroidRuntime:       #00 pc 000000000002c600  /data/data/com.beatgames.beatsaber/libcustom-types.so (__fix_instructions(unsigned int*, int, unsigned int*)+172) (BuildId: 821a67a183ddc31552690e1fe1364ecb3b986758)
02-19 12:20:58.564 23820 23876 E AndroidRuntime:       #01 pc 000000000002c400  /data/data/com.beatgames.beatsaber/libcustom-types.so (A64HookFunctionV+100) (BuildId: 821a67a183ddc31552690e1fe1364ecb3b986758)
02-19 12:20:58.564 23820 23876 E AndroidRuntime:       #02 pc 000000000002cddc  /data/data/com.beatgames.beatsaber/libcustom-types.so (A64HookFunction+76) (BuildId: 821a67a183ddc31552690e1fe1364ecb3b986758)
02-19 12:20:58.564 23820 23876 E AndroidRuntime:       #03 pc 000000000001be28  /data/data/com.beatgames.beatsaber/libcustom-types.so (custom_types::Register::EnsureHooks()+176) (BuildId: 821a67a183ddc31552690e1fe1364ecb3b986758)
02-19 12:20:58.564 23820 23876 E AndroidRuntime:       #04 pc 0000000000028d1c  /data/data/com.beatgames.beatsaber/libbeatbuild.so (custom_types::ClassWrapper* custom_types::Register::RegisterSingle<BeatBuilder::BuildMenuManager>()+36) (BuildId: b6514f2ee23dab6b7b899658d0b8a3eac86dcb20)
02-19 12:20:58.564 23820 23876 E AndroidRuntime:       #05 pc 00000000000254fc  /data/data/com.beatgames.beatsaber/libbeatbuild.so (custom_types::ClassWrapper* custom_types::Register::RegisterType<BeatBuilder::BuildMenuManager>()+32) (BuildId: b6514f2ee23dab6b7b899658d0b8a3eac86dcb20)
02-19 12:20:58.564 23820 23876 E AndroidRuntime:       #06 pc 0000000000025440  /data/data/com.beatgames.beatsaber/libbeatbuild.so (load+424) (BuildId: b6514f2ee23dab6b7b899658d0b8a3eac86dcb20)
02-19 12:20:58.564 23820 23876 E AndroidRuntime:       #07 pc 0000000000044bbc  /data/app/com.beatgames.beatsaber-eTi0ROYhCBMc76JSqkBTTQ==/lib/arm64/libmodloader.so (Mod::load_mod()+128) (BuildId: 07fa01771e5e50ba8448f10f8d80d8f2dabd1b56)
02-19 12:20:58.564 23820 23876 E AndroidRuntime:       #08 pc 00000000000447b8  /data/app/com.beatgames.beatsaber-eTi0ROYhCBMc76JSqkBTTQ==/lib/arm64/libmodloader.so (Modloader::load_mods()+184) (BuildId: 07fa01771e5e50ba8448f10f8d80d8f2dabd1b56)
02-19 12:20:58.564 23820 23876 E AndroidRuntime:       #09 pc 00000000005d0508  /data/app/com.beatgames.beatsaber-eTi0ROYhCBMc76JSqkBTTQ==/lib/arm64/libunity.so (BuildId: fb3c121a1811d470c9d17ee368cd7227475dc348)
02-19 12:20:58.564 23820 23876 E AndroidRuntime:       #10 pc 0000000000639d5c  /data/app/com.beatgames.beatsaber-eTi0ROYhCBMc76JSqkBTTQ==/lib/arm64/libunity.so (BuildId: fb3c121a1811d470c9d17ee368cd7227475dc348)
02-19 12:20:58.564 23820 23876 E AndroidRuntime:       #11 pc 000000000063a80c  /data/app/com.beatgames.beatsaber-eTi0ROYhCBMc76JSqkBTTQ==/lib/arm64/libunity.so (BuildId: fb3c121a1811d470c9d17ee368cd7227475dc348)
02-19 12:20:58.564 23820 23876 E AndroidRuntime:       #12 pc 000000000064e648  /data/app/com.beatgames.beatsaber-eTi0ROYhCBMc76JSqkBTTQ==/lib/arm64/libunity.so (BuildId: fb3c121a1811d470c9d17ee368cd7227475dc348)
02-19 12:20:58.564 23820 23876 E AndroidRuntime:       #13 pc 000000000000593c  /data/app/com.beatgames.beatsaber-eTi0ROYhCBMc76JSqkBTTQ==/oat/arm64/base.odex
02-19 12:20:58.564 23820 23876 E AndroidRuntime: 
02-19 12:20:58.564 23820 23876 E AndroidRuntime: 	at libcustom-types.__fix_instructions(unsigned int*, int, unsigned int*)(__fix_instructions:172)
02-19 12:20:58.564 23820 23876 E AndroidRuntime: 	at libcustom-types.A64HookFunctionV(A64HookFunctionV:100)
02-19 12:20:58.568 23820 23876 E AndroidRuntime: 	at libcustom-types.A64HookFunction(A64HookFunction:76)
02-19 12:20:58.568 23820 23876 E AndroidRuntime: 	at libcustom-types.custom_types::Register::EnsureHooks()(EnsureHooks:176)
02-19 12:20:58.568 23820 23876 E AndroidRuntime: 	at libbeatbuild.custom_types::ClassWrapper* custom_types::Register::RegisterSingle<BeatBuilder::BuildMenuManager>()(BuildMenuManager>:36)
02-19 12:20:58.568 23820 23876 E AndroidRuntime: 	at libbeatbuild.custom_types::ClassWrapper* custom_types::Register::RegisterType<BeatBuilder::BuildMenuManager>()(BuildMenuManager>:32)
02-19 12:20:58.568 23820 23876 E AndroidRuntime: 	at libbeatbuild.load(load:424)
02-19 12:20:58.568 23820 23876 E AndroidRuntime: 	at libmodloader.Mod::load_mod()(load_mod:128)
02-19 12:20:58.568 23820 23876 E AndroidRuntime: 	at libmodloader.Modloader::load_mods()(load_mods:184)
02-19 12:20:58.568 23820 23876 E AndroidRuntime: 	at libunity.0x5d0508(Native Method)
02-19 12:20:58.568 23820 23876 E AndroidRuntime: 	at libunity.0x639d5c(Native Method)
02-19 12:20:58.568 23820 23876 E AndroidRuntime: 	at libunity.0x63a80c(Native Method)
02-19 12:20:58.568 23820 23876 E AndroidRuntime: 	at libunity.0x64e648(Native Method)
02-19 12:20:58.568 23820 23876 E AndroidRuntime: 	at base.0x593c(Native Method)
02-19 12:20:58.582  1006 23931 I chatty  : uid=1000 system_server expire 1 line
02-19 12:20:58.595  1006  1026 I chatty  : uid=1000(system) Binder:1006_1 expire 12 lines
02-19 12:20:58.674  1006  1585 I chatty  : uid=1000(system) Binder:1006_9 expire 12 lines
02-19 12:21:45.749  1405 24014 I chatty  : uid=1000(system) com.oculus.unifiedtelemetry expire 1 line
02-19 12:22:39.509  1006  1104 I chatty  : uid=1000(system) Binder:1006_3 expire 11 lines
02-19 12:22:46.137  1405 24430 I chatty  : uid=1000(system) com.oculus.unifiedtelemetry expire 1 line
02-19 12:23:00.565  1006  4999 I chatty  : uid=1000(system) Binder:1006_11 expire 11 lines
02-19 12:23:33.617  1405 24708 I chatty  : uid=1000(system) com.oculus.unifiedtelemetry expire 1 line
02-19 12:23:55.156  1006  2470 I chatty  : uid=1000(system) Binder:1006_A expire 24 lines
02-19 12:24:28.228  1006 22700 I chatty  : uid=1000(system) Binder:1006_1D expire 16 lines
02-19 12:26:06.511  1006  1038 I chatty  : uid=1000(system) android.display expire 10 lines
02-19 12:26:06.573  1405 24846 I chatty  : uid=1000(system) com.oculus.unifiedtelemetry expire 1 line
02-19 12:26:40.738  1006 10733 I chatty  : uid=1000(system) Binder:1006_18 expire 8 lines
02-19 12:26:54.841  1405 25092 I chatty  : uid=1000(system) com.oculus.unifiedtelemetry expire 1 line
02-19 12:30:09.845  1006  1045 I chatty  : uid=1000(system) ActivityManager expire 11 lines
02-19 12:30:10.466  1405 25431 I chatty  : uid=1000(system) com.oculus.unifiedtelemetry expire 1 line
02-19 12:30:53.990  1006  1104 I chatty  : uid=1000(system) Binder:1006_3 expire 11 lines
02-19 12:31:15.786  1006  2470 I chatty  : uid=1000(system) Binder:1006_A expire 13 lines
02-19 12:31:57.565  1006  1049 I chatty  : uid=1000(system) batterystats-wo expire 4 lines
02-19 12:33:09.033  1405 25727 I chatty  : uid=1000(system) com.oculus.unifiedtelemetry expire 1 line
02-19 12:33:16.572  1006 21163 I chatty  : uid=1000(system) Binder:1006_1C expire 26 lines
02-19 12:36:13.822  1006  1026 I chatty  : uid=1000(system) Binder:1006_1 expire 2 lines
02-19 12:37:01.645  1006  4875 I chatty  : uid=1000(system) Binder:1006_F expire 13 lines
02-19 12:37:02.425  1006  1038 I chatty  : uid=1000(system) android.display expire 15 lines
02-19 12:37:04.749  1006  1778 I chatty  : uid=1000(system) LazyTaskWriterT expire 9 lines
02-19 12:37:08.790  1405 26070 I chatty  : uid=1000(system) com.oculus.unifiedtelemetry expire 1 line
02-19 12:38:18.495  1006  1104 I chatty  : uid=1000(system) Binder:1006_3 expire 26 lines
02-19 12:38:19.716  1405 26178 I chatty  : uid=1000(system) com.oculus.unifiedtelemetry expire 1 line
02-19 12:38:48.415  1006  4852 I chatty  : uid=1000(system) Binder:1006_E expire 16 lines
02-19 12:40:39.054  1006  1585 I chatty  : uid=1000(system) Binder:1006_9 expire 13 lines
02-19 12:43:35.628  1405 26521 I chatty  : uid=1000(system) com.oculus.unifiedtelemetry expire 1 line
02-19 12:44:35.913  1006 22700 I chatty  : uid=1000(system) Binder:1006_1D expire 26 lines
02-19 12:44:43.961  1405 26790 I chatty  : uid=1000(system) com.oculus.unifiedtelemetry expire 1 line
02-19 12:47:50.437  1006  9597 I chatty  : uid=1000(system) Binder:1006_14 expire 13 lines
02-19 12:48:24.193  1006  2470 I chatty  : uid=1000(system) Binder:1006_A expire 16 lines
02-19 12:52:16.063  1405 26990 I chatty  : uid=1000(system) com.oculus.unifiedtelemetry expire 1 line
02-19 12:57:23.631 27149 27186 E ActivityThread: Failed to find provider info for com.google.android.gsf.gservices
02-19 12:59:02.997  1006  1585 I chatty  : uid=1000(system) Binder:1006_9 expire 11 lines
02-19 13:00:11.522  1405 27341 I chatty  : uid=1000(system) com.oculus.unifiedtelemetry expire 1 line
02-19 13:02:21.334  1006  4852 I chatty  : uid=1000(system) Binder:1006_E expire 9 lines
02-19 13:04:45.230  1006 21163 I chatty  : uid=1000(system) Binder:1006_1C expire 16 lines
02-19 13:04:56.266  1006  2470 I chatty  : uid=1000(system) Binder:1006_A expire 13 lines
02-19 13:05:18.429  1006  9597 I chatty  : uid=1000(system) Binder:1006_14 expire 11 lines
02-19 13:07:09.307  1006  1104 I chatty  : uid=1000(system) Binder:1006_3 expire 16 lines
02-19 13:07:53.435  1006 22700 I chatty  : uid=1000(system) Binder:1006_1D expire 18 lines
02-19 13:08:11.555  1405 27587 I chatty  : uid=1000(system) com.oculus.unifiedtelemetry expire 1 line
02-19 13:10:56.365  1405 27927 I chatty  : uid=1000(system) com.oculus.unifiedtelemetry expire 1 line
02-19 13:13:38.918  1405 28235 I chatty  : uid=1000(system) com.oculus.unifiedtelemetry expire 1 line
02-19 13:14:01.322  1006  2470 I chatty  : uid=1000(system) Binder:1006_A expire 8 lines
02-19 13:14:51.234  1006 22700 I chatty  : uid=1000(system) Binder:1006_1D expire 9 lines
02-19 13:14:53.676  1006  1038 I chatty  : uid=1000(system) android.display expire 11 lines
02-19 13:15:01.204  1405 28530 I chatty  : uid=1000(system) com.oculus.unifiedtelemetry expire 1 line
02-19 13:15:15.301  1006  1053 I chatty  : uid=1000(system) PowerManagerSer expire 10 lines
02-19 13:15:15.953  1405 28618 I chatty  : uid=1000(system) com.oculus.unifiedtelemetry expire 1 line
02-19 13:15:21.784  1405 28691 I chatty  : uid=1000(system) com.oculus.unifiedtelemetry expire 1 line
02-19 13:15:32.363  1405 28858 I chatty  : uid=1000(system) com.oculus.unifiedtelemetry expire 1 line
02-19 13:15:59.855  1006  9597 I chatty  : uid=1000(system) Binder:1006_14 expire 5 lines
02-19 13:16:15.320  1405 29000 I chatty  : uid=1000(system) com.oculus.unifiedtelemetry expire 1 line
02-19 13:17:15.280  1405 29267 I chatty  : uid=1000(system) com.oculus.unifiedtelemetry expire 1 line
02-19 13:17:59.851  1405 29299 I chatty  : uid=1000(system) com.oculus.unifiedtelemetry expire 1 line
02-19 13:18:08.864  1006  1104 I chatty  : uid=1000(system) Binder:1006_3 expire 11 lines
02-19 13:18:08.900  1006  9599 I chatty  : uid=1000(system) Binder:1006_15 expire 3 lines
02-19 13:18:09.029  1006  4875 I chatty  : uid=1000(system) Binder:1006_F expire 4 lines
02-19 13:18:09.726  1006  1038 I chatty  : uid=1000(system) android.display expire 8 lines
02-19 13:18:18.025  1405 29538 I chatty  : uid=1000(system) com.oculus.unifiedtelemetry expire 1 line
02-19 13:19:25.493  1006  4999 I chatty  : uid=1000(system) Binder:1006_11 expire 9 lines
02-19 13:20:40.288  1405 29844 I chatty  : uid=1000(system) com.oculus.unifiedtelemetry expire 1 line
02-19 13:20:46.712  1006  1006 I chatty  : uid=1000 system_server expire 8 lines
02-19 13:20:46.717  1006  1053 I chatty  : uid=1000(system) PowerManagerSer expire 10 lines
02-19 13:20:46.792  1006  9597 I chatty  : uid=1000(system) Binder:1006_14 expire 5 lines
02-19 13:20:46.797  1006  1038 I chatty  : uid=1000(system) android.display expire 3 lines
02-19 13:20:47.205  1405 29931 I chatty  : uid=1000(system) com.oculus.unifiedtelemetry expire 1 line
02-19 13:20:47.872  1006  4875 I chatty  : uid=1000(system) Binder:1006_F expire 6 lines
02-19 13:21:03.196  1405 30073 I chatty  : uid=1000(system) com.oculus.unifiedtelemetry expire 1 line
02-19 13:21:39.494  1405 30234 I chatty  : uid=1000(system) com.oculus.unifiedtelemetry expire 1 line
02-19 13:21:39.581  1006  9599 I chatty  : uid=1000(system) Binder:1006_15 expire 4 lines
02-19 13:21:52.493  1006  1104 I chatty  : uid=1000(system) Binder:1006_3 expire 5 lines
02-19 13:23:30.514  1006  2470 I chatty  : uid=1000(system) Binder:1006_A expire 3 lines
