02-19 13:23:39.874  1405 30353 W ContextImpl: Calling a method in the system process without a qualified user: android.app.ContextImpl.sendBroadcast:1057 android.content.ContextWrapper.sendBroadcast:448 X.Je.A00:155 X.Je.handleMessage:80 android.os.Handler.dispatchMessage:107 
02-19 13:25:24.856  1006 21163 I chatty  : uid=1000(system) Binder:1006_1C expire 4 lines
02-19 13:26:46.510  1006  2470 I chatty  : uid=1000(system) Binder:1006_A expire 4 lines
02-19 13:26:47.176  1006  1043 I chatty  : uid=1000(system) android.bg expire 2 lines
02-19 13:27:00.556  1006  4875 I chatty  : uid=1000(system) Binder:1006_F expire 6 lines
02-19 13:27:11.014  1006  9597 I chatty  : uid=1000(system) Binder:1006_14 expire 7 lines
02-19 13:27:11.800  1405 30442 W ContextImpl: Calling a method in the system process without a qualified user: android.app.ContextImpl.sendBroadcast:1057 android.content.ContextWrapper.sendBroadcast:448 X.Je.A00:155 X.Je.handleMessage:80 android.os.Handler.dispatchMessage:107 
02-19 13:27:23.213  1006  9599 I chatty  : uid=1000(system) Binder:1006_15 expire 1 line
02-19 13:27:35.518  1006  1104 I chatty  : uid=1000(system) Binder:1006_3 expire 2 lines
02-19 13:28:24.265  1006  1006 I chatty  : uid=1000 system_server expire 2 lines
02-19 13:28:37.339  1006  1107 I chatty  : uid=1000(system) NetworkStats expire 1 line
02-19 13:30:35.211  1006  4999 I chatty  : uid=1000(system) Binder:1006_11 expire 3 lines
02-19 13:31:57.462  1006  1049 I chatty  : uid=1000(system) batterystats-wo expire 2 lines
02-19 13:31:59.959  1006  1037 I chatty  : uid=1000(system) android.io expire 2 lines
02-19 13:33:18.548  1006  4999 I chatty  : uid=1000(system) Binder:1006_11 expire 8 lines
02-19 13:33:30.877  1006  1104 I chatty  : uid=1000(system) Binder:1006_3 expire 4 lines
02-19 13:34:07.553  1006  9597 I chatty  : uid=1000(system) Binder:1006_14 expire 3 lines
02-19 13:34:40.225  1006  4875 I chatty  : uid=1000(system) Binder:1006_F expire 9 lines
02-19 13:35:29.226  1006  2470 I chatty  : uid=1000(system) Binder:1006_A expire 7 lines
02-19 13:35:39.436  1405 30735 W ContextImpl: Calling a method in the system process without a qualified user: android.app.ContextImpl.sendBroadcast:1057 android.content.ContextWrapper.sendBroadcast:448 X.Je.A00:155 X.Je.handleMessage:80 android.os.Handler.dispatchMessage:107 
02-19 13:35:39.448  1006 21163 I chatty  : uid=1000(system) Binder:1006_1C expire 2 lines
02-19 13:36:43.508  1006  1043 I chatty  : uid=1000(system) android.bg expire 1 line
02-19 13:38:01.397  1006 15692 I chatty  : uid=1000(system) Binder:1006_1A expire 3 lines
02-19 13:38:12.582  1006  9599 I chatty  : uid=1000(system) Binder:1006_15 expire 4 lines
02-19 13:42:58.588  1006  2470 I chatty  : uid=1000(system) Binder:1006_A expire 9 lines
02-19 13:43:14.805  1006  1104 I chatty  : uid=1000(system) Binder:1006_3 expire 3 lines
02-19 13:43:55.543  1006  4999 I chatty  : uid=1000(system) Binder:1006_11 expire 7 lines
02-19 13:44:25.918  1006  9597 I chatty  : uid=1000(system) Binder:1006_14 expire 10 lines
02-19 13:44:59.222  1006  1045 I chatty  : uid=1000(system) ActivityManager expire 1 line
02-19 13:44:59.432  1405 31016 W ContextImpl: Calling a method in the system process without a qualified user: android.app.ContextImpl.sendBroadcast:1057 android.content.ContextWrapper.sendBroadcast:448 X.Je.A00:155 X.Je.handleMessage:80 android.os.Handler.dispatchMessage:107 
02-19 13:44:59.863  1006  1038 I chatty  : uid=1000(system) android.display expire 3 lines
02-19 13:45:02.158  1006  1778 I chatty  : uid=1000(system) LazyTaskWriterT expire 1 line
02-19 13:45:16.170  1405 31264 W ContextImpl: Calling a method in the system process without a qualified user: android.app.ContextImpl.sendBroadcast:1057 android.content.ContextWrapper.sendBroadcast:448 X.Je.A00:155 X.Je.handleMessage:80 android.os.Handler.dispatchMessage:107 
02-19 13:45:19.232  1006  4875 I chatty  : uid=1000(system) Binder:1006_F expire 1 line
02-19 13:46:03.167  1006  9597 I chatty  : uid=1000(system) Binder:1006_14 expire 4 lines
02-19 13:46:14.161  1006 15692 I chatty  : uid=1000(system) Binder:1006_1A expire 1 line
02-19 13:47:23.137  1006  1043 I chatty  : uid=1000(system) android.bg expire 2 lines
02-19 13:47:37.765  1006  1104 I chatty  : uid=1000(system) Binder:1006_3 expire 19 lines
02-19 13:47:37.802  1006  9597 I chatty  : uid=1000(system) Binder:1006_14 expire 5 lines
02-19 13:47:37.954  1006  1045 I chatty  : uid=1000(system) ActivityManager expire 2 lines
02-19 13:47:38.648  1006  1038 I chatty  : uid=1000(system) android.display expire 6 lines
02-19 13:47:40.832  1006  1778 I chatty  : uid=1000(system) LazyTaskWriterT expire 2 lines
02-19 13:47:46.393  1405 31572 W ContextImpl: Calling a method in the system process without a qualified user: android.app.ContextImpl.sendBroadcast:1057 android.content.ContextWrapper.sendBroadcast:448 X.Je.A00:155 X.Je.handleMessage:80 android.os.Handler.dispatchMessage:107 
02-19 13:48:28.281  1006  9599 I chatty  : uid=1000(system) Binder:1006_15 expire 1 line
02-19 13:48:51.625  1006 10951 I chatty  : uid=1000(system) Binder:1006_19 expire 4 lines
02-19 13:49:03.237  1006 21163 I chatty  : uid=1000(system) Binder:1006_1C expire 2 lines
02-19 13:49:43.462  1006  1026 I chatty  : uid=1000(system) Binder:1006_1 expire 1 line
02-19 13:49:50.779  1006 10733 I chatty  : uid=1000(system) Binder:1006_18 expire 1 line
02-19 13:49:53.395  1006  1006 I chatty  : uid=1000 system_server expire 1 line
02-19 13:49:53.402  1006  1053 I chatty  : uid=1000(system) PowerManagerSer expire 5 lines
02-19 13:49:53.453  1006  1038 I chatty  : uid=1000(system) android.display expire 2 lines
02-19 13:49:53.587  1006  1006 I chatty  : uid=1000 system_server expire 6 lines
02-19 13:49:53.653  1006  1026 I chatty  : uid=1000(system) Binder:1006_1 expire 1 line
02-19 13:49:56.092  1006 10951 I chatty  : uid=1000(system) Binder:1006_19 expire 1 line
02-19 13:49:56.174  1405 31962 W ContextImpl: Calling a method in the system process without a qualified user: android.app.ContextImpl.sendBroadcast:1057 android.content.ContextWrapper.sendBroadcast:448 X.Je.A00:155 X.Je.handleMessage:80 android.os.Handler.dispatchMessage:107 
02-19 13:49:56.862  1405 31888 W ContextImpl: Calling a method in the system process without a qualified user: android.app.ContextImpl.sendBroadcast:1057 android.content.ContextWrapper.sendBroadcast:448 X.Je.A00:155 X.Je.handleMessage:80 android.os.Handler.dispatchMessage:107 
02-19 13:50:18.983  1006 32244 I chatty  : uid=1000 system_server expire 1 line
02-19 13:50:19.012  1405 32234 W ContextImpl: Calling a method in the system process without a qualified user: android.app.ContextImpl.sendBroadcast:1057 android.content.ContextWrapper.sendBroadcast:448 X.Je.A00:155 X.Je.handleMessage:80 android.os.Handler.dispatchMessage:107 
02-19 13:50:19.013  1006  1027 I chatty  : uid=1000(system) Binder:1006_2 expire 1 line
02-19 13:50:19.234  1006  4875 I chatty  : uid=1000(system) Binder:1006_F expire 1 line
02-19 13:50:19.243  1006 15692 I chatty  : uid=1000(system) Binder:1006_1A expire 3 lines
02-19 13:50:19.384  1006  1036 I chatty  : uid=1000(system) android.ui expire 4 lines
02-19 13:50:20.584  1006  3671 I chatty  : uid=1000(system) Binder:1006_C expire 1 line
02-19 13:50:20.712  1006  1374 I chatty  : uid=1000(system) Binder:1006_7 expire 1 line
02-19 13:50:21.043  1006 20113 I chatty  : uid=1000(system) Binder:1006_1B expire 1 line
02-19 13:50:21.478  1006  1315 I chatty  : uid=1000(system) Binder:1006_6 expire 2 lines
02-19 13:50:21.551  1006  9439 I chatty  : uid=1000(system) Binder:1006_13 expire 6 lines
02-19 13:50:21.634  1006  1038 I chatty  : uid=1000(system) android.display expire 18 lines
02-19 13:50:21.826  1006  1036 I chatty  : uid=1000(system) android.ui expire 8 lines
02-19 13:50:22.667  1006  1026 I chatty  : uid=1000(system) Binder:1006_1 expire 5 lines
02-19 13:50:23.170  1006  1778 I chatty  : uid=1000(system) LazyTaskWriterT expire 1 line
02-19 13:50:23.177  1006  1038 I chatty  : uid=1000(system) android.display expire 7 lines
02-19 13:50:23.187  1006  1036 I chatty  : uid=1000(system) android.ui expire 3 lines
02-19 13:50:23.500  1006  3671 I chatty  : uid=1000(system) Binder:1006_C expire 2 lines
02-19 13:50:23.577  1006  1582 I chatty  : uid=1000(system) Binder:1006_8 expire 1 line
02-19 13:50:23.867  1006  9597 I chatty  : uid=1000(system) Binder:1006_14 expire 2 lines
02-19 13:50:25.241  1405 32296 W ContextImpl: Calling a method in the system process without a qualified user: android.app.ContextImpl.sendBroadcast:1057 android.content.ContextWrapper.sendBroadcast:448 X.Je.A00:155 X.Je.handleMessage:80 android.os.Handler.dispatchMessage:107 
02-19 13:50:32.105  1405 32328 W ContextImpl: Calling a method in the system process without a qualified user: android.app.ContextImpl.sendBroadcast:1057 android.content.ContextWrapper.sendBroadcast:448 X.Je.A00:155 X.Je.handleMessage:80 android.os.Handler.dispatchMessage:107 
02-19 13:50:32.411  1006  1045 I chatty  : uid=1000(system) ActivityManager expire 1 line
02-19 13:50:33.833  1405 32353 W ContextImpl: Calling a method in the system process without a qualified user: android.app.ContextImpl.sendBroadcast:1057 android.content.ContextWrapper.sendBroadcast:448 X.Je.A00:155 X.Je.handleMessage:80 android.os.Handler.dispatchMessage:107 
02-19 13:50:55.400  1006  1702 I chatty  : uid=1000(system) AdbDebuggingMan expire 1 line
02-19 13:50:55.473  1006  1035 I chatty  : uid=1000(system) android.fg expire 1 line
02-19 13:50:55.531  1006  1049 I chatty  : uid=1000(system) batterystats-wo expire 2 lines
02-19 13:50:55.550  1405   558 W ContextImpl: Calling a method in the system process without a qualified user: android.app.ContextImpl.sendBroadcast:1057 android.content.ContextWrapper.sendBroadcast:448 X.Je.A00:155 X.Je.handleMessage:80 android.os.Handler.dispatchMessage:107 
02-19 13:50:55.641  1006  1006 I chatty  : uid=1000 system_server expire 4 lines
02-19 13:50:56.450  1006  1035 I chatty  : uid=1000(system) android.fg expire 11 lines
02-19 13:50:57.117  1006  1645 I chatty  : uid=1000(system) HwBinder:1006_4 expire 1 line
02-19 13:51:01.831  1006  1037 I chatty  : uid=1000(system) android.io expire 1 line
02-19 13:51:01.871  1006  1049 I chatty  : uid=1000(system) batterystats-wo expire 2 lines
02-19 13:51:02.410  1006  1582 I chatty  : uid=1000(system) Binder:1006_8 expire 1 line
02-19 13:51:02.819  1006  1702 I chatty  : uid=1000(system) AdbDebuggingMan expire 1 line
02-19 13:51:03.120  1006  1053 I chatty  : uid=1000(system) PowerManagerSer expire 2 lines
02-19 13:51:03.834  1405   672 W ContextImpl: Calling a method in the system process without a qualified user: android.app.ContextImpl.sendBroadcast:1057 android.content.ContextWrapper.sendBroadcast:448 X.Je.A00:155 X.Je.handleMessage:80 android.os.Handler.dispatchMessage:107 
02-19 13:51:10.286  1006  4875 I chatty  : uid=1000(system) Binder:1006_F expire 2 lines
02-19 13:51:10.992  1006  1104 I chatty  : uid=1000(system) Binder:1006_3 expire 1 line
02-19 13:51:11.170  1006 15692 I chatty  : uid=1000(system) Binder:1006_1A expire 2 lines
02-19 13:51:11.809  1006  4999 I chatty  : uid=1000(system) Binder:1006_11 expire 1 line
02-19 13:51:11.933  1006  1036 I chatty  : uid=1000(system) android.ui expire 1 line
02-19 13:51:11.935  1006  1038 I chatty  : uid=1000(system) android.display expire 1 line
02-19 13:51:12.073  1006  9597 I chatty  : uid=1000(system) Binder:1006_14 expire 1 line
02-19 13:51:12.131  1006  1585 I chatty  : uid=1000(system) Binder:1006_9 expire 2 lines
02-19 13:51:12.164  1006  1036 I chatty  : uid=1000(system) android.ui expire 4 lines
02-19 13:51:12.237  1006  1104 I chatty  : uid=1000(system) Binder:1006_3 expire 5 lines
02-19 13:51:12.373  1006  1038 I chatty  : uid=1000(system) android.display expire 9 lines
02-19 13:51:13.992  1006  1778 I chatty  : uid=1000(system) LazyTaskWriterT expire 1 line
02-19 13:51:14.830  1405   758 W ContextImpl: Calling a method in the system process without a qualified user: android.app.ContextImpl.sendBroadcast:1057 android.content.ContextWrapper.sendBroadcast:448 X.Je.A00:155 X.Je.handleMessage:80 android.os.Handler.dispatchMessage:107 
--------- beginning of tracking
02-19 13:51:19.643   807 19025 D libtracker: VisionManagerHmd: Handling hand tracking setting enable
02-19 13:51:20.846   807 19025 D libtracker: VisionManagerHmd: Releasing handleHandTrackingSettingChange lock
02-19 13:51:21.955  1405   890 W ContextImpl: Calling a method in the system process without a qualified user: android.app.ContextImpl.sendBroadcast:1057 android.content.ContextWrapper.sendBroadcast:448 X.Je.A00:155 X.Je.handleMessage:80 android.os.Handler.dispatchMessage:107 
02-19 13:51:28.249  1006  1006 I chatty  : uid=1000 system_server expire 3 lines
02-19 13:51:28.270  1006  1053 I chatty  : uid=1000(system) PowerManagerSer expire 5 lines
02-19 13:51:28.375   807 19025 I TrackingService: Unregistering client by ITrackingService.unregisterClient
02-19 13:51:28.375   807 19025 I TrackingService: TrackingServiceHost Unregistering client: com.oculus.shellenv#2384
02-19 13:51:28.487   807 19025 I TrackingService: Unregistering client by ITrackingService.unregisterClient
02-19 13:51:28.487   807 19025 I TrackingService: TrackingServiceHost Unregistering client: com.oculus.vrshell#2478
02-19 13:51:28.550  1006  4875 I chatty  : uid=1000(system) Binder:1006_F expire 5 lines
02-19 13:51:28.787   807 19025 D TrackingService: Received transition request to SLEEP current is STANDBY
02-19 13:51:28.787   807 19025 D TrackingService: Executing transition from STANDBY to SLEEP
02-19 13:51:28.787   807 19025 D TrackingService: Setting power state to STANDBY
02-19 13:51:28.787   807 19025 I libtracker: Setting tracker power state to 1
02-19 13:51:28.878  1006  1582 I chatty  : uid=1000(system) Binder:1006_8 expire 2 lines
02-19 13:51:28.890   807   807 I TrackingService: Unregistering client by ITrackingService.unregisterClient
02-19 13:51:28.890   807   807 I TrackingService: TrackingServiceHost Unregistering client: com.oculus.guardian#2580
02-19 13:51:28.925   726 31923 I SyncBossFW: [info   ] {APPI}: Stopping camera streaming
02-19 13:51:28.925   726 31923 I SyncBossFW: [info   ] {BCAM}: Camera streaming stopped
02-19 13:51:28.949   807  1624 I libtracker: RUNNING -> STANDBY transition time: 161 ms
02-19 13:51:28.949   807 19025 D TrackingService: Scheduling delayed transition to SLEEP in 120000ms
02-19 13:51:28.962   807 19025 I TrackingService: Unregistering client by ITrackingService.unregisterClient
02-19 13:51:28.963   807 19025 I TrackingService: TrackingServiceHost Unregistering client: com.yur.fitquest#1815
02-19 13:52:11.485  1006  1044 I chatty  : uid=1000(system) ActivityManager expire 2 lines
02-19 13:52:11.558 17111 17111 E ActivityThread: Service com.weloveoculus.BMBFService has leaked IntentReceiver com.weloveoculus.BMBFService_UninstallBroadcastReceiver@c097796 that was originally registered here. Are you missing a call to unregisterReceiver()?
02-19 13:52:11.558 17111 17111 E ActivityThread: android.app.IntentReceiverLeaked: Service com.weloveoculus.BMBFService has leaked IntentReceiver com.weloveoculus.BMBFService_UninstallBroadcastReceiver@c097796 that was originally registered here. Are you missing a call to unregisterReceiver()?
02-19 13:52:11.558 17111 17111 E ActivityThread: 	at android.app.LoadedApk$ReceiverDispatcher.<init>(LoadedApk.java:1592)
02-19 13:52:11.558 17111 17111 E ActivityThread: 	at android.app.LoadedApk.getReceiverDispatcher(LoadedApk.java:1372)
02-19 13:52:11.558 17111 17111 E ActivityThread: 	at android.app.ContextImpl.registerReceiverInternal(ContextImpl.java:1527)
02-19 13:52:11.558 17111 17111 E ActivityThread: 	at android.app.ContextImpl.registerReceiver(ContextImpl.java:1500)
02-19 13:52:11.558 17111 17111 E ActivityThread: 	at android.app.ContextImpl.registerReceiver(ContextImpl.java:1488)
02-19 13:52:11.558 17111 17111 E ActivityThread: 	at android.content.ContextWrapper.registerReceiver(ContextWrapper.java:627)
02-19 13:52:11.558 17111 17111 E ActivityThread: 	at com.weloveoculus.BMBFService.n_onCreate(Native Method)
02-19 13:52:11.558 17111 17111 E ActivityThread: 	at com.weloveoculus.BMBFService.onCreate(BMBFService.java:41)
02-19 13:52:11.558 17111 17111 E ActivityThread: 	at android.app.ActivityThread.handleCreateService(ActivityThread.java:3962)
02-19 13:52:11.558 17111 17111 E ActivityThread: 	at android.app.ActivityThread.access$1500(ActivityThread.java:226)
02-19 13:52:11.558 17111 17111 E ActivityThread: 	at android.app.ActivityThread$H.handleMessage(ActivityThread.java:1884)
02-19 13:52:11.558 17111 17111 E ActivityThread: 	at android.os.Handler.dispatchMessage(Handler.java:107)
02-19 13:52:11.558 17111 17111 E ActivityThread: 	at android.os.Looper.loop(Looper.java:214)
02-19 13:52:11.558 17111 17111 E ActivityThread: 	at android.app.ActivityThread.main(ActivityThread.java:7387)
02-19 13:52:11.558 17111 17111 E ActivityThread: 	at java.lang.reflect.Method.invoke(Native Method)
02-19 13:52:11.558 17111 17111 E ActivityThread: 	at com.android.internal.os.RuntimeInit$MethodAndArgsCaller.run(RuntimeInit.java:492)
02-19 13:52:11.558 17111 17111 E ActivityThread: 	at com.android.internal.os.ZygoteInit.main(ZygoteInit.java:930)
02-19 13:52:17.868  1405  1068 W ContextImpl: Calling a method in the system process without a qualified user: android.app.ContextImpl.sendBroadcast:1057 android.content.ContextWrapper.sendBroadcast:448 X.Je.A00:155 X.Je.handleMessage:80 android.os.Handler.dispatchMessage:107 
02-19 13:52:22.896  1006 15692 I chatty  : uid=1000(system) Binder:1006_1A expire 1 line
02-19 13:52:35.170  1006  1315 I chatty  : uid=1000(system) Binder:1006_6 expire 2 lines
02-19 13:52:37.583   726   985 I SyncBossHAL: syncboss_hal_prox.c(41): INFO: Reporting prox event: prox_on
02-19 13:52:37.586  1006  1006 I chatty  : uid=1000 system_server expire 2 lines
02-19 13:52:37.588  1006  1053 I chatty  : uid=1000(system) PowerManagerSer expire 5 lines
02-19 13:52:37.589   807 19025 D TrackingService: Cancelling delayed transition to SLEEP
02-19 13:52:37.597   807 19025 D TrackingService: Received transition request to RUNNING current is SLEEP
02-19 13:52:37.597   807 19025 D TrackingService: Executing transition from SLEEP to STANDBY
02-19 13:52:37.597   807 19025 D TrackingService: Executing transition from STANDBY to RUNNING
02-19 13:52:37.597   807 19025 D TrackingService: Setting power state to RUNNING
02-19 13:52:37.597   807 19025 I libtracker: Setting tracker power state to 2
02-19 13:52:37.599   807  1624 I libtracker: Setting initial exposure: 0.005000, initial gain: 3.000000
02-19 13:52:37.624  1006  1038 I chatty  : uid=1000(system) android.display expire 10 lines
02-19 13:52:37.768   726 31923 I SyncBossFW: [info   ] {BCAM}: OV7251 sensors found - 0xf
02-19 13:52:37.788   726 31923 I SyncBossFW: [info   ] {APPI}: Camera probe, found: 0xf
02-19 13:52:37.798   726 31926 I SyncBossHAL: pulsar_manager.c(708): INFO: Setting controller LED config to period: 40000us, on-time: 34us
02-19 13:52:37.811   807   807 I TrackingService: TrackingService::getSharedMemoryFileDescriptor
02-19 13:52:37.811   807   880 I TrackingService: TrackingService::getSharedMemoryFileDescriptor
02-19 13:52:37.812   807   807 I TrackingService: TrackingService::registerClient
02-19 13:52:37.812   807   880 I TrackingService: TrackingService::registerClient
02-19 13:52:37.813   807   807 I TrackingService: Registering client with TrackingServiceHost (com.oculus.shellenv#2384)
02-19 13:52:37.813   807   880 I TrackingService: Registering client with TrackingServiceHost (com.oculus.vrshell#2478)
02-19 13:52:37.813   807   807 I TrackingService: Notifying client com.oculus.shellenv#2384 of new remote d9a2e25150bbd368
02-19 13:52:37.813   807   807 I TrackingService: Notifying client com.oculus.shellenv#2384 of new remote 31fa5f7958920bd9
02-19 13:52:37.813   807   807 I TrackingService: TrackingServiceHost GetSharedMemoryFileDescriptor for client com.oculus.shellenv#2384
02-19 13:52:37.813   807   807 I TrackingService: TrackingServiceHost registered common client; there are 0 secure clients
02-19 13:52:37.814   807   880 I TrackingService: Notifying client com.oculus.vrshell#2478 of new remote d9a2e25150bbd368
02-19 13:52:37.814   807   880 I TrackingService: Notifying client com.oculus.vrshell#2478 of new remote 31fa5f7958920bd9
02-19 13:52:37.815   807   880 I TrackingService: TrackingServiceHost GetSharedMemoryFileDescriptor for client com.oculus.vrshell#2478
02-19 13:52:37.815   807   880 I TrackingService: TrackingServiceHost registered common client; there are 0 secure clients
02-19 13:52:37.848   807  1624 D libtracker: VisionManagerHmd: Acquiring handleHandTrackingSettingChange lock
02-19 13:52:37.849   807  1624 D libtracker: VisionManagerHmd: Handling hand tracking setting enable
02-19 13:52:37.849   726 31923 I SyncBossFW: [info   ] {APPI}: Starting camera streaming
02-19 13:52:37.849   726 31923 I SyncBossFW: [info   ] {BCAM}: Camera streaming started
02-19 13:52:38.008   807  1624 D libtracker: VisionManagerHmd: Releasing handleHandTrackingSettingChange lock
02-19 13:52:38.008   807  1624 I libtracker: STANDBY -> RUNNING transition time: 410 ms
02-19 13:52:38.573  1006  1582 I chatty  : uid=1000(system) Binder:1006_8 expire 1 line
02-19 13:52:38.615   807 19025 I TrackingService: TrackingService::getSharedMemoryFileDescriptor
02-19 13:52:38.628   807 19025 I TrackingService: TrackingService::registerClient
02-19 13:52:38.628   807 19025 I TrackingService: Registering client with TrackingServiceHost (com.oculus.guardian#2580)
02-19 13:52:38.629   807 19025 I TrackingService: Notifying client com.oculus.guardian#2580 of new remote d9a2e25150bbd368
02-19 13:52:38.629   807 19025 I TrackingService: Notifying client com.oculus.guardian#2580 of new remote 31fa5f7958920bd9
02-19 13:52:38.630   807 19025 I TrackingService: TrackingServiceHost GetSharedMemoryFileDescriptor for client com.oculus.guardian#2580
02-19 13:52:38.630   807 19025 I TrackingService: TrackingServiceHost registered common client; there are 0 secure clients
02-19 13:52:38.724  1006  3671 I chatty  : uid=1000(system) Binder:1006_C expire 2 lines
02-19 13:52:38.786  1006  9439 I chatty  : uid=1000(system) Binder:1006_13 expire 2 lines
02-19 13:52:39.562  1006  1585 I chatty  : uid=1000(system) Binder:1006_9 expire 2 lines
02-19 13:52:39.615  1006  4875 I chatty  : uid=1000(system) Binder:1006_F expire 1 line
02-19 13:52:39.624  1006 20113 I chatty  : uid=1000(system) Binder:1006_1B expire 2 lines
02-19 13:52:39.636  1006  4875 I chatty  : uid=1000(system) Binder:1006_F expire 5 lines
02-19 13:52:39.696  1006  1038 I chatty  : uid=1000(system) android.display expire 11 lines
02-19 13:52:39.715  1006  1036 I chatty  : uid=1000(system) android.ui expire 4 lines
02-19 13:52:40.230   807 19025 I TrackingService: TrackingService::registerClient
02-19 13:52:40.230   807 19025 I TrackingService: Registering client with TrackingServiceHost (com.yur.fitquest#1815)
02-19 13:52:40.230   807 19025 I TrackingService: Notifying client com.yur.fitquest#1815 of new remote d9a2e25150bbd368
02-19 13:52:40.232   807 19025 I TrackingService: Notifying client com.yur.fitquest#1815 of new remote 31fa5f7958920bd9
02-19 13:52:40.234   807 19025 I TrackingService: TrackingServiceHost GetSharedMemoryFileDescriptor for client com.yur.fitquest#1815
02-19 13:52:40.234   807 19025 I TrackingService: TrackingServiceHost registered common client; there are 0 secure clients
02-19 13:52:40.234   807 19025 I TrackingService: TrackingService::getSharedMemoryFileDescriptor
02-19 13:52:40.349  1006  9439 I chatty  : uid=1000(system) Binder:1006_13 expire 1 line
02-19 13:52:40.492  1006  1006 I chatty  : uid=1000 system_server expire 4 lines
02-19 13:52:41.416  1006  1027 I chatty  : uid=1000(system) Binder:1006_2 expire 2 lines
02-19 13:52:41.575  1006  1778 I chatty  : uid=1000(system) LazyTaskWriterT expire 1 line
02-19 13:52:42.075   807 31931 D TrackingService: [HANDTRACKING] Controller d9a2e25150bbd368 in hand: Y, valid: Y
02-19 13:52:42.090   807 19025 D libtracker: VisionManagerHmd: Acquiring handleHandTrackingSettingChange lock
02-19 13:52:42.094   807 19025 D libtracker: VisionManagerHmd: Handling hand tracking setting disable
02-19 13:52:42.110   807 19025 I libtracker: ConstellationTrackingGlue: setEnableExtendedDeadreckoning to false
02-19 13:52:42.110   807 19025 D libtracker: VisionManagerHmd: Releasing handleHandTrackingSettingChange lock
02-19 13:52:42.677  1006  4999 I chatty  : uid=1000(system) Binder:1006_11 expire 2 lines
02-19 13:52:43.872  1405  1254 W ContextImpl: Calling a method in the system process without a qualified user: android.app.ContextImpl.sendBroadcast:1057 android.content.ContextWrapper.sendBroadcast:448 X.Je.A00:155 X.Je.handleMessage:80 android.os.Handler.dispatchMessage:107 
02-19 13:52:48.595   807 19025 I TrackingService: getTrackingSocketFileDescriptor
02-19 13:52:48.595   807 19025 D TrackingService: haptic socket already exists
02-19 13:52:49.024   807 31931 D TrackingService: [HANDTRACKING] Controller 31fa5f7958920bd9 in hand: Y, valid: Y
02-19 13:52:52.294  1006  1045 I chatty  : uid=1000(system) ActivityManager expire 1 line
02-19 13:52:52.361   807 19025 I TrackingService: Unregistering client by ITrackingService.unregisterClient
02-19 13:52:52.363   807 19025 I TrackingService: TrackingServiceHost Unregistering client: com.oculus.shellenv#2384
02-19 13:52:52.548  1006 21163 I chatty  : uid=1000(system) Binder:1006_1C expire 1 line
02-19 13:52:53.116   807 19025 I TrackingService: Unregistering client by ITrackingService.unregisterClient
02-19 13:52:53.116   807 19025 I TrackingService: TrackingServiceHost Unregistering client: com.oculus.vrshell#2478
02-19 13:52:54.834  1405  1345 W ContextImpl: Calling a method in the system process without a qualified user: android.app.ContextImpl.sendBroadcast:1057 android.content.ContextWrapper.sendBroadcast:448 X.Je.A00:155 X.Je.handleMessage:80 android.os.Handler.dispatchMessage:107 
02-19 13:52:54.988   807 31931 D TrackingService: [HANDTRACKING] Controller 31fa5f7958920bd9 in hand: N, valid: Y
02-19 13:52:56.810   807 19025 I TrackingService: TrackingService::getSharedMemoryFileDescriptor
02-19 13:52:56.811   807   880 I TrackingService: TrackingService::registerClient
02-19 13:52:56.812   807   880 I TrackingService: Registering client with TrackingServiceHost (com.beatgames.beatsaber#1357)
02-19 13:52:56.812   807   880 I TrackingService: Notifying client com.beatgames.beatsaber#1357 of new remote d9a2e25150bbd368
02-19 13:52:56.813   807   880 I TrackingService: Notifying client com.beatgames.beatsaber#1357 of new remote 31fa5f7958920bd9
02-19 13:52:56.813   807   880 I TrackingService: TrackingServiceHost GetSharedMemoryFileDescriptor for client com.beatgames.beatsaber#1357
02-19 13:52:56.813   807   880 I TrackingService: TrackingServiceHost registered common client; there are 0 secure clients
02-19 13:52:56.956  1006  1038 I chatty  : uid=1000(system) android.display expire 2 lines
02-19 13:52:57.113  1006  3671 I chatty  : uid=1000(system) Binder:1006_C expire 1 line
02-19 13:52:57.115  1006  4999 I chatty  : uid=1000(system) Binder:1006_11 expire 1 line
02-19 13:52:57.271  1006  3671 I chatty  : uid=1000(system) Binder:1006_C expire 2 lines
02-19 13:52:57.310  1006  1038 I chatty  : uid=1000(system) android.display expire 10 lines
02-19 13:52:57.403  1006  1315 I chatty  : uid=1000(system) Binder:1006_6 expire 1 line
02-19 13:53:01.170  1405  1424 W ContextImpl: Calling a method in the system process without a qualified user: android.app.ContextImpl.sendBroadcast:1057 android.content.ContextWrapper.sendBroadcast:448 X.Je.A00:155 X.Je.handleMessage:80 android.os.Handler.dispatchMessage:107 
02-19 13:53:05.865   807 31931 D TrackingService: [HANDTRACKING] Controller 31fa5f7958920bd9 in hand: Y, valid: Y
02-19 13:53:08.028   807 31931 D TrackingService: [HANDTRACKING] Controller 31fa5f7958920bd9 in hand: N, valid: Y
02-19 13:53:10.905   807 31931 D TrackingService: [HANDTRACKING] Controller 31fa5f7958920bd9 in hand: Y, valid: Y
02-19 13:53:12.608   807 31931 D TrackingService: [HANDTRACKING] Controller d9a2e25150bbd368 in hand: N, valid: Y
02-19 13:53:13.385   807 31931 D TrackingService: [HANDTRACKING] Controller 31fa5f7958920bd9 in hand: N, valid: Y
02-19 13:53:17.877  1405  1634 W ContextImpl: Calling a method in the system process without a qualified user: android.app.ContextImpl.sendBroadcast:1057 android.content.ContextWrapper.sendBroadcast:448 X.Je.A00:155 X.Je.handleMessage:80 android.os.Handler.dispatchMessage:107 
02-19 13:53:18.428   807 31931 D TrackingService: [HANDTRACKING] Controller d9a2e25150bbd368 in hand: Y, valid: Y
02-19 13:53:18.865   807 31931 D TrackingService: [HANDTRACKING] Controller 31fa5f7958920bd9 in hand: Y, valid: Y
02-19 13:53:19.543   807   880 I TrackingService: getTrackingSocketFileDescriptor
02-19 13:53:19.543   807   880 D TrackingService: haptic socket already exists
02-19 13:53:20.886   807 31931 D TrackingService: [HANDTRACKING] Controller d9a2e25150bbd368 in hand: N, valid: Y
02-19 13:53:21.266   807 31931 D TrackingService: [HANDTRACKING] Controller 31fa5f7958920bd9 in hand: N, valid: Y
02-19 13:53:21.665   807 31931 D TrackingService: [HANDTRACKING] Controller d9a2e25150bbd368 in hand: Y, valid: Y
02-19 13:53:29.627  1357  1418 E AndroidRuntime: FATAL EXCEPTION: UnityMain
02-19 13:53:29.627  1357  1418 E AndroidRuntime: Process: com.beatgames.beatsaber, PID: 1357
02-19 13:53:29.627  1357  1418 E AndroidRuntime: java.lang.Error: *** *** *** *** *** *** *** *** *** *** *** *** *** *** *** ***
02-19 13:53:29.627  1357  1418 E AndroidRuntime: Version '2019.3.15f1 (59ff3e03856d)', Build type 'Release', Scripting Backend 'il2cpp', CPU 'arm64-v8a'
02-19 13:53:29.627  1357  1418 E AndroidRuntime: Build fingerprint: 'oculus/hollywood/hollywood:10/QQ3A.200805.001/13969800083700000:user/release-keys'
02-19 13:53:29.627  1357  1418 E AndroidRuntime: Revision: '0'
02-19 13:53:29.627  1357  1418 E AndroidRuntime: ABI: 'arm64'
02-19 13:53:29.627  1357  1418 E AndroidRuntime: Timestamp: 2021-02-19 13:53:28+0000
02-19 13:53:29.627  1357  1418 E AndroidRuntime: pid: 1357, tid: 1418, name: UnityMain  >>> com.beatgames.beatsaber <<<
02-19 13:53:29.627  1357  1418 E AndroidRuntime: uid: 10112
02-19 13:53:29.627  1357  1418 E AndroidRuntime: signal 11 (SIGSEGV), code 1 (SEGV_MAPERR), fault addr 0xe8
02-19 13:53:29.627  1357  1418 E AndroidRuntime: Cause: null pointer dereference
02-19 13:53:29.627  1357  1418 E AndroidRuntime:     x0  0000000000000000  x1  0000007b50ec6730  x2  0000000000000000  x3  0000007b093d6ab8
02-19 13:53:29.627  1357  1418 E AndroidRuntime:     x4  0000000000000000  x5  0000007bd07b9e30  x6  0000007bd07b9e30  x7  0000007bd07b9e30
02-19 13:53:29.627  1357  1418 E AndroidRuntime:     x8  0000007bbe3fd0e8  x9  0000000000080000  x10 0000000000180000  x11 0000000000000000
02-19 13:53:29.627  1357  1418 E AndroidRuntime:     x12 0000000000000001  x13 0000000000000008  x14 fffffffffc000000  x15 d040000800800000
02-19 13:53:29.627  1357  1418 E AndroidRuntime:     x16 0000007bdcd34c20  x17 0000007bee5c28c0  x18 0000000000000000  x19 0000007bec3d3f78
02-19 13:53:29.627  1357  1418 E AndroidRuntime:     x20 0000007b093d6ab8  x21 0000000000000000  x22 0000007b50ec6730  x23 0000007bdd33d298
02-19 13:53:29.627  1357  1418 E AndroidRuntime:     x24 0000007bee46bbb0  x25 0000007bec3d4091  x26 0000000000000001  x27 0000000000000898
02-19 13:53:29.627  1357  1418 E AndroidRuntime:     x28 0000007bec3d4078  x29 0000007bec3d3f20
02-19 13:53:29.627  1357  1418 E AndroidRuntime:     sp  0000007bec3d3f20  lr  0000007bbd94d4c8  pc  0000007bbe3fd0e8
02-19 13:53:29.627  1357  1418 E AndroidRuntime: 
02-19 13:53:29.627  1357  1418 E AndroidRuntime: backtrace:
02-19 13:53:29.627  1357  1418 E AndroidRuntime:       #00 pc 00000000018110e8  /data/app/com.beatgames.beatsaber-eTi0ROYhCBMc76JSqkBTTQ==/lib/arm64/libil2cpp.so (BuildId: 2f6040f47a364c52fab9898dd21b9aeb6d1c52f0)
02-19 13:53:29.627  1357  1418 E AndroidRuntime:       #01 pc 0000000000d614c4  /data/app/com.beatgames.beatsaber-eTi0ROYhCBMc76JSqkBTTQ==/lib/arm64/libil2cpp.so (BuildId: 2f6040f47a364c52fab9898dd21b9aeb6d1c52f0)
02-19 13:53:29.627  1357  1418 E AndroidRuntime:       #02 pc 0000000000e6daf0  /data/app/com.beatgames.beatsaber-eTi0ROYhCBMc76JSqkBTTQ==/lib/arm64/libil2cpp.so (BuildId: 2f6040f47a364c52fab9898dd21b9aeb6d1c52f0)
02-19 13:53:29.627  1357  1418 E AndroidRuntime:       #03 pc 000000000687b3a8  /data/data/com.beatgames.beatsaber/libcodegen_0_6_2.so (void il2cpp_utils::RunMethodThrow<void, false, UnityEngine::UI::Image*, float&>(UnityEngine::UI::Image*&&, MethodInfo const*, float&&&)+188) (BuildId: 02e5dbea44cd20d091b068ee1221df2a4970e48c)
02-19 13:53:29.627  1357  1418 E AndroidRuntime:       #04 pc 000000000687cd58  /data/data/com.beatgames.beatsaber/libcodegen_0_6_2.so (UnityEngine::UI::Image::set_alphaHitTestMinimumThreshold(float)+88) (BuildId: 02e5dbea44cd20d091b068ee1221df2a4970e48c)
02-19 13:53:29.627  1357  1418 E AndroidRuntime:       #05 pc 00000000000d93dc  /data/data/com.beatgames.beatsaber/libquestui.so (QuestUI::Backgroundable::ApplyBackgroundWithAlpha(Il2CppString*, float)+956) (BuildId: 429d9b431a12f70523c5b5a2f7b1a1a86ff8cf2a)
02-19 13:53:29.627  1357  1418 E AndroidRuntime:       #06 pc 00000000000a4f98  /data/data/com.beatgames.beatsaber/libquestui.so (QuestUI::BeatSaberUI::CreateFloatingScreen(UnityEngine::Vector2, UnityEngine::Vector3, UnityEngine::Quaternion, float, bool)+184) (BuildId: 429d9b431a12f70523c5b5a2f7b1a1a86ff8cf2a)
02-19 13:53:29.627  1357  1418 E AndroidRuntime:       #07 pc 00000000000cdd10  /data/data/com.beatgames.beatsaber/libquestui.so (hook_MMVC_DidActivate(GlobalNamespace::MainMenuViewController*, bool, bool, bool)+100) (BuildId: 429d9b431a12f70523c5b5a2f7b1a1a86ff8cf2a)
02-19 13:53:29.627  1357  1418 E AndroidRuntime:       #08 pc 0000000002245440  /data/app/com.beatgames.beatsaber-eTi0ROYhCBMc76JSqkBTTQ==/lib/arm64/libil2cpp.so (BuildId: 2f6040f47a364c52fab9898dd21b9aeb6d1c52f0)
02-19 13:53:29.627  1357  1418 E AndroidRuntime:       #09 pc 00000000011ba478  /data/app/com.beatgames.beatsaber-eTi0ROYhCBMc76JSqkBTTQ==/lib/arm64/libil2cpp.so (BuildId: 2f6040f47a364c52fab9898dd21b9aeb6d1c52f0)
02-19 13:53:29.627  1357  1418 E AndroidRuntime:       #10 pc 0000000001ab2544  /data/app/com.beatgames.beatsaber-eTi0ROYhCBMc76JSqkBTTQ==/lib/arm64/libil2cpp.so (BuildId: 2f6040f47a364c52fab9898dd21b9aeb6d1c52f0)
02-19 13:53:29.627  1357  1418 E AndroidRuntime:       #11 pc 0000000000d6db74  /data/app/com.beatgames.beatsaber-eTi0ROYhCBMc76JSqkBTTQ==/lib/arm64/libil2cpp.so (BuildId: 2f6040f47a364c52fab9898dd21b9aeb6d1c52f0)
02-19 13:53:29.627  1357  1418 E AndroidRuntime:       #12 pc 0000000000e6daf0  /data/app/com.beatgames.beatsaber-eTi0ROYhCBMc76JSqkBTTQ==/lib/arm64/libil2cpp.so (BuildId: 2f6040f47a364c52fab9898dd21b9aeb6d1c52f0)
02-19 13:53:29.628  1357  1418 E AndroidRuntime: 	at libcodegen_0_6_2.UnityEngine::UI::Image::set_alphaHitTestMinimumThreshold(float)(set_alphaHitTestMinimumThreshold:88)
02-19 13:53:29.628  1357  1418 E AndroidRuntime: 	at libquestui.QuestUI::Backgroundable::ApplyBackgroundWithAlpha(Il2CppString*, float)(ApplyBackgroundWithAlpha:956)
02-19 13:53:29.628  1357  1418 E AndroidRuntime: 	at libquestui.QuestUI::BeatSaberUI::CreateFloatingScreen(UnityEngine::Vector2, UnityEngine::Vector3, UnityEngine::Quaternion, float, bool)(CreateFloatingScreen:184)
02-19 13:53:29.628  1357  1418 E AndroidRuntime: 	at libquestui.hook_MMVC_DidActivate(GlobalNamespace::MainMenuViewController*, bool, bool, bool)(hook_MMVC_DidActivate:100)
02-19 13:53:29.628  1357  1418 E AndroidRuntime: 	at libil2cpp.0x2245440(Native Method)
02-19 13:53:29.628  1357  1418 E AndroidRuntime: 	at libil2cpp.0x11ba478(Native Method)
02-19 13:53:29.628  1357  1418 E AndroidRuntime: 	at libil2cpp.0x1ab2544(Native Method)
02-19 13:53:29.628  1357  1418 E AndroidRuntime: 	at libil2cpp.0xd6db74(Native Method)
02-19 13:53:29.628  1357  1418 E AndroidRuntime: 	at libil2cpp.0xe6daf0(Native Method)
02-19 13:53:29.628  1357  1418 E AndroidRuntime: 	at libunity.0x5c38b4(Native Method)
02-19 13:53:29.628  1357  1418 E AndroidRuntime: 	at libunity.0x5d01cc(Native Method)
02-19 13:53:29.628  1357  1418 E AndroidRuntime: 	at libunity.0x5d7c60(Native Method)
02-19 13:53:29.628  1357  1418 E AndroidRuntime: 	at libunity.0x5d7854(Native Method)
02-19 13:53:29.628  1357  1418 E AndroidRuntime: 	at libunity.0x5d9918(Native Method)
02-19 13:53:29.628  1357  1418 E AndroidRuntime: 	at libunity.0x5d9cdc(Native Method)
02-19 13:53:29.628  1357  1418 E AndroidRuntime: 	at libunity.0x6aa50c(Native Method)
02-19 13:53:29.628  1357  1418 E AndroidRuntime: 	at libil2cpp.0x11fdff4(Native Method)
02-19 13:53:29.628  1357  1418 E AndroidRuntime: 	at libil2cpp.0x1063104(Native Method)
02-19 13:53:29.628  1357  1418 E AndroidRuntime: 	at libil2cpp.0x1ab2544(Native Method)
02-19 13:53:29.628  1357  1418 E AndroidRuntime: 	at libil2cpp.0xd6db74(Native Method)
02-19 13:53:29.628  1357  1418 E AndroidRuntime: 	at libil2cpp.0xe6daf0(Native Method)
02-19 13:53:29.628  1357  1418 E AndroidRuntime: 	at libunity.0x5c38b4(Native Method)
02-19 13:53:29.628  1357  1418 E AndroidRuntime: 	at libunity.0x5d01cc(Native Method)
02-19 13:53:29.628  1357  1418 E AndroidRuntime: 	at libunity.0x5d7c60(Native Method)
02-19 13:53:29.628  1357  1418 E AndroidRuntime: 	at libunity.0x5d7854(Native Method)
02-19 13:53:29.628  1357  1418 E AndroidRuntime: 	at libunity.0x42d318(Native Method)
02-19 13:53:29.628  1357  1418 E AndroidRuntime: 	at libunity.0x5006dc(Native Method)
02-19 13:53:29.628  1357  1418 E AndroidRuntime: 	at libunity.0x500710(Native Method)
02-19 13:53:29.636  1006  1672 I chatty  : uid=1000 system_server expire 1 line
02-19 13:53:29.849   807   880 I TrackingService: Unregistering client 'com.beatgames.beatsaber#1357' by binder death
02-19 13:53:29.857  1006  1585 I chatty  : uid=1000(system) Binder:1006_9 expire 2 lines
02-19 13:53:29.857   807   880 I TrackingService: TrackingServiceHost Unregistering client: com.beatgames.beatsaber#1357
02-19 13:53:29.866  1006 10733 I chatty  : uid=1000(system) Binder:1006_18 expire 1 line
02-19 13:53:30.049  1006  1036 I chatty  : uid=1000(system) android.ui expire 6 lines
02-19 13:53:30.216  1006  4875 I chatty  : uid=1000(system) Binder:1006_F expire 5 lines
02-19 13:53:30.230   807   880 I TrackingService: TrackingService::getSharedMemoryFileDescriptor
02-19 13:53:30.231   807   880 I TrackingService: TrackingService::registerClient
02-19 13:53:30.232   807   880 I TrackingService: Registering client with TrackingServiceHost (com.oculus.vrshell#2478)
02-19 13:53:30.232   807   880 I TrackingService: Notifying client com.oculus.vrshell#2478 of new remote d9a2e25150bbd368
02-19 13:53:30.232   807   880 I TrackingService: Notifying client com.oculus.vrshell#2478 of new remote 31fa5f7958920bd9
02-19 13:53:30.232   807   880 I TrackingService: TrackingServiceHost GetSharedMemoryFileDescriptor for client com.oculus.vrshell#2478
02-19 13:53:30.232   807   880 I TrackingService: TrackingServiceHost registered common client; there are 0 secure clients
02-19 13:53:30.272   807   880 I TrackingService: TrackingService::getSharedMemoryFileDescriptor
02-19 13:53:30.272   807   880 I TrackingService: TrackingService::registerClient
02-19 13:53:30.273   807   880 I TrackingService: Registering client with TrackingServiceHost (com.oculus.shellenv#2384)
02-19 13:53:30.273   807   880 I TrackingService: Notifying client com.oculus.shellenv#2384 of new remote d9a2e25150bbd368
02-19 13:53:30.273   807   880 I TrackingService: Notifying client com.oculus.shellenv#2384 of new remote 31fa5f7958920bd9
02-19 13:53:30.273   807   880 I TrackingService: TrackingServiceHost GetSharedMemoryFileDescriptor for client com.oculus.shellenv#2384
02-19 13:53:30.273   807   880 I TrackingService: TrackingServiceHost registered common client; there are 0 secure clients
02-19 13:53:30.513  1006 21163 I chatty  : uid=1000(system) Binder:1006_1C expire 2 lines
02-19 13:53:31.074  1006  1314 I chatty  : uid=1000(system) Binder:1006_5 expire 1 line
02-19 13:53:31.233  1006  4852 I chatty  : uid=1000(system) Binder:1006_E expire 1 line
02-19 13:53:31.845  1006  1027 I chatty  : uid=1000(system) Binder:1006_2 expire 1 line
02-19 13:53:32.095  1006  9597 I chatty  : uid=1000(system) Binder:1006_14 expire 3 lines
02-19 13:53:32.165  1006  4819 I chatty  : uid=1000(system) Binder:1006_D expire 2 lines
02-19 13:53:32.250  1006  1038 I chatty  : uid=1000(system) android.display expire 10 lines
02-19 13:53:32.252  1006  1036 I chatty  : uid=1000(system) android.ui expire 6 lines
02-19 13:53:32.956  1405  1692 W ContextImpl: Calling a method in the system process without a qualified user: android.app.ContextImpl.sendBroadcast:1057 android.content.ContextWrapper.sendBroadcast:448 X.Je.A00:155 X.Je.handleMessage:80 android.os.Handler.dispatchMessage:107 
02-19 13:53:33.105   807 31931 D TrackingService: [HANDTRACKING] Controller 31fa5f7958920bd9 in hand: Y, valid: Y
02-19 13:53:33.730  1006  1778 I chatty  : uid=1000(system) LazyTaskWriterT expire 1 line
02-19 13:53:35.089   807 31931 D TrackingService: [HANDTRACKING] Controller d9a2e25150bbd368 in hand: N, valid: Y
02-19 13:53:35.304  1006  1702 I chatty  : uid=1000(system) AdbDebuggingMan expire 2 lines
02-19 13:53:35.305  1006  1035 I chatty  : uid=1000(system) android.fg expire 6 lines
02-19 13:53:35.331  1006  1049 I chatty  : uid=1000(system) batterystats-wo expire 4 lines
02-19 13:53:35.586   807 31931 D TrackingService: [HANDTRACKING] Controller 31fa5f7958920bd9 in hand: N, valid: Y
02-19 13:53:35.614   807   880 D libtracker: VisionManagerHmd: Acquiring handleHandTrackingSettingChange lock
02-19 13:53:35.616   807   880 D libtracker: VisionManagerHmd: Handling hand tracking setting enable
02-19 13:53:35.981   807   880 D libtracker: VisionManagerHmd: Releasing handleHandTrackingSettingChange lock
02-19 13:53:36.393  1006 10733 I chatty  : uid=1000(system) Binder:1006_18 expire 1 line
02-19 13:53:36.871   726   985 I SyncBossHAL: syncboss_hal_prox.c(41): INFO: Reporting prox event: prox_off
02-19 13:53:36.888   807   880 D TrackingService: Received transition request to STANDBY current is RUNNING
02-19 13:53:36.888   807   880 D TrackingService: Executing transition from RUNNING to STANDBY
02-19 13:53:38.872  1405  1726 W ContextImpl: Calling a method in the system process without a qualified user: android.app.ContextImpl.sendBroadcast:1057 android.content.ContextWrapper.sendBroadcast:448 X.Je.A00:155 X.Je.handleMessage:80 android.os.Handler.dispatchMessage:107 
02-19 13:53:43.054  1006 10951 I chatty  : uid=1000(system) Binder:1006_19 expire 1 line
02-19 13:53:43.780  1405  1753 W ContextImpl: Calling a method in the system process without a qualified user: android.app.ContextImpl.sendBroadcast:1057 android.content.ContextWrapper.sendBroadcast:448 X.Je.A00:155 X.Je.handleMessage:80 android.os.Handler.dispatchMessage:107 
02-19 13:53:47.560  1006  1037 I chatty  : uid=1000(system) android.io expire 1 line
02-19 13:53:50.869  1006  4999 I chatty  : uid=1000(system) Binder:1006_11 expire 3 lines
02-19 13:53:50.982   807   880 I TrackingService: Unregistering client by ITrackingService.unregisterClient
02-19 13:53:50.982   807   880 I TrackingService: TrackingServiceHost Unregistering client: com.oculus.shellenv#2384
02-19 13:53:51.182   807   880 I TrackingService: Unregistering client by ITrackingService.unregisterClient
02-19 13:53:51.183   807   880 I TrackingService: TrackingServiceHost Unregistering client: com.oculus.vrshell#2478
02-19 13:53:51.196  1006  1053 I chatty  : uid=1000(system) PowerManagerSer expire 14 lines
02-19 13:53:51.217   807   880 I TrackingService: TrackingService::getSharedMemoryFileDescriptor
02-19 13:53:51.219   807   880 I TrackingService: TrackingService::registerClient
02-19 13:53:51.219   807   880 I TrackingService: Registering client with TrackingServiceHost (com.android.systemui#1191)
02-19 13:53:51.221   807   880 I TrackingService: Notifying client com.android.systemui#1191 of new remote d9a2e25150bbd368
02-19 13:53:51.222   807   880 I TrackingService: Notifying client com.android.systemui#1191 of new remote 31fa5f7958920bd9
02-19 13:53:51.222   807   880 I TrackingService: TrackingServiceHost GetSharedMemoryFileDescriptor for client com.android.systemui#1191
02-19 13:53:51.222   807   880 I TrackingService: TrackingServiceHost registered first secure client
02-19 13:53:51.222   807   880 I TrackingService: TrackingServiceHost knows of 1 secure clients
02-19 13:53:51.370  1006  1035 I chatty  : uid=1000(system) android.fg expire 7 lines
02-19 13:53:51.394  1006  4999 I chatty  : uid=1000(system) Binder:1006_11 expire 4 lines
02-19 13:53:51.886  1006  1006 I chatty  : uid=1000 system_server expire 5 lines
02-19 13:53:52.000  1006  1038 I chatty  : uid=1000(system) android.display expire 4 lines
02-19 13:53:52.444   807   880 D TrackingService: Received transition request to SLEEP current is STANDBY
02-19 13:53:52.444   807   880 D TrackingService: Executing transition from STANDBY to SLEEP
02-19 13:53:52.444   807   880 D TrackingService: Setting power state to STANDBY
02-19 13:53:52.444   807   880 I libtracker: Setting tracker power state to 1
02-19 13:53:52.459  1006 10733 I chatty  : uid=1000(system) Binder:1006_18 expire 2 lines
02-19 13:53:52.487   807   807 I TrackingService: Unregistering client by ITrackingService.unregisterClient
02-19 13:53:52.487   807   807 I TrackingService: TrackingServiceHost Unregistering client: com.android.systemui#1191
02-19 13:53:52.487   807   807 I TrackingService: TrackingServiceHost unregistered last secure client
02-19 13:53:52.570   726 31923 I SyncBossFW: [info   ] {APPI}: Stopping camera streaming
02-19 13:53:52.570   726 31923 I SyncBossFW: [info   ] {BCAM}: Camera streaming stopped
02-19 13:53:52.596   807  1624 I libtracker: RUNNING -> STANDBY transition time: 151 ms
02-19 13:53:52.596   807   880 D TrackingService: Scheduling delayed transition to SLEEP in 120000ms
02-19 13:53:52.615  1006  1026 I chatty  : uid=1000(system) Binder:1006_1 expire 1 line
02-19 13:53:52.641   807   880 I TrackingService: Unregistering client by ITrackingService.unregisterClient
02-19 13:53:52.641   807   880 I TrackingService: TrackingServiceHost Unregistering client: com.oculus.guardian#2580
02-19 13:53:52.689   807   880 I TrackingService: Unregistering client by ITrackingService.unregisterClient
02-19 13:53:52.689   807   880 I TrackingService: TrackingServiceHost Unregistering client: com.yur.fitquest#1815
02-19 13:53:54.704   726   985 I SyncBossHAL: syncboss_hal_prox.c(41): INFO: Reporting prox event: prox_on
02-19 13:53:54.708   807   880 D TrackingService: Cancelling delayed transition to SLEEP
02-19 13:53:54.716   807   880 D TrackingService: Received transition request to RUNNING current is SLEEP
02-19 13:53:54.716   807   880 D TrackingService: Executing transition from SLEEP to STANDBY
02-19 13:53:54.716   807   880 D TrackingService: Executing transition from STANDBY to RUNNING
02-19 13:53:54.716   807   880 D TrackingService: Setting power state to RUNNING
02-19 13:53:54.716   807   880 I libtracker: Setting tracker power state to 2
02-19 13:53:54.719   807  1624 I libtracker: Setting initial exposure: 0.005000, initial gain: 3.000000
02-19 13:53:54.802   807   807 I TrackingService: TrackingService::getSharedMemoryFileDescriptor
02-19 13:53:54.812   807 19025 I TrackingService: TrackingService::registerClient
02-19 13:53:54.813   807 19025 I TrackingService: Registering client with TrackingServiceHost (com.android.systemui#1191)
02-19 13:53:54.822   807 19025 I TrackingService: Notifying client com.android.systemui#1191 of new remote d9a2e25150bbd368
02-19 13:53:54.824   807 19025 I TrackingService: Notifying client com.android.systemui#1191 of new remote 31fa5f7958920bd9
02-19 13:53:54.824   807 19025 I TrackingService: TrackingServiceHost GetSharedMemoryFileDescriptor for client com.android.systemui#1191
02-19 13:53:54.824   807 19025 I TrackingService: TrackingServiceHost registered first secure client
02-19 13:53:54.825   807 19025 I TrackingService: TrackingServiceHost knows of 1 secure clients
02-19 13:53:54.879   726 31923 I SyncBossFW: [info   ] {BCAM}: OV7251 sensors found - 0xf
02-19 13:53:54.899   726 31923 I SyncBossFW: [info   ] {APPI}: Camera probe, found: 0xf
02-19 13:53:54.909   726 31926 I SyncBossHAL: pulsar_manager.c(708): INFO: Setting controller LED config to period: 40000us, on-time: 34us
02-19 13:53:54.966   807  1624 D libtracker: VisionManagerHmd: Acquiring handleHandTrackingSettingChange lock
02-19 13:53:54.966   807  1624 D libtracker: VisionManagerHmd: Handling hand tracking setting enable
02-19 13:53:54.970   726 31923 I SyncBossFW: [info   ] {APPI}: Starting camera streaming
02-19 13:53:54.970   726 31923 I SyncBossFW: [info   ] {BCAM}: Camera streaming started
02-19 13:53:55.126   807  1624 D libtracker: VisionManagerHmd: Releasing handleHandTrackingSettingChange lock
02-19 13:53:55.126   807  1624 I libtracker: STANDBY -> RUNNING transition time: 410 ms
02-19 13:53:55.688   807   880 I TrackingService: TrackingService::getSharedMemoryFileDescriptor
02-19 13:53:55.690   807 19025 I TrackingService: TrackingService::registerClient
02-19 13:53:55.691   807 19025 I TrackingService: Registering client with TrackingServiceHost (com.oculus.guardian#2580)
02-19 13:53:55.692   807 19025 I TrackingService: Notifying client com.oculus.guardian#2580 of new remote d9a2e25150bbd368
02-19 13:53:55.692   807 19025 I TrackingService: Notifying client com.oculus.guardian#2580 of new remote 31fa5f7958920bd9
