02-19 14:10:26.855   807  4026 I TrackingService: Notifying client com.oculus.shellenv#2384 of new primary remote 31fa5f7958920bd9
02-19 14:10:26.855   807  4026 I TrackingService: Notifying client com.yur.fitquest#1815 of new primary remote 31fa5f7958920bd9
02-19 14:10:26.861   726  4019 I SyncBossFW: [info   ] {APPI}: Found 2 connected pulsar devices
02-19 14:10:26.883   807  4026 W libtracker: Attempted to control leds, but gatekeeper is disabled. Skipping operation.
02-19 14:10:26.917   807  4026 D TrackingService: [HANDTRACKING] Controller 31fa5f7958920bd9 in hand: Y, valid: Y
02-19 14:10:26.918   726  4021 I SyncBossHAL: pulsar_manager.c(421): INFO: d9a2e251xxxxxxxx: Configuring IR LED to ontime = 34, period = 40000
02-19 14:10:26.920   726  4022 I SyncBossInput: [jedi (right) 31fa5f79xxxxxxxx]: 2940404 [info   ] {THDG}: active_seek -> inactive_seek
02-19 14:10:26.923   726  4021 I SyncBossHAL: pulsar_manager.c(304): INFO: Finished getting cache data for controller
02-19 14:10:26.923   726  4021 I SyncBossHAL:     id            : d9a2e251xxxxxxxx
02-19 14:10:26.923   726  4021 I SyncBossHAL:     pulsar_type   : 0x08001401
02-19 14:10:26.923   726  4021 I SyncBossHAL:     connection id : 0x2
02-19 14:10:26.923   726  4021 I SyncBossHAL:     fw ver        : 1.6.0
02-19 14:10:26.923   726  4021 I SyncBossHAL:     spl ver       : 1.5.0
02-19 14:10:26.923   726  4021 I SyncBossHAL:     serial        : 1WMHCL20K70336
02-19 14:10:26.923   726  4021 I SyncBossHAL:     handedness    : left
02-19 14:10:26.923   726  4021 I SyncBossHAL:     battery state : 40%
02-19 14:10:26.923   726  4021 I SyncBossHAL: pulsar_manager.c(318): INFO: Jedi-specific cache data:
02-19 14:10:26.923   726  4021 I SyncBossHAL:     captouch ver  : 1.4.0
02-19 14:10:26.923   726  4021 I SyncBossHAL: pulsar_manager.c(743): INFO: Setting transmit power for all connected controllers to -4 dBm
02-19 14:10:26.929   807  4026 D TrackingCore: TrackingDataPostProcessor: Registered d9a2e25150bbd368
02-19 14:10:26.929   807  4026 I TrackingService: Registering primary controller d9a2e25150bbd368 in slot 1
02-19 14:10:26.937   726  4021 I SyncBossHAL: pulsar_manager.c(743): INFO: Setting transmit power for all connected controllers to -4 dBm
02-19 14:10:26.940   807   880 D libtracker: VisionManagerHmd: Acquiring handleHandTrackingSettingChange lock
02-19 14:10:26.943   807   880 D libtracker: VisionManagerHmd: Handling hand tracking setting disable
02-19 14:10:26.946   807  4026 I TrackingService: Notifying client com.oculus.systemdriver#1986 of new primary remote d9a2e25150bbd368
02-19 14:10:26.946   807  4026 I TrackingService: Notifying client com.oculus.guardian#2580 of new primary remote d9a2e25150bbd368
02-19 14:10:26.946   807  4026 I TrackingService: Notifying client com.oculus.mrservice#1510 of new primary remote d9a2e25150bbd368
02-19 14:10:26.946   807  4026 I TrackingService: Notifying client /system/bin/mrsystemservice of new primary remote d9a2e25150bbd368
02-19 14:10:26.947   807  4026 I TrackingService: Notifying client com.oculus.guardian#2580 of new primary remote d9a2e25150bbd368
02-19 14:10:26.947   807  4026 I TrackingService: Notifying client com.oculus.vrshell#2478 of new primary remote d9a2e25150bbd368
02-19 14:10:26.947   807  4026 I TrackingService: Notifying client com.oculus.shellenv#2384 of new primary remote d9a2e25150bbd368
02-19 14:10:26.947   807  4026 I TrackingService: Notifying client com.yur.fitquest#1815 of new primary remote d9a2e25150bbd368
02-19 14:10:26.950   726  4022 I SyncBossInput: [jedi (right) 31fa5f79xxxxxxxx]: 3296670 [info   ] {APP }: Connected
02-19 14:10:26.957   726  4022 I SyncBossInput: [jedi (left) d9a2e251xxxxxxxx]: 3296565 [info   ] {APP }: Connected
02-19 14:10:26.959   807   880 I libtracker: ConstellationTrackingGlue: setEnableExtendedDeadreckoning to false
02-19 14:10:26.959   807   880 D libtracker: VisionManagerHmd: Releasing handleHandTrackingSettingChange lock
02-19 14:10:26.962   807  4026 W libtracker: Attempted to control leds, but gatekeeper is disabled. Skipping operation.
02-19 14:10:26.964   807  4026 D TrackingService: [HANDTRACKING] Controller d9a2e25150bbd368 in hand: Y, valid: Y
02-19 14:10:26.998   726  4022 I SyncBossInput: [jedi (right) 31fa5f79xxxxxxxx]: 3296671 [info   ] {THDG}: inactive_seek -> active_connected
02-19 14:10:27.003   726  4022 I SyncBossInput: [jedi (left) d9a2e251xxxxxxxx]: 3296566 [info   ] {THDG}: inactive_seek -> active_connected
02-19 14:10:27.385   726  4022 I SyncBossHAL: syncboss_hal_input_controller.c(153): INFO: Controller d9a2e251xxxxxxxx battery level changed: 0% -> 40%
02-19 14:10:27.399   726  4022 W SyncBossInput: [jedi (left) d9a2e251xxxxxxxx]: 3297143 [warning] {HPUT}: Freq tracking under min: 0x2024
02-19 14:10:27.399  1006  4819 I chatty  : uid=1000(system) Binder:1006_D expire 2 lines
02-19 14:10:27.403   726  4022 I SyncBossInput: [jedi (right) 31fa5f79xxxxxxxx]: 3297250 [info   ] {HPTH}: Set haptics frequency to 0x2105
02-19 14:10:27.404  1006  1038 I chatty  : uid=1000(system) android.display expire 4 lines
02-19 14:10:27.451   726  4022 I SyncBossInput: [jedi (left) d9a2e251xxxxxxxx]: 3297149 [info   ] {HPTH}: Set haptics frequency to 0x2046
02-19 14:10:27.839  1006 10308 I chatty  : uid=1000(system) Binder:1006_17 expire 3 lines
02-19 14:10:27.880   726  4022 I SyncBossHAL: syncboss_hal_input_controller.c(153): INFO: Controller 31fa5f79xxxxxxxx battery level changed: 0% -> 70%
02-19 14:10:28.334  1405  3988 W ContextImpl: Calling a method in the system process without a qualified user: android.app.ContextImpl.sendBroadcast:1057 android.content.ContextWrapper.sendBroadcast:448 X.Je.A00:155 X.Je.handleMessage:80 android.os.Handler.dispatchMessage:107 
02-19 14:10:28.526  1006  1778 I chatty  : uid=1000(system) LazyTaskWriterT expire 1 line
02-19 14:10:28.853   807  4026 D TrackingService: [HANDTRACKING] Controller 31fa5f7958920bd9 in hand: N, valid: Y
02-19 14:10:28.929   807  4026 D TrackingService: [HANDTRACKING] Controller d9a2e25150bbd368 in hand: N, valid: Y
02-19 14:10:28.945   807   880 D libtracker: VisionManagerHmd: Acquiring handleHandTrackingSettingChange lock
02-19 14:10:28.951   807   880 D libtracker: VisionManagerHmd: Handling hand tracking setting enable
02-19 14:10:29.409   807   880 D libtracker: VisionManagerHmd: Releasing handleHandTrackingSettingChange lock
02-19 14:10:30.678  1405  4037 W ContextImpl: Calling a method in the system process without a qualified user: android.app.ContextImpl.sendBroadcast:1057 android.content.ContextWrapper.sendBroadcast:448 X.Je.A00:155 X.Je.handleMessage:80 android.os.Handler.dispatchMessage:107 
02-19 14:10:35.253   807  4026 D TrackingService: [HANDTRACKING] Controller 31fa5f7958920bd9 in hand: Y, valid: Y
02-19 14:10:35.273   807   880 D libtracker: VisionManagerHmd: Acquiring handleHandTrackingSettingChange lock
02-19 14:10:35.274   807   880 D libtracker: VisionManagerHmd: Handling hand tracking setting disable
02-19 14:10:35.302   807   880 I libtracker: ConstellationTrackingGlue: setEnableExtendedDeadreckoning to false
02-19 14:10:35.302   807   880 D libtracker: VisionManagerHmd: Releasing handleHandTrackingSettingChange lock
02-19 14:10:35.310   807  4026 D TrackingService: [HANDTRACKING] Controller d9a2e25150bbd368 in hand: Y, valid: Y
02-19 14:10:35.773   807   880 I TrackingService: getTrackingSocketFileDescriptor
02-19 14:10:35.773   807   880 D TrackingService: haptic socket already exists
02-19 14:10:35.932   807  4026 D TrackingService: [HANDTRACKING] Controller d9a2e25150bbd368 in hand: N, valid: Y
02-19 14:10:36.354   807   880 I TrackingService: Unregistering client by ITrackingService.unregisterClient
02-19 14:10:36.354   807   880 I TrackingService: TrackingServiceHost Unregistering client: com.oculus.shellenv#2384
02-19 14:10:36.852   807   880 I TrackingService: TrackingService::getSharedMemoryFileDescriptor
02-19 14:10:36.853   807   880 I TrackingService: TrackingService::registerClient
02-19 14:10:36.856   807   880 I TrackingService: Registering client with TrackingServiceHost (com.beatgames.beatsaber#3903)
02-19 14:10:36.861   807   880 I TrackingService: Notifying client com.beatgames.beatsaber#3903 of new remote d9a2e25150bbd368
02-19 14:10:36.861   807   880 I TrackingService: Notifying client com.beatgames.beatsaber#3903 of new remote 31fa5f7958920bd9
02-19 14:10:36.861   807   880 I TrackingService: TrackingServiceHost GetSharedMemoryFileDescriptor for client com.beatgames.beatsaber#3903
02-19 14:10:36.862   807   880 I TrackingService: TrackingServiceHost registered common client; there are 0 secure clients
02-19 14:10:36.907   807   880 I TrackingService: Unregistering client by ITrackingService.unregisterClient
02-19 14:10:36.907   807   880 I TrackingService: TrackingServiceHost Unregistering client: com.oculus.vrshell#2478
02-19 14:10:37.082   807   880 I TrackingService: Unregistering client by ITrackingService.unregisterClient
02-19 14:10:37.082   807   880 I TrackingService: TrackingServiceHost Unregistering client: com.beatgames.beatsaber#3903
02-19 14:10:37.125   807   880 I TrackingService: TrackingService::getSharedMemoryFileDescriptor
02-19 14:10:37.128   807   880 I TrackingService: TrackingService::registerClient
02-19 14:10:37.133   807   880 I TrackingService: Registering client with TrackingServiceHost (com.beatgames.beatsaber#3903)
02-19 14:10:37.133   807   880 I TrackingService: Notifying client com.beatgames.beatsaber#3903 of new remote d9a2e25150bbd368
02-19 14:10:37.134   807   880 I TrackingService: Notifying client com.beatgames.beatsaber#3903 of new remote 31fa5f7958920bd9
02-19 14:10:37.135   807   880 I TrackingService: TrackingServiceHost GetSharedMemoryFileDescriptor for client com.beatgames.beatsaber#3903
02-19 14:10:37.135   807   880 I TrackingService: TrackingServiceHost registered common client; there are 0 secure clients
02-19 14:10:37.309  1006  9439 I chatty  : uid=1000(system) Binder:1006_13 expire 2 lines
02-19 14:10:37.353  1006 23938 I chatty  : uid=1000(system) Binder:1006_1F expire 1 line
02-19 14:10:37.460  1405  4265 W ContextImpl: Calling a method in the system process without a qualified user: android.app.ContextImpl.sendBroadcast:1057 android.content.ContextWrapper.sendBroadcast:448 X.Je.A00:155 X.Je.handleMessage:80 android.os.Handler.dispatchMessage:107 
02-19 14:10:41.022  1405  4289 W ContextImpl: Calling a method in the system process without a qualified user: android.app.ContextImpl.sendBroadcast:1057 android.content.ContextWrapper.sendBroadcast:448 X.Je.A00:155 X.Je.handleMessage:80 android.os.Handler.dispatchMessage:107 
02-19 14:11:10.358   807   880 I TrackingService: getTrackingSocketFileDescriptor
02-19 14:11:10.358   807   880 D TrackingService: haptic socket already exists
02-19 14:11:10.864  3903  3936 E AndroidRuntime: FATAL EXCEPTION: UnityMain
02-19 14:11:10.864  3903  3936 E AndroidRuntime: Process: com.beatgames.beatsaber, PID: 3903
02-19 14:11:10.864  3903  3936 E AndroidRuntime: java.lang.Error: *** *** *** *** *** *** *** *** *** *** *** *** *** *** *** ***
02-19 14:11:10.864  3903  3936 E AndroidRuntime: Version '2019.3.15f1 (59ff3e03856d)', Build type 'Release', Scripting Backend 'il2cpp', CPU 'arm64-v8a'
02-19 14:11:10.864  3903  3936 E AndroidRuntime: Build fingerprint: 'oculus/hollywood/hollywood:10/QQ3A.200805.001/13969800083700000:user/release-keys'
02-19 14:11:10.864  3903  3936 E AndroidRuntime: Revision: '0'
02-19 14:11:10.864  3903  3936 E AndroidRuntime: ABI: 'arm64'
02-19 14:11:10.864  3903  3936 E AndroidRuntime: Timestamp: 2021-02-19 14:11:10+0000
02-19 14:11:10.864  3903  3936 E AndroidRuntime: pid: 3903, tid: 3936, name: UnityMain  >>> com.beatgames.beatsaber <<<
02-19 14:11:10.864  3903  3936 E AndroidRuntime: uid: 10112
02-19 14:11:10.864  3903  3936 E AndroidRuntime: signal 11 (SIGSEGV), code 2 (SEGV_ACCERR), fault addr 0x7b57f61917
02-19 14:11:10.864  3903  3936 E AndroidRuntime:     x0  0000000000000001  x1  00000000000000ff  x2  00000000000000ff  x3  0000007b4de813e0
02-19 14:11:10.864  3903  3936 E AndroidRuntime:     x4  0000000000000000  x5  8080808080808080  x6  fefefefefefefeff  x7  7f7f7f7f7f7f7f7f
02-19 14:11:10.864  3903  3936 E AndroidRuntime:     x8  0000007b57f61d67  x9  00000000000000e0  x10 ffffffffffffff20  x11 0000000000000010
02-19 14:11:10.864  3903  3936 E AndroidRuntime:     x12 0000007b57f61927  x13 0000007b4eee1120  x14 00000000000000fd  x15 0000000000000000
02-19 14:11:10.864  3903  3936 E AndroidRuntime:     x16 0000007b4f8aeb90  x17 000000000000000c  x18 0000000000000800  x19 000000000000000c
02-19 14:11:10.864  3903  3936 E AndroidRuntime:     x20 0000007bb07d561d  x21 0000007b57f61917  x22 00000000000000f1  x23 00000000000000c1
02-19 14:11:10.864  3903  3936 E AndroidRuntime:     x24 0000000000000003  x25 0000000000000003  x26 0000007b2775a410  x27 000000000000000f
02-19 14:11:10.864  3903  3936 E AndroidRuntime:     x28 0000000000000003  x29 0000007beb2d4c00
02-19 14:11:10.864  3903  3936 E AndroidRuntime:     sp  0000007beb2d47a0  lr  0000007bde0ec638  pc  0000007bde0ec760
02-19 14:11:10.864  3903  3936 E AndroidRuntime: 
02-19 14:11:10.864  3903  3936 E AndroidRuntime: backtrace:
02-19 14:11:10.864  3903  3936 E AndroidRuntime:       #00 pc 0000000000826760  /data/app/com.beatgames.beatsaber-eTi0ROYhCBMc76JSqkBTTQ==/lib/arm64/libunity.so (BuildId: fb3c121a1811d470c9d17ee368cd7227475dc348)
02-19 14:11:10.864  3903  3936 E AndroidRuntime:       #01 pc 0000000000827f44  /data/app/com.beatgames.beatsaber-eTi0ROYhCBMc76JSqkBTTQ==/lib/arm64/libunity.so (BuildId: fb3c121a1811d470c9d17ee368cd7227475dc348)
02-19 14:11:10.864  3903  3936 E AndroidRuntime:       #02 pc 0000000000808910  /data/app/com.beatgames.beatsaber-eTi0ROYhCBMc76JSqkBTTQ==/lib/arm64/libunity.so (BuildId: fb3c121a1811d470c9d17ee368cd7227475dc348)
02-19 14:11:10.864  3903  3936 E AndroidRuntime:       #03 pc 000000000080a0c8  /data/app/com.beatgames.beatsaber-eTi0ROYhCBMc76JSqkBTTQ==/lib/arm64/libunity.so (BuildId: fb3c121a1811d470c9d17ee368cd7227475dc348)
02-19 14:11:10.864  3903  3936 E AndroidRuntime:       #04 pc 0000000000691a48  /data/app/com.beatgames.beatsaber-eTi0ROYhCBMc76JSqkBTTQ==/lib/arm64/libunity.so (BuildId: fb3c121a1811d470c9d17ee368cd7227475dc348)
02-19 14:11:10.864  3903  3936 E AndroidRuntime:       #05 pc 00000000010b1bb8  /data/app/com.beatgames.beatsaber-eTi0ROYhCBMc76JSqkBTTQ==/lib/arm64/libil2cpp.so (BuildId: 2f6040f47a364c52fab9898dd21b9aeb6d1c52f0)
02-19 14:11:10.864  3903  3936 E AndroidRuntime:       #06 pc 0000000000ff580c  /data/app/com.beatgames.beatsaber-eTi0ROYhCBMc76JSqkBTTQ==/lib/arm64/libil2cpp.so (BuildId: 2f6040f47a364c52fab9898dd21b9aeb6d1c52f0)
02-19 14:11:10.864  3903  3936 E AndroidRuntime:       #07 pc 0000000001ac53e8  /data/app/com.beatgames.beatsaber-eTi0ROYhCBMc76JSqkBTTQ==/lib/arm64/libil2cpp.so (BuildId: 2f6040f47a364c52fab9898dd21b9aeb6d1c52f0)
02-19 14:11:10.864  3903  3936 E AndroidRuntime:       #08 pc 0000000001ac5d5c  /data/app/com.beatgames.beatsaber-eTi0ROYhCBMc76JSqkBTTQ==/lib/arm64/libil2cpp.so (BuildId: 2f6040f47a364c52fab9898dd21b9aeb6d1c52f0)
02-19 14:11:10.864  3903  3936 E AndroidRuntime:       #09 pc 0000000001acf1e4  /data/app/com.beatgames.beatsaber-eTi0ROYhCBMc76JSqkBTTQ==/lib/arm64/libil2cpp.so (BuildId: 2f6040f47a364c52fab9898dd21b9aeb6d1c52f0)
02-19 14:11:10.864  3903  3936 E AndroidRuntime:       #10 pc 00000000012fe990  /data/app/com.beatgames.beatsaber-eTi0ROYhCBMc76JSqkBTTQ==/lib/arm64/libil2cpp.so (BuildId: 2f6040f47a364c52fab9898dd21b9aeb6d1c52f0)
02-19 14:11:10.864  3903  3936 E AndroidRuntime:       #11 pc 00000000022cff7c  /data/app/com.beatgames.beatsaber-eTi0ROYhCBMc76JSqkBTTQ==/lib/arm64/libil2cpp.so (BuildId: 2f6040f47a364c52fab9898dd21b9aeb6d1c52f0)
02-19 14:11:10.864  3903  3936 E AndroidRuntime:       #12 pc 0000000000d5acfc  /data/app/com.beatgames.beatsaber-eTi0ROYhCBMc76JSqkBTTQ==/lib/arm64/libil2cpp.so (BuildId: 2f6040f47a364c52fab9898dd21b9aeb6d1c52f0)
02-19 14:11:10.864  3903  3936 E AndroidRuntime:       #13 pc 0000000000e6daf0  /data/app/com.beatgames.beatsaber-eTi0ROYhCBMc76JSqkBTTQ==/lib/arm64/libil2cpp.so (BuildId: 2f6040f47a364c52fab9898dd21b9aeb6d1c52f0)
02-19 14:11:10.864  3903  3936 E AndroidRuntime:       #14 pc 00000000005c38b4  /data/app/com.beatgames.beatsaber-eTi0ROYhCBMc76JSqkBTTQ==/lib/arm64/libunity.so (BuildId: fb3c121a1811d470c9d17ee368cd7227475dc348)
02-19 14:11:10.864  3903  3936 E AndroidRuntime:       #15 pc 00000000005d01cc  /data/app/com.beatgames.beatsaber-eTi0ROYhCBMc76JSqkBTTQ==/lib/arm64/libunity.so (BuildId: fb3c121a1811d470c9d17ee368cd7227475dc348)
02-19 14:11:10.865  3903  3936 E AndroidRuntime:       #16 pc 00000000001dfc7c  /data/app/com.beatgames.beatsaber-eTi0ROYhCBMc76JSqkBTTQ==/lib/arm64/libunity.so (BuildId: fb3c121a1811d470c9d17ee368cd7227475dc348)
02-19 14:11:10.865  3903  3936 E AndroidRuntime:       #17 pc 00000000005006dc  /data/app/com.beatgames.beatsaber-eTi0ROYhCBMc76JSqkBTTQ==/lib/arm64/libunity.so (BuildId: fb3c121a1811d470c9d17ee368cd7227475dc348)
02-19 14:11:10.865  3903  3936 E AndroidRuntime:       #18 pc 0000000000500710  /data/app/com.beatgames.beatsaber-eTi0ROYhCBMc76JSqkBTTQ==/lib/arm64/libunity.so (BuildId: fb3c121a1811d470c9d17ee368cd7227475dc348)
02-19 14:11:10.865  3903  3936 E AndroidRuntime:       #19 pc 0000000000500948  /data/app/com.beatgames.beatsaber-eTi0ROYhCBMc76JSqkBTTQ==/lib/arm64/libunity.so (BuildId: fb3c121a1811d470c9d17ee368cd7227475dc348)
02-19 14:11:10.865  3903  3936 E AndroidRuntime:       #20 pc 000000000063aa34  /data/app/com.beatgames.beatsaber-eTi0ROYhCBMc76JSqkBTTQ==/lib/arm64/libunity.so (BuildId: fb3c121a1811d470c9d17ee368cd7227475dc348)
02-19 14:11:10.865  3903  3936 E AndroidRuntime:       #21 pc 000000000064e648  /data/app/com.beatgames.beatsaber-eTi0ROYhCBMc76JSqkBTTQ==/lib/arm64/libunity.so (BuildId: fb3c121a1811d470c9d17ee368cd7227475dc348)
02-19 14:11:10.865  3903  3936 E AndroidRuntime:       #22 pc 000000000000593c  /data/app/com.beatgames.beatsaber-eTi0ROYhCBMc76JSqkBTTQ==/oat/arm64/base.odex
02-19 14:11:10.865  3903  3936 E AndroidRuntime: 
02-19 14:11:10.865  3903  3936 E AndroidRuntime: 	at libunity.0x826760(Native Method)
02-19 14:11:10.865  3903  3936 E AndroidRuntime: 	at libunity.0x827f44(Native Method)
02-19 14:11:10.865  3903  3936 E AndroidRuntime: 	at libunity.0x808910(Native Method)
02-19 14:11:10.865  3903  3936 E AndroidRuntime: 	at libunity.0x80a0c8(Native Method)
02-19 14:11:10.865  3903  3936 E AndroidRuntime: 	at libunity.0x691a48(Native Method)
02-19 14:11:10.865  3903  3936 E AndroidRuntime: 	at libil2cpp.0x10b1bb8(Native Method)
02-19 14:11:10.865  3903  3936 E AndroidRuntime: 	at libil2cpp.0xff580c(Native Method)
02-19 14:11:10.865  3903  3936 E AndroidRuntime: 	at libil2cpp.0x1ac53e8(Native Method)
02-19 14:11:10.865  3903  3936 E AndroidRuntime: 	at libil2cpp.0x1ac5d5c(Native Method)
02-19 14:11:10.865  3903  3936 E AndroidRuntime: 	at libil2cpp.0x1acf1e4(Native Method)
02-19 14:11:10.865  3903  3936 E AndroidRuntime: 	at libil2cpp.0x12fe990(Native Method)
02-19 14:11:10.865  3903  3936 E AndroidRuntime: 	at libil2cpp.0x22cff7c(Native Method)
02-19 14:11:10.865  3903  3936 E AndroidRuntime: 	at libil2cpp.0xd5acfc(Native Method)
02-19 14:11:10.865  3903  3936 E AndroidRuntime: 	at libil2cpp.0xe6daf0(Native Method)
02-19 14:11:10.865  3903  3936 E AndroidRuntime: 	at libunity.0x5c38b4(Native Method)
02-19 14:11:10.865  3903  3936 E AndroidRuntime: 	at libunity.0x5d01cc(Native Method)
02-19 14:11:10.865  3903  3936 E AndroidRuntime: 	at libunity.0x1dfc7c(Native Method)
02-19 14:11:10.865  3903  3936 E AndroidRuntime: 	at libunity.0x5006dc(Native Method)
02-19 14:11:10.865  3903  3936 E AndroidRuntime: 	at libunity.0x500710(Native Method)
02-19 14:11:10.865  3903  3936 E AndroidRuntime: 	at libunity.0x500948(Native Method)
02-19 14:11:10.865  3903  3936 E AndroidRuntime: 	at libunity.0x63aa34(Native Method)
02-19 14:11:10.865  3903  3936 E AndroidRuntime: 	at libunity.0x64e648(Native Method)
02-19 14:11:10.865  3903  3936 E AndroidRuntime: 	at base.0x593c(Native Method)
02-19 14:11:10.881  1006  4369 I chatty  : uid=1000 system_server expire 1 line
02-19 14:11:11.088   807   880 I TrackingService: Unregistering client 'com.beatgames.beatsaber#3903' by binder death
02-19 14:11:11.091   807   880 I TrackingService: TrackingServiceHost Unregistering client: com.beatgames.beatsaber#3903
02-19 14:11:11.091  1006  2568 I chatty  : uid=1000(system) Binder:1006_B expire 1 line
02-19 14:11:11.092  1006  9236 I chatty  : uid=1000(system) Binder:1006_12 expire 2 lines
02-19 14:11:11.167   675  4365 W SocketClient: write error (Broken pipe)
02-19 14:11:11.167   675  4366 W SocketClient: write error (Broken pipe)
02-19 14:11:11.283   675  4368 W SocketClient: write error (Broken pipe)
02-19 14:11:11.436  1006  1036 I chatty  : uid=1000(system) android.ui expire 3 lines
02-19 14:11:11.459   807   880 I TrackingService: TrackingService::getSharedMemoryFileDescriptor
02-19 14:11:11.460   807 22019 I TrackingService: TrackingService::registerClient
02-19 14:11:11.463   807 22019 I TrackingService: Registering client with TrackingServiceHost (com.oculus.vrshell#2478)
02-19 14:11:11.463   807 22019 I TrackingService: Notifying client com.oculus.vrshell#2478 of new remote d9a2e25150bbd368
02-19 14:11:11.464   807 22019 I TrackingService: Notifying client com.oculus.vrshell#2478 of new remote 31fa5f7958920bd9
02-19 14:11:11.464   807 22019 I TrackingService: TrackingServiceHost GetSharedMemoryFileDescriptor for client com.oculus.vrshell#2478
02-19 14:11:11.464   807 22019 I TrackingService: TrackingServiceHost registered common client; there are 0 secure clients
02-19 14:11:11.492   807 22019 I TrackingService: TrackingService::getSharedMemoryFileDescriptor
02-19 14:11:11.493   807   880 I TrackingService: TrackingService::registerClient
02-19 14:11:11.494   807   880 I TrackingService: Registering client with TrackingServiceHost (com.oculus.shellenv#2384)
02-19 14:11:11.495   807   880 I TrackingService: Notifying client com.oculus.shellenv#2384 of new remote d9a2e25150bbd368
02-19 14:11:11.495   807   880 I TrackingService: Notifying client com.oculus.shellenv#2384 of new remote 31fa5f7958920bd9
02-19 14:11:11.495   807   880 I TrackingService: TrackingServiceHost GetSharedMemoryFileDescriptor for client com.oculus.shellenv#2384
02-19 14:11:11.495   807   880 I TrackingService: TrackingServiceHost registered common client; there are 0 secure clients
02-19 14:11:11.940  1006  1045 I chatty  : uid=1000(system) ActivityManager expire 1 line
02-19 14:11:12.028  1006  1314 I chatty  : uid=1000(system) Binder:1006_5 expire 1 line
02-19 14:11:12.096  1006 10951 I chatty  : uid=1000(system) Binder:1006_19 expire 1 line
02-19 14:11:12.138  1006  1006 I chatty  : uid=1000 system_server expire 2 lines
02-19 14:11:12.158  1006  1374 I chatty  : uid=1000(system) Binder:1006_7 expire 2 lines
02-19 14:11:12.453  1006  1006 I chatty  : uid=1000 system_server expire 2 lines
02-19 14:11:12.585  1006  1038 I chatty  : uid=1000(system) android.display expire 15 lines
02-19 14:11:12.645  1006  4819 I chatty  : uid=1000(system) Binder:1006_D expire 1 line
02-19 14:11:12.661  1006 20113 I chatty  : uid=1000(system) Binder:1006_1B expire 1 line
02-19 14:11:12.696  1006  2568 I chatty  : uid=1000(system) Binder:1006_B expire 2 lines
02-19 14:11:12.866  1006 10951 I chatty  : uid=1000(system) Binder:1006_19 expire 1 line
02-19 14:11:12.943  1006  1036 I chatty  : uid=1000(system) android.ui expire 7 lines
02-19 14:11:12.997  1006  1582 I chatty  : uid=1000(system) Binder:1006_8 expire 2 lines
02-19 14:11:13.098  1006  9597 I chatty  : uid=1000(system) Binder:1006_14 expire 1 line
02-19 14:11:13.206  1006  3671 I chatty  : uid=1000(system) Binder:1006_C expire 2 lines
02-19 14:11:14.259  1006  1038 I chatty  : uid=1000(system) android.display expire 6 lines
02-19 14:11:14.302  1006  1036 I chatty  : uid=1000(system) android.ui expire 6 lines
02-19 14:11:14.446  1006 23938 I chatty  : uid=1000(system) Binder:1006_1F expire 3 lines
02-19 14:11:14.467  1006  4819 I chatty  : uid=1000(system) Binder:1006_D expire 6 lines
02-19 14:11:14.563  1006 10951 I chatty  : uid=1000(system) Binder:1006_19 expire 1 line
02-19 14:11:14.618  1006  1778 I chatty  : uid=1000(system) LazyTaskWriterT expire 1 line
02-19 14:11:15.764   807   880 I TrackingService: getTrackingSocketFileDescriptor
02-19 14:11:15.764   807   880 D TrackingService: haptic socket already exists
02-19 14:11:18.340   807   880 I TrackingService: Unregistering client by ITrackingService.unregisterClient
02-19 14:11:18.340   807   880 I TrackingService: TrackingServiceHost Unregistering client: com.oculus.shellenv#2384
02-19 14:11:18.403  1006  1045 I chatty  : uid=1000(system) ActivityManager expire 1 line
02-19 14:11:18.619  1405  4384 W ContextImpl: Calling a method in the system process without a qualified user: android.app.ContextImpl.sendBroadcast:1057 android.content.ContextWrapper.sendBroadcast:448 X.Je.A00:155 X.Je.handleMessage:80 android.os.Handler.dispatchMessage:107 
02-19 14:11:19.075   807   880 I TrackingService: Unregistering client by ITrackingService.unregisterClient
02-19 14:11:19.075   807   880 I TrackingService: TrackingServiceHost Unregistering client: com.oculus.vrshell#2478
02-19 14:11:19.530  1006 22700 I chatty  : uid=1000(system) Binder:1006_1D expire 4 lines
02-19 14:11:22.644   807   880 I TrackingService: TrackingService::getSharedMemoryFileDescriptor
02-19 14:11:22.646   807   880 I TrackingService: TrackingService::registerClient
02-19 14:11:22.646   807   880 I TrackingService: Registering client with TrackingServiceHost (com.beatgames.beatsaber#4540)
02-19 14:11:22.646   807   880 I TrackingService: Notifying client com.beatgames.beatsaber#4540 of new remote d9a2e25150bbd368
02-19 14:11:22.647   807   880 I TrackingService: Notifying client com.beatgames.beatsaber#4540 of new remote 31fa5f7958920bd9
02-19 14:11:22.649   807   880 I TrackingService: TrackingServiceHost GetSharedMemoryFileDescriptor for client com.beatgames.beatsaber#4540
02-19 14:11:22.649   807   880 I TrackingService: TrackingServiceHost registered common client; there are 0 secure clients
02-19 14:11:30.645  1405  4564 W ContextImpl: Calling a method in the system process without a qualified user: android.app.ContextImpl.sendBroadcast:1057 android.content.ContextWrapper.sendBroadcast:448 X.Je.A00:155 X.Je.handleMessage:80 android.os.Handler.dispatchMessage:107 
02-19 14:11:34.186  1405  4641 W ContextImpl: Calling a method in the system process without a qualified user: android.app.ContextImpl.sendBroadcast:1057 android.content.ContextWrapper.sendBroadcast:448 X.Je.A00:155 X.Je.handleMessage:80 android.os.Handler.dispatchMessage:107 
02-19 14:11:45.344   807   880 I TrackingService: getTrackingSocketFileDescriptor
02-19 14:11:45.344   807   880 D TrackingService: haptic socket already exists
02-19 14:11:52.043  4540  4571 E AndroidRuntime: FATAL EXCEPTION: UnityMain
02-19 14:11:52.043  4540  4571 E AndroidRuntime: Process: com.beatgames.beatsaber, PID: 4540
02-19 14:11:52.043  4540  4571 E AndroidRuntime: java.lang.Error: *** *** *** *** *** *** *** *** *** *** *** *** *** *** *** ***
02-19 14:11:52.043  4540  4571 E AndroidRuntime: Version '2019.3.15f1 (59ff3e03856d)', Build type 'Release', Scripting Backend 'il2cpp', CPU 'arm64-v8a'
02-19 14:11:52.043  4540  4571 E AndroidRuntime: Build fingerprint: 'oculus/hollywood/hollywood:10/QQ3A.200805.001/13969800083700000:user/release-keys'
02-19 14:11:52.043  4540  4571 E AndroidRuntime: Revision: '0'
02-19 14:11:52.043  4540  4571 E AndroidRuntime: ABI: 'arm64'
02-19 14:11:52.043  4540  4571 E AndroidRuntime: Timestamp: 2021-02-19 14:11:51+0000
02-19 14:11:52.043  4540  4571 E AndroidRuntime: pid: 4540, tid: 4571, name: UnityMain  >>> com.beatgames.beatsaber <<<
02-19 14:11:52.043  4540  4571 E AndroidRuntime: uid: 10112
02-19 14:11:52.043  4540  4571 E AndroidRuntime: signal 11 (SIGSEGV), code 1 (SEGV_MAPERR), fault addr 0x1c
02-19 14:11:52.043  4540  4571 E AndroidRuntime: Cause: null pointer dereference
02-19 14:11:52.043  4540  4571 E AndroidRuntime:     x0  0000007ac5094620  x1  0000007b08f400b8  x2  0000007aaf2ae100  x3  0000007b08df9538
02-19 14:11:52.043  4540  4571 E AndroidRuntime:     x4  0000000000000000  x5  0000007b08df98b0  x6  0000007bd06b4e30  x7  0000007bd06b4e30
02-19 14:11:52.043  4540  4571 E AndroidRuntime:     x8  0000007b08f40f08  x9  0000007bbeccaad4  x10 0000000000004001  x11 0000000000000000
02-19 14:11:52.043  4540  4571 E AndroidRuntime:     x12 0000000000000001  x13 0000000000000008  x14 fffffffffc000000  x15 0008008000000000
02-19 14:11:52.043  4540  4571 E AndroidRuntime:     x16 0000007bbfb3ae28  x17 0000007cd4e5c27c  x18 0000000000000000  x19 000000000000001c
02-19 14:11:52.043  4540  4571 E AndroidRuntime:     x20 0000007bbfd8e000  x21 0000000000000000  x22 0000007b50e7c990  x23 0000007bdc1c0f38
02-19 14:11:52.043  4540  4571 E AndroidRuntime:     x24 0000007bbfda1080  x25 0000007b017eb790  x26 0000007beb2c1020  x27 00000000000007a9
02-19 14:11:52.043  4540  4571 E AndroidRuntime:     x28 0000007b51197b38  x29 0000007beb2beeb0
02-19 14:11:52.043  4540  4571 E AndroidRuntime:     sp  0000007beb2beea0  lr  0000007bbdd355dc  pc  0000007bbdd355e4
02-19 14:11:52.043  4540  4571 E AndroidRuntime: 
02-19 14:11:52.043  4540  4571 E AndroidRuntime: backtrace:
02-19 14:11:52.043  4540  4571 E AndroidRuntime:       #00 pc 000000000113b5e4  /data/app/com.beatgames.beatsaber-eTi0ROYhCBMc76JSqkBTTQ==/lib/arm64/libil2cpp.so (BuildId: 2f6040f47a364c52fab9898dd21b9aeb6d1c52f0)
02-19 14:11:52.043  4540  4571 E AndroidRuntime:       #01 pc 00000000018e1c6c  /data/app/com.beatgames.beatsaber-eTi0ROYhCBMc76JSqkBTTQ==/lib/arm64/libil2cpp.so (BuildId: 2f6040f47a364c52fab9898dd21b9aeb6d1c52f0)
02-19 14:11:52.043  4540  4571 E AndroidRuntime:       #02 pc 0000000000d614c4  /data/app/com.beatgames.beatsaber-eTi0ROYhCBMc76JSqkBTTQ==/lib/arm64/libil2cpp.so (BuildId: 2f6040f47a364c52fab9898dd21b9aeb6d1c52f0)
02-19 14:11:52.043  4540  4571 E AndroidRuntime:       #03 pc 0000000000e6daf0  /data/app/com.beatgames.beatsaber-eTi0ROYhCBMc76JSqkBTTQ==/lib/arm64/libil2cpp.so (BuildId: 2f6040f47a364c52fab9898dd21b9aeb6d1c52f0)
02-19 14:11:52.043  4540  4571 E AndroidRuntime:       #04 pc 00000000064684d0  /data/data/com.beatgames.beatsaber/libcodegen_0_6_2.so (void il2cpp_utils::RunMethodThrow<void, false, UnityEngine::UI::LayoutElement*, float&>(UnityEngine::UI::LayoutElement*&&, MethodInfo const*, float&&&)+188) (BuildId: 02e5dbea44cd20d091b068ee1221df2a4970e48c)
02-19 14:11:52.043  4540  4571 E AndroidRuntime:       #05 pc 0000000006468134  /data/data/com.beatgames.beatsaber/libcodegen_0_6_2.so (UnityEngine::UI::LayoutElement::set_minWidth(float)+88) (BuildId: 02e5dbea44cd20d091b068ee1221df2a4970e48c)
02-19 14:11:52.043  4540  4571 E AndroidRuntime:       #06 pc 00000000000cddac  /data/data/com.beatgames.beatsaber/libquestui.so (hook_MMVC_DidActivate(GlobalNamespace::MainMenuViewController*, bool, bool, bool)+188) (BuildId: 25f3fea96096c93c83b847561ead9f4aae0abf2c)
02-19 14:11:52.043  4540  4571 E AndroidRuntime:       #07 pc 0000000002245440  /data/app/com.beatgames.beatsaber-eTi0ROYhCBMc76JSqkBTTQ==/lib/arm64/libil2cpp.so (BuildId: 2f6040f47a364c52fab9898dd21b9aeb6d1c52f0)
02-19 14:11:52.043  4540  4571 E AndroidRuntime:       #08 pc 00000000011ba478  /data/app/com.beatgames.beatsaber-eTi0ROYhCBMc76JSqkBTTQ==/lib/arm64/libil2cpp.so (BuildId: 2f6040f47a364c52fab9898dd21b9aeb6d1c52f0)
02-19 14:11:52.043  4540  4571 E AndroidRuntime:       #09 pc 0000000001ab2544  /data/app/com.beatgames.beatsaber-eTi0ROYhCBMc76JSqkBTTQ==/lib/arm64/libil2cpp.so (BuildId: 2f6040f47a364c52fab9898dd21b9aeb6d1c52f0)
02-19 14:11:52.043  4540  4571 E AndroidRuntime:       #10 pc 0000000000d6db74  /data/app/com.beatgames.beatsaber-eTi0ROYhCBMc76JSqkBTTQ==/lib/arm64/libil2cpp.so (BuildId: 2f6040f47a364c52fab9898dd21b9aeb6d1c52f0)
02-19 14:11:52.043  4540  4571 E AndroidRuntime:       #11 pc 0000000000e6daf0  /data/app/com.beatgames.beatsaber-eTi0ROYhCBMc76JSqkBTTQ==/lib/arm64/libil2cpp.so (BuildId: 2f6040f47a364c52fab9898dd21b9aeb6d1c52f0)
02-19 14:11:52.043  4540  4571 E AndroidRuntime:       #12 pc 00000000005c38b4  /data/app/com.beatgames.beatsaber-eTi0ROYhCBMc76JSqkBTTQ==/lib/arm64/libunity.so (BuildId: fb3c121a1811d470c9d17ee368cd7227475dc348)
02-19 14:11:52.043  4540  4571 E AndroidRuntime:       #13 pc 00000000005d01cc  /data/app/com.beatgames.beatsaber-eTi0ROYhCBMc76JSqkBTTQ==/lib/arm64/libunity.so (BuildId: fb3c121a1811d470c9d17ee368cd7227475dc348)
02-19 14:11:52.052  4540  4571 E AndroidRuntime:       #14 pc 00000000005d7c60  /data/app/com.beatgames.beatsaber-eTi0ROYhCBMc76JSqkBTTQ==/lib/arm64/libunity.so (BuildId: fb3c121a1811d470c9d17ee368cd7227475dc348)
02-19 14:11:52.052  4540  4571 E AndroidRuntime:       #15 pc 00000000005d7854  /data/app/com.beatgames.beatsaber-eTi0ROYhCBMc76JSqkBTTQ==/lib/arm64/libunity.so (BuildId: fb3c121a1811d470c9d17ee368cd7227475dc348)
02-19 14:11:52.052  4540  4571 E AndroidRuntime:       #16 pc 00000000005d9918  /data/app/com.beatgames.beatsaber-eTi0ROYhCBMc76JSqkBTTQ==/lib/arm64/libunity.so (BuildId: fb3c121a1811d470c9d17ee368cd7227475dc348)
02-19 14:11:52.052  4540  4571 E AndroidRuntime:       #17 pc 00000000005d9cdc  /data/app/com.beatgames.beatsaber-eTi0ROYhCBMc76JSqkBTTQ==/lib/arm64/libunity.so (BuildId: fb3c121a1811d470c9d17ee368cd7227475dc348)
02-19 14:11:52.052  4540  4571 E AndroidRuntime:       #18 pc 00000000006aa50c  /data/app/com.beatgames.beatsaber-eTi0ROYhCBMc76JSqkBTTQ==/lib/arm64/libunity.so (BuildId: fb3c121a1811d470c9d17ee368cd7227475dc348)
02-19 14:11:52.052  4540  4571 E AndroidRuntime:       #19 pc 00000000011fdff4  /data/app/com.beatgames.beatsaber-eTi0ROYhCBMc76JSqkBTTQ==/lib/arm64/libil2cpp.so (BuildId: 2f6040f47a364c52fab9898dd21b9aeb6d1c52f0)
02-19 14:11:52.052  4540  4571 E AndroidRuntime:       #20 pc 0000000001063104  /data/app/com.beatgames.beatsaber-eTi0ROYhCBMc76JSqkBTTQ==/lib/arm64/libil2cpp.so (BuildId: 2f6040f47a364c52fab9898dd21b9aeb6d1c52f0)
02-19 14:11:52.052  4540  4571 E AndroidRuntime:       #21 pc 0000000001ab2544  /data/app/com.beatgames.beatsaber-eTi0ROYhCBMc76JSqkBTTQ==/lib/arm64/libil2cpp.so (BuildId: 2f6040f47a364c52fab9898dd21b9aeb6d1c52f0)
02-19 14:11:52.052  4540  4571 E AndroidRuntime:       #22 pc 0000000000d6db74  /data/app/com.beatgames.beatsaber-eTi0ROYhCBMc76JSqkBTTQ==/lib/arm64/libil2cpp.so (BuildId: 2f6040f47a364c52fab9898dd21b9aeb6d1c52f0)
02-19 14:11:52.052  4540  4571 E AndroidRuntime:       #23 pc 0000000000e6daf0  /data/app/com.beatgames.beatsaber-eTi0ROYhCBMc76JSqkBTTQ==/lib/arm64/libil2cpp.so (BuildId: 2f6040f47a364c52fab9898dd21b9aeb6d1c52f0)
02-19 14:11:52.052  4540  4571 E AndroidRuntime:       #24 pc 00000000005c38b4  /data/app/com.beatgames.beatsaber-eTi0ROYhCBMc76JSqkBTTQ==/lib/arm64/libunity.so (BuildId: fb3c121a1811d470c9d17ee368cd7227475dc348)
02-19 14:11:52.052  4540  4571 E AndroidRuntime:       #25 pc 00000000005d01cc  /data/app/com.beatgames.beatsaber-eTi0ROYhCBMc76JSqkBTTQ==/lib/arm64/libunity.so (BuildId: fb3c121a1811d470c9d17ee368cd7227475dc348)
02-19 14:11:52.052  4540  4571 E AndroidRuntime:       #26 pc 00000000005d7c60  /data/app/com.beatgames.beatsaber-eTi0ROYhCBMc76JSqkBTTQ==/lib/arm64/libunity.so (BuildId: fb3c121a1811d470c9d17ee368cd7227475dc348)
02-19 14:11:52.052  4540  4571 E AndroidRuntime:       #27 pc 00000000005d7854  /data/app/com.beatgames.beatsaber-eTi0ROYhCBMc76JSqkBTTQ==/lib/arm64/libunity.so (BuildId: fb3c121a1811d470c9d17ee368cd7227475dc348)
02-19 14:11:52.052  4540  4571 E AndroidRuntime:       #28 pc 000000000042d318  /data/app/com.beatgames.beatsaber-eTi0ROYhCBMc76JSqkBTTQ==/lib/arm64/libunity.so (BuildId: fb3c121a1811d470c9d17ee368cd7227475dc348)
02-19 14:11:52.052  4540  4571 E AndroidRuntime:       #29 pc 00000000005006dc  /data/app/com.beatgames.beatsaber-eTi0ROYhCBMc76JSqkBTTQ==/lib/arm64/libunity.so (BuildId: fb3c121a1811d470c9d17ee368cd7227475dc348)
02-19 14:11:52.052  4540  4571 E AndroidRuntime:       #30 pc 0000000000500710  /data/app/com.beatgames.beatsaber-eTi0ROYhCBMc76JSqkBTTQ==/lib/arm64/libunity.so (BuildId: fb3c121a1811d470c9d17ee368cd7227475dc348)
02-19 14:11:52.052  4540  4571 E AndroidRuntime:       #31 pc 0000000000500948  /data/app/com.beatgames.beatsaber-eTi0ROYhCBMc76JSqkBTTQ==/lib/arm64/libunity.so (BuildId: fb3c121a1811d470c9d17ee368cd7227475dc348)
02-19 14:11:52.052  4540  4571 E AndroidRuntime:       #32 pc 000000000063aa34  /data/app/com.beatgames.beatsaber-eTi0ROYhCBMc76JSqkBTTQ==/lib/arm64/libunity.so (BuildId: fb3c121a1811d470c9d17ee368cd7227475dc348)
02-19 14:11:52.052  4540  4571 E AndroidRuntime:       #33 pc 000000000064e648  /data/app/com.beatgames.beatsaber-eTi0ROYhCBMc76JSqkBTTQ==/lib/arm64/libunity.so (BuildId: fb3c121a1811d470c9d17ee368cd7227475dc348)
02-19 14:11:52.052  4540  4571 E AndroidRuntime:       #34 pc 000000000000593c  /data/app/com.beatgames.beatsaber-eTi0ROYhCBMc76JSqkBTTQ==/oat/arm64/base.odex
02-19 14:11:52.052  4540  4571 E AndroidRuntime: 
02-19 14:11:52.052  4540  4571 E AndroidRuntime: 	at libil2cpp.0x113b5e4(Native Method)
02-19 14:11:52.052  4540  4571 E AndroidRuntime: 	at libil2cpp.0x18e1c6c(Native Method)
02-19 14:11:52.052  4540  4571 E AndroidRuntime: 	at libil2cpp.0xd614c4(Native Method)
02-19 14:11:52.052  4540  4571 E AndroidRuntime: 	at libil2cpp.0xe6daf0(Native Method)
02-19 14:11:52.052  4540  4571 E AndroidRuntime: 	at libcodegen_0_6_2.void il2cpp_utils::RunMethodThrow<void, false, UnityEngine::UI::LayoutElement*, float&>(UnityEngine::UI::LayoutElement*&&, MethodInfo const*, float&&&)(LayoutElement*, float&>:188)
02-19 14:11:52.052  4540  4571 E AndroidRuntime: 	at libcodegen_0_6_2.UnityEngine::UI::LayoutElement::set_minWidth(float)(set_minWidth:88)
02-19 14:11:52.052  4540  4571 E AndroidRuntime: 	at libquestui.hook_MMVC_DidActivate(GlobalNamespace::MainMenuViewController*, bool, bool, bool)(hook_MMVC_DidActivate:188)
02-19 14:11:52.052  4540  4571 E AndroidRuntime: 	at libil2cpp.0x2245440(Native Method)
02-19 14:11:52.052  4540  4571 E AndroidRuntime: 	at libil2cpp.0x11ba478(Native Method)
02-19 14:11:52.052  4540  4571 E AndroidRuntime: 	at libil2cpp.0x1ab2544(Native Method)
02-19 14:11:52.052  4540  4571 E AndroidRuntime: 	at libil2cpp.0xd6db74(Native Method)
02-19 14:11:52.052  4540  4571 E AndroidRuntime: 	at libil2cpp.0xe6daf0(Native Method)
02-19 14:11:52.052  4540  4571 E AndroidRuntime: 	at libunity.0x5c38b4(Native Method)
02-19 14:11:52.052  4540  4571 E AndroidRuntime: 	at libunity.0x5d01cc(Native Method)
02-19 14:11:52.052  4540  4571 E AndroidRuntime: 	at libunity.0x5d7c60(Native Method)
02-19 14:11:52.052  4540  4571 E AndroidRuntime: 	at libunity.0x5d7854(Native Method)
02-19 14:11:52.052  4540  4571 E AndroidRuntime: 	at libunity.0x5d9918(Native Method)
02-19 14:11:52.052  4540  4571 E AndroidRuntime: 	at libunity.0x5d9cdc(Native Method)
02-19 14:11:52.052  4540  4571 E AndroidRuntime: 	at libunity.0x6aa50c(Native Method)
02-19 14:11:52.052  4540  4571 E AndroidRuntime: 	at libil2cpp.0x11fdff4(Native Method)
02-19 14:11:52.052  4540  4571 E AndroidRuntime: 	at libil2cpp.0x1063104(Native Method)
02-19 14:11:52.052  4540  4571 E AndroidRuntime: 	at libil2cpp.0x1ab2544(Native Method)
02-19 14:11:52.052  4540  4571 E AndroidRuntime: 	at libil2cpp.0xd6db74(Native Method)
02-19 14:11:52.052  4540  4571 E AndroidRuntime: 	at libil2cpp.0xe6daf0(Native Method)
02-19 14:11:52.052  4540  4571 E AndroidRuntime: 	at libunity.0x5c38b4(Native Method)
02-19 14:11:52.052  4540  4571 E AndroidRuntime: 	at libunity.0x5d01cc(Native Method)
02-19 14:11:52.052  4540  4571 E AndroidRuntime: 	at libunity.0x5d7c60(Native Method)
02-19 14:11:52.052  4540  4571 E AndroidRuntime: 	at libunity.0x5d7854(Native Method)
02-19 14:11:52.052  4540  4571 E AndroidRuntime: 	at libunity.0x42d318(Native Method)
02-19 14:11:52.052  4540  4571 E AndroidRuntime: 	at libunity.0x5006dc(Native Method)
02-19 14:11:52.052  4540  4571 E AndroidRuntime: 	at libunity.0x500710(Native Method)
02-19 14:11:52.052  4540  4571 E AndroidRuntime: 	at libunity.0x500948(Native Method)
02-19 14:11:52.063  1006  4999 I chatty  : uid=1000(system) Binder:1006_11 expire 1 line
02-19 14:11:52.065  1006  4716 I chatty  : uid=1000 system_server expire 1 line
02-19 14:11:52.809   807   880 I TrackingService: TrackingService::getSharedMemoryFileDescriptor
02-19 14:11:52.810   807   880 I TrackingService: TrackingService::registerClient
02-19 14:11:52.814   807   880 I TrackingService: Registering client with TrackingServiceHost (com.oculus.vrshell#2478)
02-19 14:11:52.814   807   880 I TrackingService: Notifying client com.oculus.vrshell#2478 of new remote d9a2e25150bbd368
02-19 14:11:52.815   807   880 I TrackingService: Notifying client com.oculus.vrshell#2478 of new remote 31fa5f7958920bd9
02-19 14:11:52.815   807   880 I TrackingService: TrackingServiceHost GetSharedMemoryFileDescriptor for client com.oculus.vrshell#2478
02-19 14:11:52.815   807   880 I TrackingService: TrackingServiceHost registered common client; there are 0 secure clients
02-19 14:11:52.836   807   880 I TrackingService: TrackingService::getSharedMemoryFileDescriptor
02-19 14:11:52.837   807   880 I TrackingService: TrackingService::registerClient
02-19 14:11:52.844   807   880 I TrackingService: Registering client with TrackingServiceHost (com.oculus.shellenv#2384)
02-19 14:11:52.844   807   880 I TrackingService: Notifying client com.oculus.shellenv#2384 of new remote d9a2e25150bbd368
02-19 14:11:52.844   807   880 I TrackingService: Notifying client com.oculus.shellenv#2384 of new remote 31fa5f7958920bd9
02-19 14:11:52.844   807   880 I TrackingService: TrackingServiceHost GetSharedMemoryFileDescriptor for client com.oculus.shellenv#2384
02-19 14:11:52.844   807   880 I TrackingService: TrackingServiceHost registered common client; there are 0 secure clients
02-19 14:11:53.090  1006  1314 I chatty  : uid=1000(system) Binder:1006_5 expire 2 lines
02-19 14:11:53.487  1006  1006 I chatty  : uid=1000 system_server expire 2 lines
02-19 14:11:53.634  1006  9236 I chatty  : uid=1000(system) Binder:1006_12 expire 1 line
02-19 14:11:53.701  1006  1582 I chatty  : uid=1000(system) Binder:1006_8 expire 1 line
02-19 14:11:53.727  1006 23938 I chatty  : uid=1000(system) Binder:1006_1F expire 2 lines
02-19 14:11:53.945  1006  1045 I chatty  : uid=1000(system) ActivityManager expire 1 line
02-19 14:11:54.035  1006  2568 I chatty  : uid=1000(system) Binder:1006_B expire 2 lines
02-19 14:11:54.044  1006 22700 I chatty  : uid=1000(system) Binder:1006_1D expire 1 line
02-19 14:11:54.055  1006  1374 I chatty  : uid=1000(system) Binder:1006_7 expire 1 line
02-19 14:11:54.081  1006  4819 I chatty  : uid=1000(system) Binder:1006_D expire 1 line
02-19 14:11:54.143  1006  3671 I chatty  : uid=1000(system) Binder:1006_C expire 1 line
02-19 14:11:54.178  1006  1038 I chatty  : uid=1000(system) android.display expire 10 lines
02-19 14:11:54.912  1006  1036 I chatty  : uid=1000(system) android.ui expire 8 lines
02-19 14:11:55.682  1006  1778 I chatty  : uid=1000(system) LazyTaskWriterT expire 1 line
--------- beginning of main
02-19 14:11:55.846  4540  4628 I VrApi   : FPS=88/90,Prd=40ms,Tear=0,Early=45,Stale=4,VSnc=1,Lat=1,Fov=0,CPU4/GPU=4/3,1478/490MHz,OC=FF,TA=0/0/0,SP=N/N/N,Mem=1804MHz,Free=1530MB,PLS=0,Temp=25.2C/0.0C,TW=3.67ms,App=0.76ms,GD=0.45ms,CPU&GPU=2.19ms,LCnt=1,GPU%=0.37,CPU%=0.38(W0.57),DSF=1.00
02-19 14:11:55.858  4750  4750 D ApplicationLoaders: Returning zygote-cached class loader: /system/framework/android.hidl.base-V1.0-java.jar
02-19 14:11:55.858  4750  4750 D ApplicationLoaders: Returning zygote-cached class loader: /system/framework/android.hidl.manager-V1.0-java.jar
02-19 14:11:55.858  4750  4750 D ApplicationLoaders: Returning zygote-cached class loader: /system/framework/android.hidl.base-V1.0-java.jar
02-19 14:11:55.862  4750  4750 I ll.home:explor: The ClassLoaderContext is a special shared library.
02-19 14:11:55.897  4750  4750 D AccessTokenForwarder: Constructed
02-19 14:11:55.897  4750  4750 D SoLoader: init start
02-19 14:11:55.897  4750  4750 D SoLoader: adding system library source: /vendor/lib
02-19 14:11:55.897  4750  4750 D SoLoader: adding system library source: /system/lib
02-19 14:11:55.899  4750  4750 D SoLoader: adding backup source from : com.facebook.soloader.ApkSoSource[root = /data/data/com.oculus.vrshell.home/lib-main flags = 1]
02-19 14:11:55.901  4750  4750 W ll.home:explore: type=1400 audit(0.0:5348): avc: granted { execute } for path="/data/data/com.oculus.vrshell.home/lib-main/libmemalign16.so" dev="dm-6" ino=2009 scontext=u:r:untrusted_app_25:s0:c512,c768 tcontext=u:object_r:app_data_file:s0:c512,c768 tclass=file
02-19 14:11:55.911  4750  4750 W ll.home:explore: type=1400 audit(0.0:5349): avc: granted { execute } for path="/data/data/com.oculus.vrshell.home/lib-main/libc++_shared.so" dev="dm-6" ino=5859 scontext=u:r:untrusted_app_25:s0:c512,c768 tcontext=u:object_r:app_data_file:s0:c512,c768 tclass=file
02-19 14:11:55.900  4750  4750 D SoLoader: Preparing SO source: com.facebook.soloader.DirectorySoSource[root = /system/lib flags = 2]
02-19 14:11:55.900  4750  4750 D SoLoader: Preparing SO source: com.facebook.soloader.DirectorySoSource[root = /vendor/lib flags = 2]
02-19 14:11:55.900  4750  4750 D SoLoader: Preparing SO source: com.facebook.soloader.ApkSoSource[root = /data/data/com.oculus.vrshell.home/lib-main flags = 1]
02-19 14:11:55.900  4750  4750 V fb-UnpackingSoSource: locked dso store /data/user/0/com.oculus.vrshell.home/lib-main
02-19 14:11:55.904  4750  4750 I fb-UnpackingSoSource: dso store is up-to-date: /data/user/0/com.oculus.vrshell.home/lib-main
02-19 14:11:55.904  4750  4750 V fb-UnpackingSoSource: releasing dso store lock for /data/user/0/com.oculus.vrshell.home/lib-main
02-19 14:11:55.904  4750  4750 D SoLoader: init finish: 3 SO sources prepared
02-19 14:11:55.904  4750  4750 D SoLoader: init exiting
02-19 14:11:55.907  4750  4750 D SoLoader: About to load: libfbjni.so
02-19 14:11:55.907  4750  4750 D SoLoader: libfbjni.so found on /data/data/com.oculus.vrshell.home/lib-main
02-19 14:11:55.911  4750  4750 D SoLoader: Loading lib dependencies: [libmemalign16_cpp.so, liblog.so, libc++_shared.so, libm.so, libdl.so, libc.so]
02-19 14:11:55.911  4750  4750 D SoLoader: About to load: libmemalign16_cpp.so
02-19 14:11:55.911  4750  4750 D SoLoader: libmemalign16_cpp.so found on /data/data/com.oculus.vrshell.home/lib-main
02-19 14:11:55.913  4750  4750 D SoLoader: Loading lib dependencies: [libmemalign16.so, libc++_shared.so, libc.so]
02-19 14:11:55.913  4750  4750 D SoLoader: About to load: libmemalign16.so
02-19 14:11:55.913  4750  4750 D SoLoader: libmemalign16.so found on /data/data/com.oculus.vrshell.home/lib-main
02-19 14:11:55.914  4750  4750 D SoLoader: Loading lib dependencies: [libc.so]
02-19 14:11:55.914  4750  4750 D SoLoader: About to load: libc.so
02-19 14:11:55.914  4750  4750 D SoLoader: libc.so not found on /data/data/com.oculus.vrshell.home/lib-main
02-19 14:11:55.914  4750  4750 D SoLoader: libc.so not found on /vendor/lib
02-19 14:11:55.914  4750  4750 D SoLoader: libc.so found on /system/lib
02-19 14:11:55.914  4750  4750 D SoLoader: libc.so loaded implicitly
02-19 14:11:55.914  4750  4750 D SoLoader: Loaded: libc.so
02-19 14:11:55.915  4750  4750 D SoLoader: Loaded: libmemalign16.so
02-19 14:11:55.915  4750  4750 D SoLoader: About to load: libc++_shared.so
02-19 14:11:55.915  4750  4750 D SoLoader: libc++_shared.so found on /data/data/com.oculus.vrshell.home/lib-main
02-19 14:11:55.917  4750  4750 D SoLoader: Loading lib dependencies: [libc.so, libdl.so]
02-19 14:11:55.917  4750  4750 D SoLoader: About to load: libdl.so
02-19 14:11:55.917  4750  4750 D SoLoader: libdl.so not found on /data/data/com.oculus.vrshell.home/lib-main
02-19 14:11:55.917  4750  4750 D SoLoader: libdl.so not found on /vendor/lib
02-19 14:11:55.918  4750  4750 D SoLoader: libdl.so found on /system/lib
02-19 14:11:55.918  4750  4750 D SoLoader: libdl.so loaded implicitly
02-19 14:11:55.918  4750  4750 D SoLoader: Loaded: libdl.so
02-19 14:11:55.922  4750  4750 D SoLoader: Loaded: libc++_shared.so
02-19 14:11:55.922  4750  4750 D SoLoader: Loaded: libmemalign16_cpp.so
02-19 14:11:55.922  4750  4750 D SoLoader: About to load: liblog.so
02-19 14:11:55.911  4750  4750 W ll.home:explore: type=1400 audit(0.0:5350): avc: granted { execute } for path="/data/data/com.oculus.vrshell.home/lib-main/libmemalign16_cpp.so" dev="dm-6" ino=2010 scontext=u:r:untrusted_app_25:s0:c512,c768 tcontext=u:object_r:app_data_file:s0:c512,c768 tclass=file
02-19 14:11:55.923  4750  4750 D SoLoader: liblog.so not found on /data/data/com.oculus.vrshell.home/lib-main
02-19 14:11:55.923  4750  4750 D SoLoader: liblog.so not found on /vendor/lib
02-19 14:11:55.923  4750  4750 D SoLoader: liblog.so found on /system/lib
02-19 14:11:55.923  4750  4750 D SoLoader: liblog.so loaded implicitly
02-19 14:11:55.923  4750  4750 D SoLoader: Loaded: liblog.so
02-19 14:11:55.923  4750  4750 D SoLoader: About to load: libm.so
02-19 14:11:55.923  4750  4750 D SoLoader: libm.so not found on /data/data/com.oculus.vrshell.home/lib-main
02-19 14:11:55.911  4750  4750 W ll.home:explore: type=1400 audit(0.0:5351): avc: granted { execute } for path="/data/data/com.oculus.vrshell.home/lib-main/libfbjni.so" dev="dm-6" ino=2002 scontext=u:r:untrusted_app_25:s0:c512,c768 tcontext=u:object_r:app_data_file:s0:c512,c768 tclass=file
02-19 14:11:55.923  4750  4750 D SoLoader: libm.so not found on /vendor/lib
02-19 14:11:55.923  4750  4750 D SoLoader: libm.so found on /system/lib
02-19 14:11:55.923  4750  4750 D SoLoader: libm.so loaded implicitly
02-19 14:11:55.923  4750  4750 D SoLoader: Loaded: libm.so
02-19 14:11:55.926  4750  4750 D SoLoader: Loaded: libfbjni.so
