02-19 14:00:33.110  2687  2741 E AndroidRuntime:       #13 pc 00000000005d01cc  /data/app/com.beatgames.beatsaber-eTi0ROYhCBMc76JSqkBTTQ==/lib/arm64/libunity.so (BuildId: fb3c121a1811d470c9d17ee368cd7227475dc348)
02-19 14:00:33.110  2687  2741 E AndroidRuntime:       #14 pc 00000000005d7c60  /data/app/com.beatgames.beatsaber-eTi0ROYhCBMc76JSqkBTTQ==/lib/arm64/libunity.so (BuildId: fb3c121a1811d470c9d17ee368cd7227475dc348)
02-19 14:00:33.110  2687  2741 E AndroidRuntime:       #15 pc 00000000005d7854  /data/app/com.beatgames.beatsaber-eTi0ROYhCBMc76JSqkBTTQ==/lib/arm64/libunity.so (BuildId: fb3c121a1811d470c9d17ee368cd7227475dc348)
02-19 14:00:33.110  2687  2741 E AndroidRuntime:       #16 pc 00000000005d9918  /data/app/com.beatgames.beatsaber-eTi0ROYhCBMc76JSqkBTTQ==/lib/arm64/libunity.so (BuildId: fb3c121a1811d470c9d17ee368cd7227475dc348)
02-19 14:00:33.110  2687  2741 E AndroidRuntime:       #17 pc 00000000005d9cdc  /data/app/com.beatgames.beatsaber-eTi0ROYhCBMc76JSqkBTTQ==/lib/arm64/libunity.so (BuildId: fb3c121a1811d470c9d17ee368cd7227475dc348)
02-19 14:00:33.110  2687  2741 E AndroidRuntime:       #18 pc 00000000006aa50c  /data/app/com.beatgames.beatsaber-eTi0ROYhCBMc76JSqkBTTQ==/lib/arm64/libunity.so (BuildId: fb3c121a1811d470c9d17ee368cd7227475dc348)
02-19 14:00:33.110  2687  2741 E AndroidRuntime:       #19 pc 00000000011fdff4  /data/app/com.beatgames.beatsaber-eTi0ROYhCBMc76JSqkBTTQ==/lib/arm64/libil2cpp.so (BuildId: 2f6040f47a364c52fab9898dd21b9aeb6d1c52f0)
02-19 14:00:33.110  2687  2741 E AndroidRuntime:       #20 pc 0000000001063104  /data/app/com.beatgames.beatsaber-eTi0ROYhCBMc76JSqkBTTQ==/lib/arm64/libil2cpp.so (BuildId: 2f6040f47a364c52fab9898dd21b9aeb6d1c52f0)
02-19 14:00:33.110  2687  2741 E AndroidRuntime:       #21 pc 0000000001ab2544  /data/app/com.beatgames.beatsaber-eTi0ROYhCBMc76JSqkBTTQ==/lib/arm64/libil2cpp.so (BuildId: 2f6040f47a364c52fab9898dd21b9aeb6d1c52f0)
02-19 14:00:33.110  2687  2741 E AndroidRuntime:       #22 pc 0000000000d6db74  /data/app/com.beatgames.beatsaber-eTi0ROYhCBMc76JSqkBTTQ==/lib/arm64/libil2cpp.so (BuildId: 2f6040f47a364c52fab9898dd21b9aeb6d1c52f0)
02-19 14:00:33.110  2687  2741 E AndroidRuntime:       #23 pc 0000000000e6daf0  /data/app/com.beatgames.beatsaber-eTi0ROYhCBMc76JSqkBTTQ==/lib/arm64/libil2cpp.so (BuildId: 2f6040f47a364c52fab9898dd21b9aeb6d1c52f0)
02-19 14:00:33.110  2687  2741 E AndroidRuntime:       #24 pc 00000000005c38b4  /data/app/com.beatgames.beatsaber-eTi0ROYhCBMc76JSqkBTTQ==/lib/arm64/libunity.so (BuildId: fb3c121a1811d470c9d17ee368cd7227475dc348)
02-19 14:00:33.110  2687  2741 E AndroidRuntime:       #25 pc 00000000005d01cc  /data/app/com.beatgames.beatsaber-eTi0ROYhCBMc76JSqkBTTQ==/lib/arm64/libunity.so (BuildId: fb3c121a1811d470c9d17ee368cd7227475dc348)
02-19 14:00:33.110  2687  2741 E AndroidRuntime:       #26 pc 00000000005d7c60  /data/app/com.beatgames.beatsaber-eTi0ROYhCBMc76JSqkBTTQ==/lib/arm64/libunity.so (BuildId: fb3c121a1811d470c9d17ee368cd7227475dc348)
02-19 14:00:33.110  2687  2741 E AndroidRuntime:       #27 pc 00000000005d7854  /data/app/com.beatgames.beatsaber-eTi0ROYhCBMc76JSqkBTTQ==/lib/arm64/libunity.so (BuildId: fb3c121a1811d470c9d17ee368cd7227475dc348)
02-19 14:00:33.110  2687  2741 E AndroidRuntime:       #28 pc 000000000042d318  /data/app/com.beatgames.beatsaber-eTi0ROYhCBMc76JSqkBTTQ==/lib/arm64/libunity.so (BuildId: fb3c121a1811d470c9d17ee368cd7227475dc348)
02-19 14:00:33.110  2687  2741 E AndroidRuntime:       #29 pc 00000000005006dc  /data/app/com.beatgames.beatsaber-eTi0ROYhCBMc76JSqkBTTQ==/lib/arm64/libunity.so (BuildId: fb3c121a1811d470c9d17ee368cd7227475dc348)
02-19 14:00:33.110  2687  2741 E AndroidRuntime:       #30 pc 0000000000500710  /data/app/com.beatgames.beatsaber-eTi0ROYhCBMc76JSqkBTTQ==/lib/arm64/libunity.so (BuildId: fb3c121a1811d470c9d17ee368cd7227475dc348)
02-19 14:00:33.110  2687  2741 E AndroidRuntime:       #31 pc 0000000000500948  /data/app/com.beatgames.beatsaber-eTi0ROYhCBMc76JSqkBTTQ==/lib/arm64/libunity.so (BuildId: fb3c121a1811d470c9d17ee368cd7227475dc348)
02-19 14:00:33.110  2687  2741 E AndroidRuntime:       #32 pc 000000000063aa34  /data/app/com.beatgames.beatsaber-eTi0ROYhCBMc76JSqkBTTQ==/lib/arm64/libunity.so (BuildId: fb3c121a1811d470c9d17ee368cd7227475dc348)
02-19 14:00:33.110  2687  2741 E AndroidRuntime:       #33 pc 000000000064e648  /data/app/com.beatgames.beatsaber-eTi0ROYhCBMc76JSqkBTTQ==/lib/arm64/libunity.so (BuildId: fb3c121a1811d470c9d17ee368cd7227475dc348)
02-19 14:00:33.110  2687  2741 E AndroidRuntime:       #34 pc 000000000000593c  /data/app/com.beatgames.beatsaber-eTi0ROYhCBMc76JSqkBTTQ==/oat/arm64/base.odex
02-19 14:00:33.110  2687  2741 E AndroidRuntime: 
02-19 14:00:33.110  2687  2741 E AndroidRuntime: 	at libil2cpp.0x113b5e4(Native Method)
02-19 14:00:33.110  2687  2741 E AndroidRuntime: 	at libil2cpp.0x18e1c6c(Native Method)
02-19 14:00:33.110  2687  2741 E AndroidRuntime: 	at libil2cpp.0xd614c4(Native Method)
02-19 14:00:33.110  2687  2741 E AndroidRuntime: 	at libil2cpp.0xe6daf0(Native Method)
02-19 14:00:33.110  2687  2741 E AndroidRuntime: 	at libcodegen_0_6_2.void il2cpp_utils::RunMethodThrow<void, false, UnityEngine::UI::LayoutElement*, float&>(UnityEngine::UI::LayoutElement*&&, MethodInfo const*, float&&&)(LayoutElement*, float&>:188)
02-19 14:00:33.110  2687  2741 E AndroidRuntime: 	at libcodegen_0_6_2.UnityEngine::UI::LayoutElement::set_minWidth(float)(set_minWidth:88)
02-19 14:00:33.110  2687  2741 E AndroidRuntime: 	at libquestui.hook_MMVC_DidActivate(GlobalNamespace::MainMenuViewController*, bool, bool, bool)(hook_MMVC_DidActivate:188)
02-19 14:00:33.110  2687  2741 E AndroidRuntime: 	at libil2cpp.0x2245440(Native Method)
02-19 14:00:33.111  2687  2741 E AndroidRuntime: 	at libil2cpp.0x11ba478(Native Method)
02-19 14:00:33.111  2687  2741 E AndroidRuntime: 	at libil2cpp.0x1ab2544(Native Method)
02-19 14:00:33.111  2687  2741 E AndroidRuntime: 	at libil2cpp.0xd6db74(Native Method)
02-19 14:00:33.111  2687  2741 E AndroidRuntime: 	at libil2cpp.0xe6daf0(Native Method)
02-19 14:00:33.111  2687  2741 E AndroidRuntime: 	at libunity.0x5c38b4(Native Method)
02-19 14:00:33.111  2687  2741 E AndroidRuntime: 	at libunity.0x5d01cc(Native Method)
02-19 14:00:33.111  2687  2741 E AndroidRuntime: 	at libunity.0x5d7c60(Native Method)
02-19 14:00:33.111  2687  2741 E AndroidRuntime: 	at libunity.0x5d7854(Native Method)
02-19 14:00:33.111  2687  2741 E AndroidRuntime: 	at libunity.0x5d9918(Native Method)
02-19 14:00:33.111  2687  2741 E AndroidRuntime: 	at libunity.0x5d9cdc(Native Method)
02-19 14:00:33.111  2687  2741 E AndroidRuntime: 	at libunity.0x6aa50c(Native Method)
02-19 14:00:33.111  2687  2741 E AndroidRuntime: 	at libil2cpp.0x11fdff4(Native Method)
02-19 14:00:33.111  2687  2741 E AndroidRuntime: 	at libil2cpp.0x1063104(Native Method)
02-19 14:00:33.111  2687  2741 E AndroidRuntime: 	at libil2cpp.0x1ab2544(Native Method)
02-19 14:00:33.111  2687  2741 E AndroidRuntime: 	at libil2cpp.0xd6db74(Native Method)
02-19 14:00:33.111  2687  2741 E AndroidRuntime: 	at libil2cpp.0xe6daf0(Native Method)
02-19 14:00:33.111  2687  2741 E AndroidRuntime: 	at libunity.0x5c38b4(Native Method)
02-19 14:00:33.111  2687  2741 E AndroidRuntime: 	at libunity.0x5d01cc(Native Method)
02-19 14:00:33.111  2687  2741 E AndroidRuntime: 	at libunity.0x5d7c60(Native Method)
02-19 14:00:33.111  2687  2741 E AndroidRuntime: 	at libunity.0x5d7854(Native Method)
02-19 14:00:33.111  2687  2741 E AndroidRuntime: 	at libunity.0x42d318(Native Method)
02-19 14:00:33.111  2687  2741 E AndroidRuntime: 	at libunity.0x5006dc(Native Method)
02-19 14:00:33.111  2687  2741 E AndroidRuntime: 	at libunity.0x500710(Native Method)
02-19 14:00:33.111  2687  2741 E AndroidRuntime: 	at libunity.0x500948(Native Method)
02-19 14:00:33.122  1006  3204 I chatty  : uid=1000 system_server expire 1 line
02-19 14:00:33.369   807   880 I TrackingService: Unregistering client 'com.beatgames.beatsaber#2687' by binder death
02-19 14:00:33.371   807   880 I TrackingService: TrackingServiceHost Unregistering client: com.beatgames.beatsaber#2687
02-19 14:00:33.371  1006  4819 I chatty  : uid=1000(system) Binder:1006_D expire 1 line
02-19 14:00:33.380  1006  4877 I chatty  : uid=1000(system) Binder:1006_10 expire 1 line
02-19 14:00:33.521  1405  3202 W ContextImpl: Calling a method in the system process without a qualified user: android.app.ContextImpl.sendBroadcast:1057 android.content.ContextWrapper.sendBroadcast:448 X.Je.A00:155 X.Je.handleMessage:80 android.os.Handler.dispatchMessage:107 
02-19 14:00:33.717  1006  1036 I chatty  : uid=1000(system) android.ui expire 8 lines
02-19 14:00:33.778   807   880 I TrackingService: TrackingService::getSharedMemoryFileDescriptor
02-19 14:00:33.779   807   880 I TrackingService: TrackingService::registerClient
02-19 14:00:33.779   807   880 I TrackingService: Registering client with TrackingServiceHost (com.android.systemui#1191)
02-19 14:00:33.784   807   880 I TrackingService: Notifying client com.android.systemui#1191 of new remote 31fa5f7958920bd9
02-19 14:00:33.784   807   880 I TrackingService: Notifying client com.android.systemui#1191 of new remote d9a2e25150bbd368
02-19 14:00:33.784   807   880 I TrackingService: TrackingServiceHost GetSharedMemoryFileDescriptor for client com.android.systemui#1191
02-19 14:00:33.784   807   880 I TrackingService: TrackingServiceHost registered first secure client
02-19 14:00:33.785   807   880 I TrackingService: TrackingServiceHost knows of 1 secure clients
02-19 14:00:36.689  1006  1035 I chatty  : uid=1000(system) android.fg expire 7 lines
02-19 14:00:36.797   807   880 I TrackingService: Unregistering client by ITrackingService.unregisterClient
02-19 14:00:36.797   807   880 I TrackingService: TrackingServiceHost Unregistering client: com.android.systemui#1191
02-19 14:00:36.797   807   880 I TrackingService: TrackingServiceHost unregistered last secure client
02-19 14:00:37.006   807   880 I TrackingService: TrackingService::getSharedMemoryFileDescriptor
02-19 14:00:37.008   807   880 I TrackingService: TrackingService::registerClient
02-19 14:00:37.009   807   880 I TrackingService: Registering client with TrackingServiceHost (com.oculus.shellenv#2384)
02-19 14:00:37.010   807   880 I TrackingService: Notifying client com.oculus.shellenv#2384 of new remote 31fa5f7958920bd9
02-19 14:00:37.010   807   880 I TrackingService: Notifying client com.oculus.shellenv#2384 of new remote d9a2e25150bbd368
02-19 14:00:37.010   807   880 I TrackingService: TrackingServiceHost GetSharedMemoryFileDescriptor for client com.oculus.shellenv#2384
02-19 14:00:37.010   807   880 I TrackingService: TrackingServiceHost registered common client; there are 0 secure clients
02-19 14:00:37.068   807   880 I TrackingService: TrackingService::getSharedMemoryFileDescriptor
02-19 14:00:37.069   807   880 I TrackingService: TrackingService::registerClient
02-19 14:00:37.072   807   880 I TrackingService: Registering client with TrackingServiceHost (com.oculus.vrshell#2478)
02-19 14:00:37.073   807   880 I TrackingService: Notifying client com.oculus.vrshell#2478 of new remote 31fa5f7958920bd9
02-19 14:00:37.078   807   880 I TrackingService: Notifying client com.oculus.vrshell#2478 of new remote d9a2e25150bbd368
02-19 14:00:37.078   807   880 I TrackingService: TrackingServiceHost GetSharedMemoryFileDescriptor for client com.oculus.vrshell#2478
02-19 14:00:37.078   807   880 I TrackingService: TrackingServiceHost registered common client; there are 0 secure clients
02-19 14:00:37.343  1006  1645 I chatty  : uid=1000(system) HwBinder:1006_4 expire 1 line
02-19 14:00:37.373  1006  1053 I chatty  : uid=1000(system) PowerManagerSer expire 1 line
02-19 14:00:37.552  1006 21163 I chatty  : uid=1000(system) Binder:1006_1C expire 2 lines
02-19 14:00:37.619  1006  1006 I chatty  : uid=1000 system_server expire 5 lines
02-19 14:00:37.665  1006 10951 I chatty  : uid=1000(system) Binder:1006_19 expire 1 line
02-19 14:00:37.675  1006  1049 I chatty  : uid=1000(system) batterystats-wo expire 2 lines
02-19 14:00:37.783  1006 10733 I chatty  : uid=1000(system) Binder:1006_18 expire 1 line
02-19 14:00:38.234  1006 15692 I chatty  : uid=1000(system) Binder:1006_1A expire 1 line
02-19 14:00:38.466  1006  1038 I chatty  : uid=1000(system) android.display expire 4 lines
02-19 14:00:38.540  1006  1037 I chatty  : uid=1000(system) android.io expire 1 line
02-19 14:00:38.631  1006  1314 I chatty  : uid=1000(system) Binder:1006_5 expire 3 lines
02-19 14:00:39.192  1006  1702 I chatty  : uid=1000(system) AdbDebuggingMan expire 1 line
02-19 14:00:39.294  1006  1038 I chatty  : uid=1000(system) android.display expire 12 lines
02-19 14:00:39.370  1006  1049 I chatty  : uid=1000(system) batterystats-wo expire 2 lines
02-19 14:00:39.821  1006  1006 I chatty  : uid=1000 system_server expire 3 lines
02-19 14:00:39.982  1006 21163 I chatty  : uid=1000(system) Binder:1006_1C expire 1 line
02-19 14:00:40.104  1006  1036 I chatty  : uid=1000(system) android.ui expire 7 lines
02-19 14:00:40.206  1006 15692 I chatty  : uid=1000(system) Binder:1006_1A expire 3 lines
02-19 14:00:40.222  1006 23938 I chatty  : uid=1000(system) Binder:1006_1F expire 1 line
02-19 14:00:40.231  1006  1314 I chatty  : uid=1000(system) Binder:1006_5 expire 1 line
02-19 14:00:40.239  1006  4877 I chatty  : uid=1000(system) Binder:1006_10 expire 1 line
02-19 14:00:40.724  1006  1778 I chatty  : uid=1000(system) LazyTaskWriterT expire 1 line
02-19 14:00:40.782   807   880 I TrackingService: getTrackingSocketFileDescriptor
02-19 14:00:40.782   807   880 D TrackingService: haptic socket already exists
02-19 14:00:44.281  1405  3284 W ContextImpl: Calling a method in the system process without a qualified user: android.app.ContextImpl.sendBroadcast:1057 android.content.ContextWrapper.sendBroadcast:448 X.Je.A00:155 X.Je.handleMessage:80 android.os.Handler.dispatchMessage:107 
02-19 14:00:44.572  1006  1218 I chatty  : uid=1000(system) Binder:1006_4 expire 1 line
02-19 14:00:44.762   807   880 I TrackingService: Unregistering client by ITrackingService.unregisterClient
02-19 14:00:44.762   807   880 I TrackingService: TrackingServiceHost Unregistering client: com.oculus.shellenv#2384
02-19 14:00:44.783  1006  1045 I chatty  : uid=1000(system) ActivityManager expire 1 line
02-19 14:00:45.529   807   880 I TrackingService: Unregistering client by ITrackingService.unregisterClient
02-19 14:00:45.529   807   880 I TrackingService: TrackingServiceHost Unregistering client: com.oculus.vrshell#2478
02-19 14:00:45.783  1006  3671 I chatty  : uid=1000(system) Binder:1006_C expire 4 lines
02-19 14:00:46.225  1405  3305 W ContextImpl: Calling a method in the system process without a qualified user: android.app.ContextImpl.sendBroadcast:1057 android.content.ContextWrapper.sendBroadcast:448 X.Je.A00:155 X.Je.handleMessage:80 android.os.Handler.dispatchMessage:107 
02-19 14:00:49.030   807   880 I TrackingService: TrackingService::getSharedMemoryFileDescriptor
02-19 14:00:49.033   807   880 I TrackingService: TrackingService::registerClient
02-19 14:00:49.034   807   880 I TrackingService: Registering client with TrackingServiceHost (com.beatgames.beatsaber#3309)
02-19 14:00:49.035   807   880 I TrackingService: Notifying client com.beatgames.beatsaber#3309 of new remote 31fa5f7958920bd9
02-19 14:00:49.035   807   880 I TrackingService: Notifying client com.beatgames.beatsaber#3309 of new remote d9a2e25150bbd368
02-19 14:00:49.036   807   880 I TrackingService: TrackingServiceHost GetSharedMemoryFileDescriptor for client com.beatgames.beatsaber#3309
02-19 14:00:49.036   807   880 I TrackingService: TrackingServiceHost registered common client; there are 0 secure clients
02-19 14:00:49.156  1006  1038 I chatty  : uid=1000(system) android.display expire 6 lines
02-19 14:00:49.356  1006 10733 I chatty  : uid=1000(system) Binder:1006_18 expire 3 lines
02-19 14:00:49.536   807  2845 D TrackingService: [HANDTRACKING] Controller 31fa5f7958920bd9 in hand: N, valid: Y
02-19 14:00:49.556  1006  1036 I chatty  : uid=1000(system) android.ui expire 7 lines
02-19 14:00:49.585  1006  4877 I chatty  : uid=1000(system) Binder:1006_10 expire 1 line
02-19 14:00:49.701  1006 15692 I chatty  : uid=1000(system) Binder:1006_1A expire 1 line
02-19 14:00:51.009  1405  3407 W ContextImpl: Calling a method in the system process without a qualified user: android.app.ContextImpl.sendBroadcast:1057 android.content.ContextWrapper.sendBroadcast:448 X.Je.A00:155 X.Je.handleMessage:80 android.os.Handler.dispatchMessage:107 
02-19 14:00:56.614   807  2845 D TrackingService: [HANDTRACKING] Controller 31fa5f7958920bd9 in hand: Y, valid: Y
02-19 14:01:10.183  1405  3472 W ContextImpl: Calling a method in the system process without a qualified user: android.app.ContextImpl.sendBroadcast:1057 android.content.ContextWrapper.sendBroadcast:448 X.Je.A00:155 X.Je.handleMessage:80 android.os.Handler.dispatchMessage:107 
02-19 14:01:11.858   807   880 I TrackingService: getTrackingSocketFileDescriptor
02-19 14:01:11.858   807   880 D TrackingService: haptic socket already exists
02-19 14:01:17.613  1006  3493 I chatty  : uid=1000 system_server expire 1 line
02-19 14:01:18.178  1006  1044 I chatty  : uid=1000(system) ActivityManager expire 2 lines
02-19 14:01:18.279   807   880 I TrackingService: TrackingService::getSharedMemoryFileDescriptor
02-19 14:01:18.280   807   880 I TrackingService: TrackingService::registerClient
02-19 14:01:18.281   807   880 I TrackingService: Registering client with TrackingServiceHost (com.oculus.vrshell#2478)
02-19 14:01:18.281   807   880 I TrackingService: Notifying client com.oculus.vrshell#2478 of new remote 31fa5f7958920bd9
02-19 14:01:18.284   807 19025 I TrackingService: TrackingService::getSharedMemoryFileDescriptor
02-19 14:01:18.287   807   880 I TrackingService: Notifying client com.oculus.vrshell#2478 of new remote d9a2e25150bbd368
02-19 14:01:18.287   807 19025 I TrackingService: TrackingService::registerClient
02-19 14:01:18.287   807   880 I TrackingService: TrackingServiceHost GetSharedMemoryFileDescriptor for client com.oculus.vrshell#2478
02-19 14:01:18.287   807   880 I TrackingService: TrackingServiceHost registered common client; there are 0 secure clients
02-19 14:01:18.311   807 19025 I TrackingService: Registering client with TrackingServiceHost (com.oculus.shellenv#2384)
02-19 14:01:18.311   807 19025 I TrackingService: Notifying client com.oculus.shellenv#2384 of new remote 31fa5f7958920bd9
02-19 14:01:18.312   807 19025 I TrackingService: Notifying client com.oculus.shellenv#2384 of new remote d9a2e25150bbd368
02-19 14:01:18.312   807 19025 I TrackingService: TrackingServiceHost GetSharedMemoryFileDescriptor for client com.oculus.shellenv#2384
02-19 14:01:18.312   807 19025 I TrackingService: TrackingServiceHost registered common client; there are 0 secure clients
02-19 14:01:18.557  1006  1314 I chatty  : uid=1000(system) Binder:1006_5 expire 1 line
02-19 14:01:18.824  1006 20113 I chatty  : uid=1000(system) Binder:1006_1B expire 2 lines
02-19 14:01:19.000  1006  1218 I chatty  : uid=1000(system) Binder:1006_4 expire 1 line
02-19 14:01:19.122  1006  1315 I chatty  : uid=1000(system) Binder:1006_6 expire 1 line
02-19 14:01:19.320  1006  1006 I chatty  : uid=1000 system_server expire 3 lines
02-19 14:01:19.366  1006 21163 I chatty  : uid=1000(system) Binder:1006_1C expire 1 line
02-19 14:01:19.479  1006  4819 I chatty  : uid=1000(system) Binder:1006_D expire 2 lines
02-19 14:01:19.637  1006  1038 I chatty  : uid=1000(system) android.display expire 10 lines
02-19 14:01:19.727  1006  1006 I chatty  : uid=1000 system_server expire 1 line
02-19 14:01:20.073   807  2845 D TrackingService: [HANDTRACKING] Controller 31fa5f7958920bd9 in hand: N, valid: Y
02-19 14:01:21.100  1006  1036 I chatty  : uid=1000(system) android.ui expire 4 lines
02-19 14:01:21.296  1006  1045 I chatty  : uid=1000(system) ActivityManager expire 1 line
02-19 14:01:21.304   807 19025 I TrackingService: Unregistering client by ITrackingService.unregisterClient
02-19 14:01:21.304   807 19025 I TrackingService: TrackingServiceHost Unregistering client: com.oculus.shellenv#2384
02-19 14:01:21.332  1006  1702 I chatty  : uid=1000(system) AdbDebuggingMan expire 1 line
02-19 14:01:21.338  1006  1035 I chatty  : uid=1000(system) android.fg expire 1 line
02-19 14:01:21.352  1006  1044 I chatty  : uid=1000(system) ActivityManager expire 4 lines
02-19 14:01:21.424  1006  1049 I chatty  : uid=1000(system) batterystats-wo expire 2 lines
02-19 14:01:21.534  1006 10733 I chatty  : uid=1000(system) Binder:1006_18 expire 2 lines
02-19 14:01:21.774  1006  1053 I chatty  : uid=1000(system) PowerManagerSer expire 1 line
02-19 14:01:21.842  1006 10951 I chatty  : uid=1000(system) Binder:1006_19 expire 1 line
02-19 14:01:21.899   807 19025 I TrackingService: Unregistering client by ITrackingService.unregisterClient
02-19 14:01:21.899   807 19025 I TrackingService: TrackingServiceHost Unregistering client: com.oculus.vrshell#2478
02-19 14:01:21.902   807   880 I TrackingService: TrackingService::getSharedMemoryFileDescriptor
02-19 14:01:21.903   807   880 I TrackingService: TrackingService::registerClient
02-19 14:01:21.903   807   880 I TrackingService: Registering client with TrackingServiceHost (com.android.networkstack.inprocess#1006)
02-19 14:01:21.904   807   880 I TrackingService: Notifying client com.android.networkstack.inprocess#1006 of new remote 31fa5f7958920bd9
02-19 14:01:21.905   807   880 I TrackingService: Notifying client com.android.networkstack.inprocess#1006 of new remote d9a2e25150bbd368
02-19 14:01:21.906   807   880 I TrackingService: TrackingServiceHost GetSharedMemoryFileDescriptor for client com.android.networkstack.inprocess#1006
02-19 14:01:21.906   807   880 I TrackingService: TrackingServiceHost registered common client; there are 0 secure clients
02-19 14:01:21.910  1006  3584 I chatty  : uid=1000 system_server expire 2 lines
02-19 14:01:21.970  1006  1036 I chatty  : uid=1000(system) android.ui expire 2 lines
02-19 14:01:22.113  1006  1778 I chatty  : uid=1000(system) LazyTaskWriterT expire 1 line
02-19 14:01:22.150  1006  4819 I chatty  : uid=1000(system) Binder:1006_D expire 1 line
02-19 14:01:22.197  1006  9439 I chatty  : uid=1000(system) Binder:1006_13 expire 1 line
02-19 14:01:22.324  1006 20113 I chatty  : uid=1000(system) Binder:1006_1B expire 1 line
02-19 14:01:22.339  1006  1035 I chatty  : uid=1000(system) android.fg expire 12 lines
02-19 14:01:22.534  1006 10951 I chatty  : uid=1000(system) Binder:1006_19 expire 1 line
02-19 14:01:22.552  1006  1036 I chatty  : uid=1000(system) android.ui expire 9 lines
02-19 14:01:22.582  1006  1044 I chatty  : uid=1000(system) ActivityManager expire 8 lines
02-19 14:01:22.930  1006  1037 I chatty  : uid=1000(system) android.io expire 1 line
02-19 14:01:22.957  1006  1049 I chatty  : uid=1000(system) batterystats-wo expire 2 lines
02-19 14:01:23.183  1006  1136 I chatty  : uid=1000(system) HwBinder:1006_3 expire 1 line
02-19 14:01:23.568  1006 22700 I chatty  : uid=1000(system) Binder:1006_1D expire 1 line
02-19 14:01:24.489  1006  1702 I chatty  : uid=1000(system) AdbDebuggingMan expire 1 line
02-19 14:01:24.520  1405  3524 W ContextImpl: Calling a method in the system process without a qualified user: android.app.ContextImpl.sendBroadcast:1057 android.content.ContextWrapper.sendBroadcast:448 X.Je.A00:155 X.Je.handleMessage:80 android.os.Handler.dispatchMessage:107 
02-19 14:01:26.739  1006  3671 I chatty  : uid=1000(system) Binder:1006_C expire 2 lines
02-19 14:01:26.798  1006  1053 I chatty  : uid=1000(system) PowerManagerSer expire 7 lines
02-19 14:01:26.814   807   880 I TrackingService: Unregistering client by ITrackingService.unregisterClient
02-19 14:01:26.814   807   880 I TrackingService: TrackingServiceHost Unregistering client: com.android.networkstack.inprocess#1006
02-19 14:01:27.702   807   880 I TrackingService: TrackingService::getSharedMemoryFileDescriptor
02-19 14:01:27.702   807   880 I TrackingService: TrackingService::registerClient
02-19 14:01:27.703   807   880 I TrackingService: Registering client with TrackingServiceHost (com.android.systemui#1191)
02-19 14:01:27.703   807   880 I TrackingService: Notifying client com.android.systemui#1191 of new remote 31fa5f7958920bd9
02-19 14:01:27.703   807   880 I TrackingService: Notifying client com.android.systemui#1191 of new remote d9a2e25150bbd368
02-19 14:01:27.703   807   880 I TrackingService: TrackingServiceHost GetSharedMemoryFileDescriptor for client com.android.systemui#1191
02-19 14:01:27.703   807   880 I TrackingService: TrackingServiceHost registered first secure client
02-19 14:01:27.703   807   880 I TrackingService: TrackingServiceHost knows of 1 secure clients
02-19 14:01:28.242   807   880 I TrackingService: Unregistering client 'com.beatgames.beatsaber#3309' by binder death
02-19 14:01:28.243  1006  1038 I chatty  : uid=1000(system) android.display expire 2 lines
02-19 14:01:28.248   807   880 I TrackingService: TrackingServiceHost Unregistering client: com.beatgames.beatsaber#3309
02-19 14:01:28.345  1006 15692 I chatty  : uid=1000(system) Binder:1006_1A expire 6 lines
02-19 14:01:29.944  1405  3641 W ContextImpl: Calling a method in the system process without a qualified user: android.app.ContextImpl.sendBroadcast:1057 android.content.ContextWrapper.sendBroadcast:448 X.Je.A00:155 X.Je.handleMessage:80 android.os.Handler.dispatchMessage:107 
02-19 14:01:46.408   726   985 I SyncBossHAL: syncboss_hal_prox.c(41): INFO: Reporting prox event: prox_off
02-19 14:01:46.464   807   880 D TrackingService: Received transition request to STANDBY current is RUNNING
02-19 14:01:46.464   807   880 D TrackingService: Executing transition from RUNNING to STANDBY
02-19 14:01:48.176   807  2845 D TrackingService: [HANDTRACKING] Controller 31fa5f7958920bd9 in hand: Y, valid: Y
02-19 14:01:49.992   807  2845 D TrackingService: [HANDTRACKING] Controller 31fa5f7958920bd9 in hand: N, valid: Y
02-19 14:01:50.172   807  2845 D TrackingService: [HANDTRACKING] Controller 31fa5f7958920bd9 in hand: Y, valid: Y
02-19 14:01:51.592   807  2845 D TrackingService: [HANDTRACKING] Controller 31fa5f7958920bd9 in hand: N, valid: Y
02-19 14:01:54.372   807  2845 D TrackingService: [HANDTRACKING] Controller 31fa5f7958920bd9 in hand: Y, valid: Y
02-19 14:01:55.554   807  2845 D TrackingService: [HANDTRACKING] Controller 31fa5f7958920bd9 in hand: N, valid: Y
02-19 14:01:56.452   807  2845 D TrackingService: [HANDTRACKING] Controller 31fa5f7958920bd9 in hand: Y, valid: Y
02-19 14:01:57.834   807  2845 D TrackingService: [HANDTRACKING] Controller 31fa5f7958920bd9 in hand: N, valid: Y
02-19 14:01:58.272   807  2845 D TrackingService: [HANDTRACKING] Controller d9a2e25150bbd368 in hand: N, valid: Y
02-19 14:01:58.303   807   880 D libtracker: VisionManagerHmd: Acquiring handleHandTrackingSettingChange lock
02-19 14:01:58.304   807   880 D libtracker: VisionManagerHmd: Handling hand tracking setting enable
02-19 14:01:58.717   807   880 D libtracker: VisionManagerHmd: Releasing handleHandTrackingSettingChange lock
02-19 14:02:01.453  1006  1006 I chatty  : uid=1000 system_server expire 4 lines
02-19 14:02:01.575   807   880 I TrackingService: Unregistering client by ITrackingService.unregisterClient
02-19 14:02:01.575   807   880 I TrackingService: TrackingServiceHost Unregistering client: com.android.systemui#1191
02-19 14:02:01.575   807   880 I TrackingService: TrackingServiceHost unregistered last secure client
02-19 14:02:02.011   807   880 D TrackingService: Received transition request to SLEEP current is STANDBY
02-19 14:02:02.011   807   880 D TrackingService: Executing transition from STANDBY to SLEEP
02-19 14:02:02.011   807   880 D TrackingService: Setting power state to STANDBY
02-19 14:02:02.016   807   880 I libtracker: Setting tracker power state to 1
02-19 14:02:02.020  1006  3671 I chatty  : uid=1000(system) Binder:1006_C expire 5 lines
02-19 14:02:02.111   807 19025 I TrackingService: Unregistering client by ITrackingService.unregisterClient
02-19 14:02:02.111   807 19025 I TrackingService: TrackingServiceHost Unregistering client: com.oculus.guardian#2580
02-19 14:02:02.130  1006 10733 I chatty  : uid=1000(system) Binder:1006_18 expire 6 lines
02-19 14:02:02.180   726  2798 I SyncBossFW: [info   ] {APPI}: Stopping camera streaming
02-19 14:02:02.180   726  2798 I SyncBossFW: [info   ] {BCAM}: Camera streaming stopped
02-19 14:02:02.186   807 19025 I TrackingService: Unregistering client by ITrackingService.unregisterClient
02-19 14:02:02.186   807 19025 I TrackingService: TrackingServiceHost Unregistering client: com.yur.fitquest#1815
02-19 14:02:02.200   807  1624 I libtracker: RUNNING -> STANDBY transition time: 184 ms
02-19 14:02:02.200   807   880 D TrackingService: Scheduling delayed transition to SLEEP in 120000ms
02-19 14:02:13.271  1006  1049 I chatty  : uid=1000(system) batterystats-wo expire 2 lines
02-19 14:02:21.629  1006  1044 I chatty  : uid=1000(system) ActivityManager expire 1 line
02-19 14:02:21.659 17111 17111 E ActivityThread: Service com.weloveoculus.BMBFService has leaked IntentReceiver com.weloveoculus.BMBFService_UninstallBroadcastReceiver@30ef1c8 that was originally registered here. Are you missing a call to unregisterReceiver()?
02-19 14:02:21.659 17111 17111 E ActivityThread: android.app.IntentReceiverLeaked: Service com.weloveoculus.BMBFService has leaked IntentReceiver com.weloveoculus.BMBFService_UninstallBroadcastReceiver@30ef1c8 that was originally registered here. Are you missing a call to unregisterReceiver()?
02-19 14:02:21.659 17111 17111 E ActivityThread: 	at android.app.LoadedApk$ReceiverDispatcher.<init>(LoadedApk.java:1592)
02-19 14:02:21.659 17111 17111 E ActivityThread: 	at android.app.LoadedApk.getReceiverDispatcher(LoadedApk.java:1372)
02-19 14:02:21.659 17111 17111 E ActivityThread: 	at android.app.ContextImpl.registerReceiverInternal(ContextImpl.java:1527)
02-19 14:02:21.659 17111 17111 E ActivityThread: 	at android.app.ContextImpl.registerReceiver(ContextImpl.java:1500)
02-19 14:02:21.659 17111 17111 E ActivityThread: 	at android.app.ContextImpl.registerReceiver(ContextImpl.java:1488)
02-19 14:02:21.659 17111 17111 E ActivityThread: 	at android.content.ContextWrapper.registerReceiver(ContextWrapper.java:627)
02-19 14:02:21.659 17111 17111 E ActivityThread: 	at com.weloveoculus.BMBFService.n_onCreate(Native Method)
02-19 14:02:21.659 17111 17111 E ActivityThread: 	at com.weloveoculus.BMBFService.onCreate(BMBFService.java:41)
02-19 14:02:21.659 17111 17111 E ActivityThread: 	at android.app.ActivityThread.handleCreateService(ActivityThread.java:3962)
02-19 14:02:21.659 17111 17111 E ActivityThread: 	at android.app.ActivityThread.access$1500(ActivityThread.java:226)
02-19 14:02:21.659 17111 17111 E ActivityThread: 	at android.app.ActivityThread$H.handleMessage(ActivityThread.java:1884)
02-19 14:02:21.659 17111 17111 E ActivityThread: 	at android.os.Handler.dispatchMessage(Handler.java:107)
02-19 14:02:21.659 17111 17111 E ActivityThread: 	at android.os.Looper.loop(Looper.java:214)
02-19 14:02:21.659 17111 17111 E ActivityThread: 	at android.app.ActivityThread.main(ActivityThread.java:7387)
02-19 14:02:21.659 17111 17111 E ActivityThread: 	at java.lang.reflect.Method.invoke(Native Method)
02-19 14:02:21.659 17111 17111 E ActivityThread: 	at com.android.internal.os.RuntimeInit$MethodAndArgsCaller.run(RuntimeInit.java:492)
02-19 14:02:21.659 17111 17111 E ActivityThread: 	at com.android.internal.os.ZygoteInit.main(ZygoteInit.java:930)
02-19 14:02:27.711  1006 22700 I chatty  : uid=1000(system) Binder:1006_1D expire 3 lines
02-19 14:02:52.198  1006 20113 I chatty  : uid=1000(system) Binder:1006_1B expire 3 lines
02-19 14:02:55.730  1006  9439 I chatty  : uid=1000(system) Binder:1006_13 expire 2 lines
02-19 14:03:00.369  1405  3709 W ContextImpl: Calling a method in the system process without a qualified user: android.app.ContextImpl.sendBroadcast:1057 android.content.ContextWrapper.sendBroadcast:448 X.Je.A00:155 X.Je.handleMessage:80 android.os.Handler.dispatchMessage:107 
02-19 14:04:02.065  1006  1094 I chatty  : uid=1000(system) AlarmManager expire 2 lines
02-19 14:04:02.201   807  3682 D TrackingService: Performing delayed transition to SLEEP
02-19 14:04:02.201   807  3682 D TrackingService: Setting power state to SLEEP
02-19 14:04:02.201   807  3682 I libtracker: Setting tracker power state to 0
02-19 14:04:02.201   807  1624 D libtracker: Entering ControllerGlue::stop()
02-19 14:04:02.201   807  1624 D libtracker: ControllerGlue: setting expected mode to Disabled
02-19 14:04:02.201   807  1624 D libtracker: ControllerGlue: Setting current mode to Disabled
02-19 14:04:02.201   807  1624 D libtracker: ControllerGlue: leave mode Streaming
02-19 14:04:02.201   807  1624 D libtracker: RemoteService::handleDeviceDisconnected - device 31fa5f7958920bd9
02-19 14:04:02.206   807  1624 I TrackingService: Unregistering primary remote 31fa5f7958920bd9 in slot 1
02-19 14:04:02.208   807  1624 D TrackingCore: TrackingDataPostProcessor: Unregistering 31fa5f7958920bd9
02-19 14:04:02.208   807  1624 D libtracker: RemoteService::handleDeviceDisconnected - device d9a2e25150bbd368
02-19 14:04:02.209   807  1624 I TrackingService: Unregistering primary remote d9a2e25150bbd368 in slot 0
02-19 14:04:02.210   807  1624 D TrackingCore: TrackingDataPostProcessor: Unregistering d9a2e25150bbd368
02-19 14:04:02.210   807  1624 D libtracker: ControllerGlue: Setting mode to Disabled
02-19 14:04:02.215   807  1624 D libtracker: ControllerGlue: enter mode Disabled
02-19 14:04:02.223   726  2798 I SyncBossFW: [info   ] {APPI}: Stopping input
02-19 14:04:02.294   726  2798 I SyncBossFW: [info   ] {APPI}: Disabling IMU
02-19 14:04:02.294   726  2798 I SyncBossFW: [info   ] {APPI}: Disabling magnetometer
02-19 14:04:02.294   726  2798 I SyncBossFW: [info   ] {APPI}: Disabling display timestamping
02-19 14:04:02.378   726   985 I SyncBossHAL: syncboss_hal_prox.c(41): INFO: Reporting prox event: system_down
02-19 14:04:03.092   807  1624 I libtracker: STANDBY -> SLEEP transition time: 891 ms
02-19 14:04:10.308  1405  3742 W ContextImpl: Calling a method in the system process without a qualified user: android.app.ContextImpl.sendBroadcast:1057 android.content.ContextWrapper.sendBroadcast:448 X.Je.A00:155 X.Je.handleMessage:80 android.os.Handler.dispatchMessage:107 
02-19 14:07:39.314  1006  1043 I chatty  : uid=1000(system) android.bg expire 2 lines
02-19 14:07:45.765  1405  3832 W ContextImpl: Calling a method in the system process without a qualified user: android.app.ContextImpl.sendBroadcast:1057 android.content.ContextWrapper.sendBroadcast:448 X.Je.A00:155 X.Je.handleMessage:80 android.os.Handler.dispatchMessage:107 
02-19 14:07:46.086  1006  3671 I chatty  : uid=1000(system) Binder:1006_C expire 6 lines
02-19 14:07:47.525  1405  3845 W ContextImpl: Calling a method in the system process without a qualified user: android.app.ContextImpl.sendBroadcast:1057 android.content.ContextWrapper.sendBroadcast:448 X.Je.A00:155 X.Je.handleMessage:80 android.os.Handler.dispatchMessage:107 
02-19 14:07:49.565  1405  3848 W ContextImpl: Calling a method in the system process without a qualified user: android.app.ContextImpl.sendBroadcast:1057 android.content.ContextWrapper.sendBroadcast:448 X.Je.A00:155 X.Je.handleMessage:80 android.os.Handler.dispatchMessage:107 
02-19 14:08:02.431  1006  9439 I chatty  : uid=1000(system) Binder:1006_13 expire 5 lines
02-19 14:08:18.729  1006  4877 I chatty  : uid=1000(system) Binder:1006_10 expire 6 lines
02-19 14:09:07.719  1006 15692 I chatty  : uid=1000(system) Binder:1006_1A expire 1 line
02-19 14:10:14.791  1006  1045 I chatty  : uid=1000(system) ActivityManager expire 1 line
02-19 14:10:15.396  1006  1038 I chatty  : uid=1000(system) android.display expire 4 lines
02-19 14:10:22.096   726   985 I SyncBossHAL: syncboss_hal_prox.c(41): INFO: Reporting prox event: system_up
02-19 14:10:22.098  1006  1006 I chatty  : uid=1000 system_server expire 2 lines
02-19 14:10:22.099   807   880 D TrackingService: Cancelling delayed transition to SLEEP
02-19 14:10:22.099  1006  1053 I chatty  : uid=1000(system) PowerManagerSer expire 5 lines
02-19 14:10:22.101   807   880 D TrackingService: Received transition request to RUNNING current is SLEEP
02-19 14:10:22.101   807   880 D TrackingService: Executing transition from SLEEP to STANDBY
02-19 14:10:22.101   807   880 D TrackingService: Setting power state to STANDBY
02-19 14:10:22.112  1006 20113 I chatty  : uid=1000(system) Binder:1006_1B expire 3 lines
02-19 14:10:22.121   807   880 I libtracker: Setting tracker power state to 1
02-19 14:10:22.338   726  4019 E SyncBossFW: {{;=n'7n]vwwng prox config version to 1
02-19 14:10:22.338   726  4019 E SyncBossFW: [info   ] {APPI}: prox_set_calibration called. on: 50, off: 35, cancellation: 4
02-19 14:10:22.338   726  4019 E SyncBossFW: [info   ] {VCNL}: Setting prox config: on: 50, off: 35, canc: 4
02-19 14:10:22.338   726  4019 E SyncBossFW: [info   ] {APPI}: Enabling prox sensor
02-19 14:10:22.338   726  4019 E SyncBossFW: [info   ] {WAKE}: Enab
02-19 14:10:22.339   726  4019 E SyncBossFW: ling prox wakeup
02-19 14:10:22.339   726  4019 E SyncBossFW: [info   ] {VCNL}: Setting prox config: on: 50, off: 35, canc: 4
02-19 14:10:22.345   726   726 I SyncBossHAL: syncboss_telemetry.c(90): INFO: Successfully loaded telmetry library (v11.0)
02-19 14:10:22.360   726   726 I SyncBossHAL: syncboss_hal_impl_common.c(184): INFO: Detected firmware version: v2.6.0. Built Nov  3 2020 18:25:02 by twsvcscm@sandcastle4826. with cc 4.8.5. Git SHA ba7a8b02bd1e
02-19 14:10:22.369   726  4019 I SyncBossFW: [info   ] {APPI}: Enabling display timestamping
02-19 14:10:22.369   726  4019 I SyncBossFW: [info   ] {APPI}: Enabling IMU
02-19 14:10:22.369   726  4019 I SyncBossFW: [info   ] {APPI}: Found 0 connected pulsar devices
02-19 14:10:22.370   807  1624 I libtracker: ConstellationTrackingGlue: setEnableExtendedDeadreckoning to false
02-19 14:10:22.373   807  1624 D libtracker: Entering ControllerGlue::start()
02-19 14:10:22.373   807  1624 D libtracker: ControllerGlue: setting expected mode to Streaming
02-19 14:10:22.373   807  1624 D libtracker: ControllerGlue: Setting current mode to Streaming
02-19 14:10:22.373   807  1624 D libtracker: ControllerGlue: leave mode Disabled
02-19 14:10:22.373   807  1624 D libtracker: ControllerGlue: Setting mode to Streaming
02-19 14:10:22.377   726   726 I SyncBossHAL: syncboss_hal_impl_input.c(246): INFO: No pulsar frequency blacklist set
02-19 14:10:22.377   726   726 I SyncBossHAL: syncboss_hal_impl_input.c(267): INFO: No AFH behavior specified, enabled by default
02-19 14:10:22.377   726   726 I SyncBossHAL: syncboss_hal_impl_input.c(300): INFO: Input device auto-whitelisting disabled
02-19 14:10:22.379   726  4019 I SyncBossFW: [info   ] {APPI}: Enabling magnetometer
02-19 14:10:22.379   726  4019 I SyncBossFW: [info   ] {APPI}: Enabling mag streaming.  Temperature comp enabled
02-19 14:10:22.382   807  1624 D libtracker: ControllerGlue: enter mode Streaming
02-19 14:10:22.382   807  1624 I libtracker: SLEEP -> STANDBY transition time: 261 ms
02-19 14:10:22.382   807   880 D TrackingService: Executing transition from STANDBY to RUNNING
02-19 14:10:22.383   807   880 D TrackingService: Setting power state to RUNNING
02-19 14:10:22.383   807   880 I libtracker: Setting tracker power state to 2
02-19 14:10:22.385   807  1624 I libtracker: Setting initial exposure: 0.005000, initial gain: 3.000000
02-19 14:10:22.389   726  4019 I SyncBossFW: [info   ] {WIHO}: Pulsar device auto-whitelisting disabled
02-19 14:10:22.389   726  4019 I SyncBossFW: [info   ] {APPI}: Starting input
02-19 14:10:22.400   726  4019 E SyncBossFW: [error  ] {CAM }: Frame tag mode is not enabled, cannot use this API.
02-19 14:10:22.405   726  4022 E SyncBossHAL: double_tap.cpp(67): ERROR: DoubleTap: Detected non-monotonic timestamp (310638 <= 249958952)
02-19 14:10:22.541   726  4019 I SyncBossFW: [info   ] {BCAM}: OV7251 sensors found - 0xf
02-19 14:10:22.561   726  4019 I SyncBossFW: [info   ] {APPI}: Camera probe, found: 0xf
02-19 14:10:22.570   726  4021 I SyncBossHAL: pulsar_manager.c(708): INFO: Setting controller LED config to period: 40000us, on-time: 34us
02-19 14:10:22.619   807  1624 D libtracker: VisionManagerHmd: Acquiring handleHandTrackingSettingChange lock
02-19 14:10:22.620   807  1624 D libtracker: VisionManagerHmd: Handling hand tracking setting enable
02-19 14:10:22.623   726  4019 I SyncBossFW: [info   ] {APPI}: Starting camera streaming
02-19 14:10:22.623   726  4019 I SyncBossFW: [info   ] {BCAM}: Camera streaming started
02-19 14:10:22.761   726   985 I SyncBossHAL: syncboss_hal_prox.c(41): INFO: Reporting prox event: prox_on
02-19 14:10:22.761   726  4019 I SyncBossFW: [info   ] {CMTH}: Good morning.  Prox is currently near
02-19 14:10:23.039   807 19025 I TrackingService: TrackingService::getSharedMemoryFileDescriptor
02-19 14:10:23.040   807 22019 I TrackingService: TrackingService::registerClient
02-19 14:10:23.040   807 22019 I TrackingService: Registering client with TrackingServiceHost (com.oculus.guardian#2580)
02-19 14:10:23.041   807 22019 I TrackingService: TrackingServiceHost GetSharedMemoryFileDescriptor for client com.oculus.guardian#2580
02-19 14:10:23.041   807 22019 I TrackingService: TrackingServiceHost registered common client; there are 0 secure clients
02-19 14:10:23.383   807   880 E libtracker: Power state transition timed out
02-19 14:10:23.399   807  1624 D libtracker: VisionManagerHmd: Releasing handleHandTrackingSettingChange lock
02-19 14:10:23.399   807  1624 I libtracker: STANDBY -> RUNNING transition time: 1016 ms
02-19 14:10:23.479   807   880 I TrackingService: TrackingService::getSharedMemoryFileDescriptor
02-19 14:10:23.480   807   880 I TrackingService: TrackingService::registerClient
02-19 14:10:23.481   807   880 I TrackingService: Registering client with TrackingServiceHost (com.beatgames.beatsaber#3903)
02-19 14:10:23.481   807   880 I TrackingService: TrackingServiceHost GetSharedMemoryFileDescriptor for client com.beatgames.beatsaber#3903
02-19 14:10:23.481   807   880 I TrackingService: TrackingServiceHost registered common client; there are 0 secure clients
02-19 14:10:23.694  1006 22700 I chatty  : uid=1000(system) Binder:1006_1D expire 1 line
02-19 14:10:23.880  1006 20113 I chatty  : uid=1000(system) Binder:1006_1B expire 1 line
02-19 14:10:23.920  1006  1038 I chatty  : uid=1000(system) android.display expire 12 lines
02-19 14:10:24.047  1006 15692 I chatty  : uid=1000(system) Binder:1006_1A expire 2 lines
02-19 14:10:24.233  1006  4877 I chatty  : uid=1000(system) Binder:1006_10 expire 1 line
02-19 14:10:24.267  1006  1036 I chatty  : uid=1000(system) android.ui expire 3 lines
02-19 14:10:24.335  1006  3671 I chatty  : uid=1000(system) Binder:1006_C expire 3 lines
02-19 14:10:24.339  1006  1026 I chatty  : uid=1000(system) Binder:1006_1 expire 2 lines
02-19 14:10:24.358   807   880 I TrackingService: Unregistering client by ITrackingService.unregisterClient
02-19 14:10:24.361   807   880 I TrackingService: TrackingServiceHost Unregistering client: com.beatgames.beatsaber#3903
02-19 14:10:24.462  1006  1006 I chatty  : uid=1000 system_server expire 1 line
02-19 14:10:24.545   807   880 I TrackingService: TrackingService::getSharedMemoryFileDescriptor
02-19 14:10:24.547   807   880 I TrackingService: TrackingService::registerClient
02-19 14:10:24.548   807   880 I TrackingService: Registering client with TrackingServiceHost (com.oculus.vrshell#2478)
02-19 14:10:24.548   807   880 I TrackingService: TrackingServiceHost GetSharedMemoryFileDescriptor for client com.oculus.vrshell#2478
02-19 14:10:24.548   807   880 I TrackingService: TrackingServiceHost registered common client; there are 0 secure clients
02-19 14:10:24.643   807   880 I TrackingService: TrackingService::getSharedMemoryFileDescriptor
02-19 14:10:24.647   807   880 I TrackingService: TrackingService::registerClient
02-19 14:10:24.650   807   880 I TrackingService: Registering client with TrackingServiceHost (com.oculus.shellenv#2384)
02-19 14:10:24.651   807   880 I TrackingService: TrackingServiceHost GetSharedMemoryFileDescriptor for client com.oculus.shellenv#2384
02-19 14:10:24.651   807   880 I TrackingService: TrackingServiceHost registered common client; there are 0 secure clients
02-19 14:10:25.011  1006  4852 I chatty  : uid=1000(system) Binder:1006_E expire 1 line
02-19 14:10:25.149  1006  9439 I chatty  : uid=1000(system) Binder:1006_13 expire 1 line
02-19 14:10:25.273  1006  4182 I chatty  : uid=1000 system_server expire 1 line
02-19 14:10:25.278  1006 22722 I chatty  : uid=1000(system) Binder:1006_1E expire 1 line
02-19 14:10:25.292  1006  1026 I chatty  : uid=1000(system) Binder:1006_1 expire 2 lines
02-19 14:10:25.334  1006 10951 I chatty  : uid=1000(system) Binder:1006_19 expire 1 line
02-19 14:10:25.344  1006  4819 I chatty  : uid=1000(system) Binder:1006_D expire 1 line
02-19 14:10:25.364  1006  3671 I chatty  : uid=1000(system) Binder:1006_C expire 1 line
02-19 14:10:25.383  1006  1038 I chatty  : uid=1000(system) android.display expire 5 lines
02-19 14:10:25.438  1006  1027 I chatty  : uid=1000(system) Binder:1006_2 expire 1 line
02-19 14:10:25.438  1006 10733 I chatty  : uid=1000(system) Binder:1006_18 expire 1 line
02-19 14:10:25.438  1006  4875 I chatty  : uid=1000(system) Binder:1006_F expire 1 line
02-19 14:10:25.439  1006  1114 I chatty  : uid=1000(system) ConnectivitySer expire 2 lines
02-19 14:10:25.439  1006 15692 I chatty  : uid=1000(system) Binder:1006_1A expire 1 line
02-19 14:10:25.449  1006 10308 I chatty  : uid=1000(system) Binder:1006_17 expire 1 line
02-19 14:10:25.474  1006  9236 I chatty  : uid=1000(system) Binder:1006_12 expire 1 line
02-19 14:10:25.600  1006  1006 I chatty  : uid=1000 system_server expire 3 lines
02-19 14:10:25.695   807   880 I TrackingService: TrackingService::registerClient
02-19 14:10:25.695   807   880 I TrackingService: Registering client with TrackingServiceHost (com.yur.fitquest#1815)
02-19 14:10:25.696   807   880 I TrackingService: TrackingServiceHost GetSharedMemoryFileDescriptor for client com.yur.fitquest#1815
02-19 14:10:25.697   807   880 I TrackingService: TrackingServiceHost registered common client; there are 0 secure clients
02-19 14:10:25.698   807   880 I TrackingService: TrackingService::getSharedMemoryFileDescriptor
02-19 14:10:25.962  1006  1036 I chatty  : uid=1000(system) android.ui expire 2 lines
02-19 14:10:25.964  1006  1038 I chatty  : uid=1000(system) android.display expire 1 line
02-19 14:10:26.106  1006 23938 I chatty  : uid=1000(system) Binder:1006_1F expire 5 lines
02-19 14:10:26.129  1006  1036 I chatty  : uid=1000(system) android.ui expire 5 lines
02-19 14:10:26.167  1006 20113 I chatty  : uid=1000(system) Binder:1006_1B expire 1 line
02-19 14:10:26.241  1006  1038 I chatty  : uid=1000(system) android.display expire 13 lines
02-19 14:10:26.335  1006  1374 I chatty  : uid=1000(system) Binder:1006_7 expire 2 lines
02-19 14:10:26.356  1006  9597 I chatty  : uid=1000(system) Binder:1006_14 expire 3 lines
02-19 14:10:26.776   726  4020 I SyncBossHAL: syncboss_hal_impl_input.c(675): INFO: Pulsar connected devices state change: 1
02-19 14:10:26.780   726  4020 I SyncBossHAL: syncboss_hal_impl_input.c(675): INFO: Pulsar connected devices state change: 2
02-19 14:10:26.784   726  4019 I SyncBossFW: [info   ] {WIHO}: Pulsar device connected 31fa5f7958920bd9 (type: 8011401, connection id: 0x1)
02-19 14:10:26.784   726  4019 I SyncBossFW: [info   ] {WIHO}: Pulsar device connected d9a2e25150bbd368 (type: 8001401, connection id: 0x2)
02-19 14:10:26.841   726  4021 I SyncBossHAL: pulsar_manager.c(421): INFO: 31fa5f79xxxxxxxx: Configuring IR LED to ontime = 34, period = 40000
02-19 14:10:26.847   726  4021 I SyncBossHAL: pulsar_manager.c(304): INFO: Finished getting cache data for controller
02-19 14:10:26.847   726  4021 I SyncBossHAL:     id            : 31fa5f79xxxxxxxx
02-19 14:10:26.847   726  4021 I SyncBossHAL:     pulsar_type   : 0x08011401
02-19 14:10:26.847   726  4021 I SyncBossHAL:     connection id : 0x1
02-19 14:10:26.847   726  4021 I SyncBossHAL:     fw ver        : 1.6.0
02-19 14:10:26.847   726  4021 I SyncBossHAL:     spl ver       : 1.5.0
02-19 14:10:26.847   726  4021 I SyncBossHAL:     serial        : 1WMHCR11LG0341
02-19 14:10:26.847   726  4021 I SyncBossHAL:     handedness    : right
02-19 14:10:26.847   726  4021 I SyncBossHAL:     battery state : 70%
02-19 14:10:26.847   726  4021 I SyncBossHAL: pulsar_manager.c(318): INFO: Jedi-specific cache data:
02-19 14:10:26.847   726  4021 I SyncBossHAL:     captouch ver  : 1.4.0
02-19 14:10:26.852   807  4026 D TrackingCore: TrackingDataPostProcessor: Registered 31fa5f7958920bd9
02-19 14:10:26.852   807  4026 I TrackingService: Registering primary controller 31fa5f7958920bd9 in slot 0
02-19 14:10:26.853   807  4026 I TrackingService: Notifying client com.oculus.systemdriver#1986 of new primary remote 31fa5f7958920bd9
02-19 14:10:26.853   807  4026 I TrackingService: Notifying client com.oculus.guardian#2580 of new primary remote 31fa5f7958920bd9
02-19 14:10:26.853   807  4026 I TrackingService: Notifying client com.oculus.mrservice#1510 of new primary remote 31fa5f7958920bd9
02-19 14:10:26.854   807  4026 I TrackingService: Notifying client /system/bin/mrsystemservice of new primary remote 31fa5f7958920bd9
02-19 14:10:26.854   807  4026 I TrackingService: Notifying client com.oculus.guardian#2580 of new primary remote 31fa5f7958920bd9
02-19 14:10:26.855   807  4026 I TrackingService: Notifying client com.oculus.vrshell#2478 of new primary remote 31fa5f7958920bd9
